Archive member included to satisfy reference by file (symbol)

c:/program files (x86)/atollic/truestudio for arm 8.0.0/armtools/bin/../lib/gcc/arm-atollic-eabi/6.3.1/../../../../arm-atollic-eabi/lib/armv6-m\libc_nano.a(lib_a-init.o)
                              startup\startup_stm32f091xc.o (__libc_init_array)
c:/program files (x86)/atollic/truestudio for arm 8.0.0/armtools/bin/../lib/gcc/arm-atollic-eabi/6.3.1/../../../../arm-atollic-eabi/lib/armv6-m\libc_nano.a(lib_a-malloc.o)
                              Source\Libraries\can\src\lib_can.o (malloc)
c:/program files (x86)/atollic/truestudio for arm 8.0.0/armtools/bin/../lib/gcc/arm-atollic-eabi/6.3.1/../../../../arm-atollic-eabi/lib/armv6-m\libc_nano.a(lib_a-memcpy-stub.o)
                              Drivers\STM32F0xx_HAL_Driver\Src\stm32f0xx_hal_rcc.o (memcpy)
c:/program files (x86)/atollic/truestudio for arm 8.0.0/armtools/bin/../lib/gcc/arm-atollic-eabi/6.3.1/../../../../arm-atollic-eabi/lib/armv6-m\libc_nano.a(lib_a-nano-freer.o)
                              c:/program files (x86)/atollic/truestudio for arm 8.0.0/armtools/bin/../lib/gcc/arm-atollic-eabi/6.3.1/../../../../arm-atollic-eabi/lib/armv6-m\libc_nano.a(lib_a-malloc.o) (_free_r)
c:/program files (x86)/atollic/truestudio for arm 8.0.0/armtools/bin/../lib/gcc/arm-atollic-eabi/6.3.1/../../../../arm-atollic-eabi/lib/armv6-m\libc_nano.a(lib_a-nano-mallocr.o)
                              c:/program files (x86)/atollic/truestudio for arm 8.0.0/armtools/bin/../lib/gcc/arm-atollic-eabi/6.3.1/../../../../arm-atollic-eabi/lib/armv6-m\libc_nano.a(lib_a-malloc.o) (_malloc_r)
c:/program files (x86)/atollic/truestudio for arm 8.0.0/armtools/bin/../lib/gcc/arm-atollic-eabi/6.3.1/../../../../arm-atollic-eabi/lib/armv6-m\libc_nano.a(lib_a-sbrkr.o)
                              c:/program files (x86)/atollic/truestudio for arm 8.0.0/armtools/bin/../lib/gcc/arm-atollic-eabi/6.3.1/../../../../arm-atollic-eabi/lib/armv6-m\libc_nano.a(lib_a-nano-mallocr.o) (_sbrk_r)
c:/program files (x86)/atollic/truestudio for arm 8.0.0/armtools/bin/../lib/gcc/arm-atollic-eabi/6.3.1/../../../../arm-atollic-eabi/lib/armv6-m\libc_nano.a(lib_a-impure.o)
                              c:/program files (x86)/atollic/truestudio for arm 8.0.0/armtools/bin/../lib/gcc/arm-atollic-eabi/6.3.1/../../../../arm-atollic-eabi/lib/armv6-m\libc_nano.a(lib_a-malloc.o) (_impure_ptr)
c:/program files (x86)/atollic/truestudio for arm 8.0.0/armtools/bin/../lib/gcc/arm-atollic-eabi/6.3.1/../../../../arm-atollic-eabi/lib/armv6-m\libc_nano.a(lib_a-mlock.o)
                              c:/program files (x86)/atollic/truestudio for arm 8.0.0/armtools/bin/../lib/gcc/arm-atollic-eabi/6.3.1/../../../../arm-atollic-eabi/lib/armv6-m\libc_nano.a(lib_a-nano-freer.o) (__malloc_lock)
c:/program files (x86)/atollic/truestudio for arm 8.0.0/armtools/bin/../lib/gcc/arm-atollic-eabi/6.3.1/../../../../arm-atollic-eabi/lib/armv6-m\libc_nano.a(lib_a-reent.o)
                              c:/program files (x86)/atollic/truestudio for arm 8.0.0/armtools/bin/../lib/gcc/arm-atollic-eabi/6.3.1/../../../../arm-atollic-eabi/lib/armv6-m\libc_nano.a(lib_a-sbrkr.o) (errno)
c:/program files (x86)/atollic/truestudio for arm 8.0.0/armtools/bin/../lib/gcc/arm-atollic-eabi/6.3.1/armv6-m\libgcc.a(_thumb1_case_uqi.o)
                              Drivers\STM32F0xx_HAL_Driver\Src\stm32f0xx_hal_dma.o (__gnu_thumb1_case_uqi)
c:/program files (x86)/atollic/truestudio for arm 8.0.0/armtools/bin/../lib/gcc/arm-atollic-eabi/6.3.1/armv6-m\libgcc.a(_udivsi3.o)
                              Drivers\STM32F0xx_HAL_Driver\Src\stm32f0xx_hal.o (__aeabi_uidiv)
c:/program files (x86)/atollic/truestudio for arm 8.0.0/armtools/bin/../lib/gcc/arm-atollic-eabi/6.3.1/armv6-m\libgcc.a(_dvmd_tls.o)
                              c:/program files (x86)/atollic/truestudio for arm 8.0.0/armtools/bin/../lib/gcc/arm-atollic-eabi/6.3.1/armv6-m\libgcc.a(_udivsi3.o) (__aeabi_idiv0)
c:/program files (x86)/atollic/truestudio for arm 8.0.0/armtools/bin/../lib/gcc/arm-atollic-eabi/6.3.1/armv6-m\libgcc.a(_lshrdi3.o)
                              Drivers\STM32F0xx_HAL_Driver\Src\stm32f0xx_hal_flash.o (__aeabi_llsr)
c:/program files (x86)/atollic/truestudio for arm 8.0.0/armtools/bin/../lib/gcc/arm-atollic-eabi/6.3.1/armv6-m\libgcc.a(addsf3.o)
                              Source\Libraries\can\src\lib_can.o (__aeabi_fadd)
c:/program files (x86)/atollic/truestudio for arm 8.0.0/armtools/bin/../lib/gcc/arm-atollic-eabi/6.3.1/armv6-m\libgcc.a(divsf3.o)
                              Source\Libraries\can\src\lib_can.o (__aeabi_fdiv)
c:/program files (x86)/atollic/truestudio for arm 8.0.0/armtools/bin/../lib/gcc/arm-atollic-eabi/6.3.1/armv6-m\libgcc.a(mulsf3.o)
                              Source\Libraries\can\src\lib_can.o (__aeabi_fmul)
c:/program files (x86)/atollic/truestudio for arm 8.0.0/armtools/bin/../lib/gcc/arm-atollic-eabi/6.3.1/armv6-m\libgcc.a(subsf3.o)
[...]
Memory Configuration

Name             Origin             Length             Attributes
RAM              0x20000000         0x00008000         xrw
FLASH            0x08000000         0x00020000         xr
*default*        0x00000000         0xffffffff

Linker script and memory map

LOAD c:/program files (x86)/atollic/truestudio for arm 8.0.0/armtools/bin/../lib/gcc/arm-atollic-eabi/6.3.1/armv6-m/crti.o
LOAD c:/program files (x86)/atollic/truestudio for arm 8.0.0/armtools/bin/../lib/gcc/arm-atollic-eabi/6.3.1/armv6-m/crtbegin.o
LOAD Drivers\STM32F0xx_HAL_Driver\Src\stm32f0xx_hal.o
LOAD Drivers\STM32F0xx_HAL_Driver\Src\stm32f0xx_hal_can.o
LOAD Drivers\STM32F0xx_HAL_Driver\Src\stm32f0xx_hal_cortex.o
LOAD Drivers\STM32F0xx_HAL_Driver\Src\stm32f0xx_hal_dma.o
LOAD Drivers\STM32F0xx_HAL_Driver\Src\stm32f0xx_hal_flash.o
LOAD Drivers\STM32F0xx_HAL_Driver\Src\stm32f0xx_hal_flash_ex.o
LOAD Drivers\STM32F0xx_HAL_Driver\Src\stm32f0xx_hal_gpio.o
LOAD Drivers\STM32F0xx_HAL_Driver\Src\stm32f0xx_hal_i2c.o
LOAD Drivers\STM32F0xx_HAL_Driver\Src\stm32f0xx_hal_i2c_ex.o
LOAD Drivers\STM32F0xx_HAL_Driver\Src\stm32f0xx_hal_pwr.o
LOAD Drivers\STM32F0xx_HAL_Driver\Src\stm32f0xx_hal_pwr_ex.o
LOAD Drivers\STM32F0xx_HAL_Driver\Src\stm32f0xx_hal_rcc.o
LOAD Drivers\STM32F0xx_HAL_Driver\Src\stm32f0xx_hal_rcc_ex.o
LOAD Drivers\STM32F0xx_HAL_Driver\Src\stm32f0xx_hal_spi.o
LOAD Drivers\STM32F0xx_HAL_Driver\Src\stm32f0xx_hal_spi_ex.o
LOAD Drivers\STM32F0xx_HAL_Driver\Src\stm32f0xx_hal_tim.o
LOAD Drivers\STM32F0xx_HAL_Driver\Src\stm32f0xx_hal_tim_ex.o
LOAD Source\Drivers\mpu6050\src\drv_mpu6050.o
LOAD Source\Drivers\mpu6050\src\drv_mpu6050_hal.o
LOAD Source\Drivers\rf24\Src\drv_rf24.o
LOAD Source\Drivers\rf24\Src\drv_rf24_hal.o
LOAD Source\Libraries\can\src\lib_can.o
LOAD Source\Libraries\fifo\src\fifo.o
LOAD Source\Libraries\irq\src\drv_irq.o
LOAD Source\Modules\src\m_acc.o
LOAD Source\Modules\src\m_gyr.o
LOAD Source\Modules\src\m_stop_light.o
LOAD Source\Modules\src\m_task_manager.o
LOAD Source\Modules\src\m_temp.o
LOAD Source\Modules\src\m_wireless.o
LOAD Src\can.o
LOAD Src\gpio.o
LOAD Src\main.o
LOAD Src\spi.o
LOAD Src\stm32f0xx_hal_msp.o
LOAD Src\stm32f0xx_it.o
LOAD Src\system_stm32f0xx.o
LOAD Src\tim.o
LOAD startup\startup_stm32f091xc.o
                0x00000080                malloc_getpagesize_P = 0x80
START GROUP
LOAD c:/program files (x86)/atollic/truestudio for arm 8.0.0/armtools/bin/../lib/gcc/arm-atollic-eabi/6.3.1/../../../../arm-atollic-eabi/lib/armv6-m\libc_nano.a
LOAD c:/program files (x86)/atollic/truestudio for arm 8.0.0/armtools/bin/../lib/gcc/arm-atollic-eabi/6.3.1/../../../../arm-atollic-eabi/lib/armv6-m\libm.a
END GROUP
START GROUP
LOAD c:/program files (x86)/atollic/truestudio for arm 8.0.0/armtools/bin/../lib/gcc/arm-atollic-eabi/6.3.1/armv6-m\libgcc.a
LOAD c:/program files (x86)/atollic/truestudio for arm 8.0.0/armtools/bin/../lib/gcc/arm-atollic-eabi/6.3.1/../../../../arm-atollic-eabi/lib/armv6-m\libc_nano.a
END GROUP
START GROUP
LOAD c:/program files (x86)/atollic/truestudio for arm 8.0.0/armtools/bin/../lib/gcc/arm-atollic-eabi/6.3.1/armv6-m\libgcc.a
LOAD c:/program files (x86)/atollic/truestudio for arm 8.0.0/armtools/bin/../lib/gcc/arm-atollic-eabi/6.3.1/../../../../arm-atollic-eabi/lib/armv6-m\libc_nano.a
LOAD c:/program files (x86)/atollic/truestudio for arm 8.0.0/armtools/bin/../lib/gcc/arm-atollic-eabi/6.3.1/../../../../arm-atollic-eabi/lib/armv6-m\libnosys.a
END GROUP
START GROUP
LOAD c:/program files (x86)/atollic/truestudio for arm 8.0.0/armtools/bin/../lib/gcc/arm-atollic-eabi/6.3.1/armv6-m\libgcc.a
LOAD c:/program files (x86)/atollic/truestudio for arm 8.0.0/armtools/bin/../lib/gcc/arm-atollic-eabi/6.3.1/../../../../arm-atollic-eabi/lib/armv6-m\libc_nano.a
LOAD c:/program files (x86)/atollic/truestudio for arm 8.0.0/armtools/bin/../lib/gcc/arm-atollic-eabi/6.3.1/../../../../arm-atollic-eabi/lib/armv6-m\libnosys.a
END GROUP
LOAD c:/program files (x86)/atollic/truestudio for arm 8.0.0/armtools/bin/../lib/gcc/arm-atollic-eabi/6.3.1/armv6-m/crtend.o
LOAD c:/program files (x86)/atollic/truestudio for arm 8.0.0/armtools/bin/../lib/gcc/arm-atollic-eabi/6.3.1/armv6-m/crtn.o
                0x20008000                _estack = 0x20008000
                0x00000200                _Min_Heap_Size = 0x200
                0x00000400                _Min_Stack_Size = 0x400

.isr_vector     0x08000000       0xbc
                0x08000000                . = ALIGN (0x4)
 *(.isr_vector)
 .isr_vector    0x08000000       0xbc startup\startup_stm32f091xc.o
                0x08000000                g_pfnVectors
                0x080000bc                . = ALIGN (0x4)

.text           0x080000bc     0x1aec
                0x080000bc                . = ALIGN (0x4)
 *(.text)
 .text          0x080000bc       0x48 c:/program files (x86)/atollic/truestudio for arm 8.0.0/armtools/bin/../lib/gcc/arm-atollic-eabi/6.3.1/armv6-m/crtbegin.o
 .text          0x08000104      0x114 c:/program files (x86)/atollic/truestudio for arm 8.0.0/armtools/bin/../lib/gcc/arm-atollic-eabi/6.3.1/armv6-m\libgcc.a(_udivsi3.o)
                0x08000104                __aeabi_uidiv
                0x08000104                __udivsi3
                0x08000210                __aeabi_uidivmod
 .text          0x08000218        0x4 c:/program files (x86)/atollic/truestudio for arm 8.0.0/armtools/bin/../lib/gcc/arm-atollic-eabi/6.3.1/armv6-m\libgcc.a(_dvmd_tls.o)
                0x08000218                __aeabi_idiv0
                0x08000218                __aeabi_ldiv0
 *(.text*)
 .text.HAL_InitTick
                0x0800021c       0x24 Drivers\STM32F0xx_HAL_Driver\Src\stm32f0xx_hal.o
                0x0800021c                HAL_InitTick
 .text.HAL_Init
                0x08000240       0x20 Drivers\STM32F0xx_HAL_Driver\Src\stm32f0xx_hal.o
                0x08000240                HAL_Init
 .text.HAL_IncTick
                0x08000260       0x10 Drivers\STM32F0xx_HAL_Driver\Src\stm32f0xx_hal.o
                0x08000260                HAL_IncTick
 .text.HAL_GetTick
                0x08000270        0xc Drivers\STM32F0xx_HAL_Driver\Src\stm32f0xx_hal.o
                0x08000270                HAL_GetTick
 .text.HAL_CAN_Init
                0x0800027c      0x13c Drivers\STM32F0xx_HAL_Driver\Src\stm32f0xx_hal_can.o
                0x0800027c                HAL_CAN_Init
 .text.HAL_CAN_Transmit_IT
                0x080003b8      0x100 Drivers\STM32F0xx_HAL_Driver\Src\stm32f0xx_hal_can.o
                0x080003b8                HAL_CAN_Transmit_IT
 .text.HAL_CAN_Receive_IT
                0x080004b8       0xbc Drivers\STM32F0xx_HAL_Driver\Src\stm32f0xx_hal_can.o
                0x080004b8                HAL_CAN_Receive_IT
 .text.CAN_Receive_IT
                0x08000574      0x10c Drivers\STM32F0xx_HAL_Driver\Src\stm32f0xx_hal_can.o
 .text.HAL_CAN_IRQHandler
                0x08000680      0x1e4 Drivers\STM32F0xx_HAL_Driver\Src\stm32f0xx_hal_can.o
                0x08000680                HAL_CAN_IRQHandler
 .text.HAL_NVIC_SetPriority
                0x08000864       0x60 Drivers\STM32F0xx_HAL_Driver\Src\stm32f0xx_hal_cortex.o
                0x08000864                HAL_NVIC_SetPriority
 .text.HAL_NVIC_EnableIRQ
                0x080008c4       0x14 Drivers\STM32F0xx_HAL_Driver\Src\stm32f0xx_hal_cortex.o
                0x080008c4                HAL_NVIC_EnableIRQ
 .text.HAL_SYSTICK_Config
                0x080008d8       0x34 Drivers\STM32F0xx_HAL_Driver\Src\stm32f0xx_hal_cortex.o
                0x080008d8                HAL_SYSTICK_Config
 .text.HAL_SYSTICK_CLKSourceConfig
                0x0800090c       0x1c Drivers\STM32F0xx_HAL_Driver\Src\stm32f0xx_hal_cortex.o
                0x0800090c                HAL_SYSTICK_CLKSourceConfig
 .text.HAL_SYSTICK_Callback
                0x08000928        0x2 Drivers\STM32F0xx_HAL_Driver\Src\stm32f0xx_hal_cortex.o
                0x08000928                HAL_SYSTICK_Callback
 .text.HAL_SYSTICK_IRQHandler
                0x0800092a        0x8 Drivers\STM32F0xx_HAL_Driver\Src\stm32f0xx_hal_cortex.o
                0x0800092a                HAL_SYSTICK_IRQHandler
 *fill*         0x08000932        0x2 
 .text.HAL_GPIO_Init
                0x08000934      0x178 Drivers\STM32F0xx_HAL_Driver\Src\stm32f0xx_hal_gpio.o
                0x08000934                HAL_GPIO_Init
 .text.HAL_GPIO_WritePin
                0x08000aac        0xc Drivers\STM32F0xx_HAL_Driver\Src\stm32f0xx_hal_gpio.o
                0x08000aac                HAL_GPIO_WritePin
 .text.HAL_RCC_OscConfig
                0x08000ab8      0x464 Drivers\STM32F0xx_HAL_Driver\Src\stm32f0xx_hal_rcc.o
                0x08000ab8                HAL_RCC_OscConfig
 .text.HAL_RCC_EnableCSS
                0x08000f1c       0x14 Drivers\STM32F0xx_HAL_Driver\Src\stm32f0xx_hal_rcc.o
                0x08000f1c                HAL_RCC_EnableCSS
 .text.HAL_RCC_GetSysClockFreq
                0x08000f30       0x78 Drivers\STM32F0xx_HAL_Driver\Src\stm32f0xx_hal_rcc.o
                0x08000f30                HAL_RCC_GetSysClockFreq
 .text.HAL_RCC_ClockConfig
                0x08000fa8      0x15c Drivers\STM32F0xx_HAL_Driver\Src\stm32f0xx_hal_rcc.o
                0x08000fa8                HAL_RCC_ClockConfig
 .text.HAL_RCC_GetHCLKFreq
                0x08001104        0xc Drivers\STM32F0xx_HAL_Driver\Src\stm32f0xx_hal_rcc.o
                0x08001104                HAL_RCC_GetHCLKFreq
 .text.HAL_RCC_CSSCallback
                0x08001110        0x2 Drivers\STM32F0xx_HAL_Driver\Src\stm32f0xx_hal_rcc.o
                0x08001110                HAL_RCC_CSSCallback
 *fill*         0x08001112        0x2 
 .text.HAL_RCC_NMI_IRQHandler
                0x08001114       0x20 Drivers\STM32F0xx_HAL_Driver\Src\stm32f0xx_hal_rcc.o
                0x08001114                HAL_RCC_NMI_IRQHandler
 .text.HAL_SPI_Init
                0x08001134       0xbc Drivers\STM32F0xx_HAL_Driver\Src\stm32f0xx_hal_spi.o
                0x08001134                HAL_SPI_Init
 .text.HAL_TIM_OC_DelayElapsedCallback
                0x080011f0        0x2 Drivers\STM32F0xx_HAL_Driver\Src\stm32f0xx_hal_tim.o
                0x080011f0                HAL_TIM_OC_DelayElapsedCallback
 .text.HAL_TIM_IC_CaptureCallback
                0x080011f2        0x2 Drivers\STM32F0xx_HAL_Driver\Src\stm32f0xx_hal_tim.o
                0x080011f2                HAL_TIM_IC_CaptureCallback
 .text.HAL_TIM_PWM_PulseFinishedCallback
                0x080011f4        0x2 Drivers\STM32F0xx_HAL_Driver\Src\stm32f0xx_hal_tim.o
                0x080011f4                HAL_TIM_PWM_PulseFinishedCallback
 .text.HAL_TIM_TriggerCallback
                0x080011f6        0x2 Drivers\STM32F0xx_HAL_Driver\Src\stm32f0xx_hal_tim.o
                0x080011f6                HAL_TIM_TriggerCallback
 .text.HAL_TIM_IRQHandler
                0x080011f8      0x148 Drivers\STM32F0xx_HAL_Driver\Src\stm32f0xx_hal_tim.o
                0x080011f8                HAL_TIM_IRQHandler
 .text.TIM_Base_SetConfig
                0x08001340       0xa0 Drivers\STM32F0xx_HAL_Driver\Src\stm32f0xx_hal_tim.o
                0x08001340                TIM_Base_SetConfig
 .text.HAL_TIM_Base_Init
                0x080013e0       0x36 Drivers\STM32F0xx_HAL_Driver\Src\stm32f0xx_hal_tim.o
                0x080013e0                HAL_TIM_Base_Init
 .text.HAL_TIMEx_CommutationCallback
                0x08001416        0x2 Drivers\STM32F0xx_HAL_Driver\Src\stm32f0xx_hal_tim_ex.o
                0x08001416                HAL_TIMEx_CommutationCallback
 .text.HAL_TIMEx_BreakCallback
                0x08001418        0x2 Drivers\STM32F0xx_HAL_Driver\Src\stm32f0xx_hal_tim_ex.o
                0x08001418                HAL_TIMEx_BreakCallback
 *fill*         0x0800141a        0x2 
 .text.lib_can_find_and_handle_event
                0x0800141c       0x44 Source\Libraries\can\src\lib_can.o
                0x0800141c                lib_can_find_and_handle_event
 .text.HAL_CAN_RxCpltCallback
                0x08001460       0xd8 Source\Libraries\can\src\lib_can.o
                0x08001460                HAL_CAN_RxCpltCallback
 .text.HAL_CAN_TxCpltCallback
                0x08001538       0x40 Source\Libraries\can\src\lib_can.o
                0x08001538                HAL_CAN_TxCpltCallback
 .text.HAL_CAN_ErrorCallback
                0x08001578       0x18 Source\Libraries\can\src\lib_can.o
                0x08001578                HAL_CAN_ErrorCallback
 .text.Fifo_PullElement
                0x08001590       0x34 Source\Libraries\fifo\src\fifo.o
                0x08001590                Fifo_PullElement
 .text.Fifo_PushElement
                0x080015c4       0x34 Source\Libraries\fifo\src\fifo.o
                0x080015c4                Fifo_PushElement
 .text.HAL_TIM_PeriodElapsedCallback
                0x080015f8       0x18 Source\Modules\src\m_task_manager.o
                0x080015f8                HAL_TIM_PeriodElapsedCallback
 .text.MX_CAN_Init
                0x08001610       0x50 Src\can.o
                0x08001610                MX_CAN_Init
 .text.HAL_CAN_MspInit
                0x08001660       0x5c Src\can.o
                0x08001660                HAL_CAN_MspInit
 .text.MX_GPIO_Init
                0x080016bc       0xac Src\gpio.o
                0x080016bc                MX_GPIO_Init
 .text.SystemClock_Config
                0x08001768       0x6e Src\main.o
                0x08001768                SystemClock_Config
 .text.startup.main
                0x080017d6       0x24 Src\main.o
                0x080017d6                main
 .text._Error_Handler
                0x080017fa        0x2 Src\main.o
                0x080017fa                _Error_Handler
 .text.MX_SPI1_Init
                0x080017fc       0x54 Src\spi.o
                0x080017fc                MX_SPI1_Init
 .text.HAL_SPI_MspInit
                0x08001850       0x48 Src\spi.o
                0x08001850                HAL_SPI_MspInit
 .text.HAL_MspInit
                0x08001898       0x3c Src\stm32f0xx_hal_msp.o
                0x08001898                HAL_MspInit
 .text.NMI_Handler
                0x080018d4        0x8 Src\stm32f0xx_it.o
                0x080018d4                NMI_Handler
 .text.HardFault_Handler
                0x080018dc        0x2 Src\stm32f0xx_it.o
                0x080018dc                HardFault_Handler
 .text.SVC_Handler
                0x080018de        0x2 Src\stm32f0xx_it.o
                0x080018de                SVC_Handler
 .text.PendSV_Handler
                0x080018e0        0x2 Src\stm32f0xx_it.o
                0x080018e0                PendSV_Handler
 .text.SysTick_Handler
                0x080018e2        0xc Src\stm32f0xx_it.o
                0x080018e2                SysTick_Handler
 *fill*         0x080018ee        0x2 
 .text.TIM14_IRQHandler
                0x080018f0       0x10 Src\stm32f0xx_it.o
                0x080018f0                TIM14_IRQHandler
 .text.TIM16_IRQHandler
                0x08001900       0x10 Src\stm32f0xx_it.o
                0x08001900                TIM16_IRQHandler
 .text.TIM17_IRQHandler
                0x08001910       0x10 Src\stm32f0xx_it.o
                0x08001910                TIM17_IRQHandler
 .text.CEC_CAN_IRQHandler
                0x08001920       0x10 Src\stm32f0xx_it.o
                0x08001920                CEC_CAN_IRQHandler
 .text.SystemInit
                0x08001930       0x60 Src\system_stm32f0xx.o
                0x08001930                SystemInit
 .text.MX_TIM14_Init
                0x08001990       0x40 Src\tim.o
                0x08001990                MX_TIM14_Init
 .text.MX_TIM16_Init
                0x080019d0       0x40 Src\tim.o
                0x080019d0                MX_TIM16_Init
 .text.MX_TIM17_Init
                0x08001a10       0x3c Src\tim.o
                0x08001a10                MX_TIM17_Init
 .text.HAL_TIM_Base_MspInit
                0x08001a4c       0x94 Src\tim.o
                0x08001a4c                HAL_TIM_Base_MspInit
 .text.Reset_Handler
                0x08001ae0       0x50 startup\startup_stm32f091xc.o
                0x08001ae0                Reset_Handler
 .text.Default_Handler
                0x08001b30        0x2 startup\startup_stm32f091xc.o
                0x08001b30                TIM1_CC_IRQHandler
                0x08001b30                TSC_IRQHandler
                0x08001b30                ADC1_COMP_IRQHandler
                0x08001b30                I2C1_IRQHandler
                0x08001b30                RCC_CRS_IRQHandler
                0x08001b30                SPI1_IRQHandler
                0x08001b30                TIM6_DAC_IRQHandler
                0x08001b30                DMA1_Ch1_IRQHandler
                0x08001b30                EXTI2_3_IRQHandler
                0x08001b30                I2C2_IRQHandler
                0x08001b30                RTC_IRQHandler
                0x08001b30                PVD_VDDIO2_IRQHandler
                0x08001b30                TIM3_IRQHandler
                0x08001b30                EXTI4_15_IRQHandler
                0x08001b30                USART3_8_IRQHandler
                0x08001b30                Default_Handler
                0x08001b30                TIM7_IRQHandler
                0x08001b30                TIM15_IRQHandler
                0x08001b30                EXTI0_1_IRQHandler
                0x08001b30                SPI2_IRQHandler
                0x08001b30                DMA1_Ch2_3_DMA2_Ch1_2_IRQHandler
                0x08001b30                DMA1_Ch4_7_DMA2_Ch3_5_IRQHandler
                0x08001b30                WWDG_IRQHandler
                0x08001b30                TIM2_IRQHandler
                0x08001b30                USART2_IRQHandler
                0x08001b30                FLASH_IRQHandler
                0x08001b30                USART1_IRQHandler
                0x08001b30                TIM1_BRK_UP_TRG_COM_IRQHandler
 *fill*         0x08001b32        0x2 
 .text.__libc_init_array
                0x08001b34       0x48 c:/program files (x86)/atollic/truestudio for arm 8.0.0/armtools/bin/../lib/gcc/arm-atollic-eabi/6.3.1/../../../../arm-atollic-eabi/lib/armv6-m\libc_nano.a(lib_a-init.o)
                0x08001b34                __libc_init_array
 .text.memcpy   0x08001b7c       0x12 c:/program files (x86)/atollic/truestudio for arm 8.0.0/armtools/bin/../lib/gcc/arm-atollic-eabi/6.3.1/../../../../arm-atollic-eabi/lib/armv6-m\libc_nano.a(lib_a-memcpy-stub.o)
                0x08001b7c                memcpy
 *(.glue_7)
 .glue_7        0x08001b8e        0x0 linker stubs
 *(.glue_7t)
 .glue_7t       0x08001b8e        0x0 linker stubs
 *(.eh_frame)
 *fill*         0x08001b8e        0x2 
 .eh_frame      0x08001b90        0x0 c:/program files (x86)/atollic/truestudio for arm 8.0.0/armtools/bin/../lib/gcc/arm-atollic-eabi/6.3.1/armv6-m/crtbegin.o
 *(.init)
 .init          0x08001b90        0x4 c:/program files (x86)/atollic/truestudio for arm 8.0.0/armtools/bin/../lib/gcc/arm-atollic-eabi/6.3.1/armv6-m/crti.o
                0x08001b90                _init
 .init          0x08001b94        0x8 c:/program files (x86)/atollic/truestudio for arm 8.0.0/armtools/bin/../lib/gcc/arm-atollic-eabi/6.3.1/armv6-m/crtn.o
 *(.fini)
 .fini          0x08001b9c        0x4 c:/program files (x86)/atollic/truestudio for arm 8.0.0/armtools/bin/../lib/gcc/arm-atollic-eabi/6.3.1/armv6-m/crti.o
                0x08001b9c                _fini
 .fini          0x08001ba0        0x8 c:/program files (x86)/atollic/truestudio for arm 8.0.0/armtools/bin/../lib/gcc/arm-atollic-eabi/6.3.1/armv6-m/crtn.o
                0x08001ba8                . = ALIGN (0x4)
                0x08001ba8                _etext = .

.vfp11_veneer   0x08001ba8        0x0
 .vfp11_veneer  0x08001ba8        0x0 linker stubs

.v4_bx          0x08001ba8        0x0
 .v4_bx         0x08001ba8        0x0 linker stubs

.iplt           0x08001ba8        0x0
 .iplt          0x08001ba8        0x0 c:/program files (x86)/atollic/truestudio for arm 8.0.0/armtools/bin/../lib/gcc/arm-atollic-eabi/6.3.1/armv6-m/crtbegin.o

.rodata         0x08001ba8       0x58
                0x08001ba8                . = ALIGN (0x4)
 *(.rodata)
 .rodata        0x08001ba8       0x20 Drivers\STM32F0xx_HAL_Driver\Src\stm32f0xx_hal_rcc.o
 *(.rodata*)
 .rodata.MX_CAN_Init.str1.1
                0x08001bc8        0xd Src\can.o
 .rodata.MX_SPI1_Init.str1.1
                0x08001bd5        0xd Src\spi.o
 .rodata.AHBPrescTable
                0x08001be2       0x10 Src\system_stm32f0xx.o
                0x08001be2                AHBPrescTable
 .rodata.MX_TIM14_Init.str1.1
                0x08001bf2        0xd Src\tim.o
                0x08001c00                . = ALIGN (0x4)
 *fill*         0x08001bff        0x1 

.rel.dyn        0x08001c00        0x0
 .rel.iplt      0x08001c00        0x0 c:/program files (x86)/atollic/truestudio for arm 8.0.0/armtools/bin/../lib/gcc/arm-atollic-eabi/6.3.1/armv6-m/crtbegin.o

.ARM.extab
 *(.ARM.extab* .gnu.linkonce.armextab.*)

.ARM            0x08001c00        0x0
                0x08001c00                __exidx_start = .
 *(.ARM.exidx*)
                0x08001c00                __exidx_end = .

.preinit_array  0x08001c00        0x0
                0x08001c00                PROVIDE (__preinit_array_start, .)
 *(.preinit_array*)
                0x08001c00                PROVIDE (__preinit_array_end, .)

.init_array     0x08001c00        0x4
                0x08001c00                PROVIDE (__init_array_start, .)
 *(SORT(.init_array.*))
 *(.init_array*)
 .init_array    0x08001c00        0x4 c:/program files (x86)/atollic/truestudio for arm 8.0.0/armtools/bin/../lib/gcc/arm-atollic-eabi/6.3.1/armv6-m/crtbegin.o
                0x08001c04                PROVIDE (__init_array_end, .)

.fini_array     0x08001c04        0x4
                [!provide]                PROVIDE (__fini_array_start, .)
 *(SORT(.fini_array.*))
 *(.fini_array*)
 .fini_array    0x08001c04        0x4 c:/program files (x86)/atollic/truestudio for arm 8.0.0/armtools/bin/../lib/gcc/arm-atollic-eabi/6.3.1/armv6-m/crtbegin.o
                [!provide]                PROVIDE (__fini_array_end, .)
                0x08001c08                _sidata = LOADADDR (.data)

.data           0x20000000        0x4 load address 0x08001c08
                0x20000000                . = ALIGN (0x4)
                0x20000000                _sdata = .
 *(.data)
 *(.data*)
 .data.SystemCoreClock
                0x20000000        0x4 Src\system_stm32f0xx.o
                0x20000000                SystemCoreClock
                0x20000004                . = ALIGN (0x4)
                0x20000004                _edata = .

.igot.plt       0x20000004        0x0 load address 0x08001c0c
 .igot.plt      0x20000004        0x0 c:/program files (x86)/atollic/truestudio for arm 8.0.0/armtools/bin/../lib/gcc/arm-atollic-eabi/6.3.1/armv6-m/crtbegin.o
                0x20000004                . = ALIGN (0x4)

.bss            0x20000004      0x234 load address 0x08001c0c
                0x20000004                _sbss = .
                0x20000004                __bss_start__ = _sbss
 *(.bss)
 .bss           0x20000004       0x1c c:/program files (x86)/atollic/truestudio for arm 8.0.0/armtools/bin/../lib/gcc/arm-atollic-eabi/6.3.1/armv6-m/crtbegin.o
 *(.bss*)
 .bss.rx_message
                0x20000020       0x50 Source\Libraries\can\src\lib_can.o
 .bss.s_lib_can_rx_evt_data_count
                0x20000070        0x1 Source\Libraries\can\src\lib_can.o
 *fill*         0x20000071        0x3 
 .bss.s_lib_can_rx_evt_data_list
                0x20000074       0x18 Source\Libraries\can\src\lib_can.o
 .bss.s_rx_fifo
                0x2000008c       0x1c Source\Libraries\can\src\lib_can.o
 .bss.s_tx_fifo
                0x200000a8       0x1c Source\Libraries\can\src\lib_can.o
 .bss.sv_tx_ongoing_count
                0x200000c4        0x1 Source\Libraries\can\src\lib_can.o
 *fill*         0x200000c5        0x3 
 .bss.can_handler
                0x200000c8        0x4 Source\Modules\src\m_task_manager.o
 *(COMMON)
 COMMON         0x200000cc        0x4 Drivers\STM32F0xx_HAL_Driver\Src\stm32f0xx_hal.o
                0x200000cc                uwTick
 COMMON         0x200000d0       0x44 Src\can.o
                0x200000d0                hcan
 COMMON         0x20000114       0x64 Src\spi.o
                0x20000114                hspi1
 COMMON         0x20000178       0xc0 Src\tim.o
                0x20000178                htim17
                0x200001b8                htim14
                0x200001f8                htim16
                0x20000238                . = ALIGN (0x4)
                0x20000238                _ebss = .
                0x20000238                __bss_end__ = _ebss

._user_heap_stack
                0x20000238      0x600 load address 0x08001c0c
                0x20000238                . = ALIGN (0x4)
                0x20000238                PROVIDE (end, .)
                [!provide]                PROVIDE (_end, .)
                0x20000438                . = (. + _Min_Heap_Size)
 *fill*         0x20000238      0x200 
                0x20000838                . = (. + _Min_Stack_Size)
 *fill*         0x20000438      0x400 
                0x20000838                . = ALIGN (0x4)

/DISCARD/
 libc.a(*)
 libm.a(*)
 libgcc.a(*)

.ARM.attributes
                0x00000000       0x28
 *(.ARM.attributes)
 .ARM.attributes
                0x00000000       0x1e c:/program files (x86)/atollic/truestudio for arm 8.0.0/armtools/bin/../lib/gcc/arm-atollic-eabi/6.3.1/armv6-m/crti.o
 .ARM.attributes
                0x0000001e       0x2c c:/program files (x86)/atollic/truestudio for arm 8.0.0/armtools/bin/../lib/gcc/arm-atollic-eabi/6.3.1/armv6-m/crtbegin.o
 .ARM.attributes
                0x0000004a       0x31 Drivers\STM32F0xx_HAL_Driver\Src\stm32f0xx_hal.o
 .ARM.attributes
                0x0000007b       0x31 Drivers\STM32F0xx_HAL_Driver\Src\stm32f0xx_hal_can.o
 .ARM.attributes
                0x000000ac       0x31 Drivers\STM32F0xx_HAL_Driver\Src\stm32f0xx_hal_cortex.o
 .ARM.attributes
                0x000000dd       0x31 Drivers\STM32F0xx_HAL_Driver\Src\stm32f0xx_hal_gpio.o
 .ARM.attributes
                0x0000010e       0x31 Drivers\STM32F0xx_HAL_Driver\Src\stm32f0xx_hal_rcc.o
 .ARM.attributes
                0x0000013f       0x31 Drivers\STM32F0xx_HAL_Driver\Src\stm32f0xx_hal_spi.o
 .ARM.attributes
                0x00000170       0x31 Drivers\STM32F0xx_HAL_Driver\Src\stm32f0xx_hal_tim.o
 .ARM.attributes
                0x000001a1       0x31 Drivers\STM32F0xx_HAL_Driver\Src\stm32f0xx_hal_tim_ex.o
 .ARM.attributes
                0x000001d2       0x31 Source\Libraries\can\src\lib_can.o
 .ARM.attributes
                0x00000203       0x31 Source\Libraries\fifo\src\fifo.o
 .ARM.attributes
                0x00000234       0x31 Source\Modules\src\m_task_manager.o
 .ARM.attributes
                0x00000265       0x31 Src\can.o
 .ARM.attributes
                0x00000296       0x31 Src\gpio.o
 .ARM.attributes
                0x000002c7       0x31 Src\main.o
 .ARM.attributes
                0x000002f8       0x31 Src\spi.o
 .ARM.attributes
                0x00000329       0x31 Src\stm32f0xx_hal_msp.o
 .ARM.attributes
                0x0000035a       0x31 Src\stm32f0xx_it.o
 .ARM.attributes
                0x0000038b       0x31 Src\system_stm32f0xx.o
 .ARM.attributes
                0x000003bc       0x31 Src\tim.o
 .ARM.attributes
                0x000003ed       0x21 startup\startup_stm32f091xc.o
 .ARM.attributes
                0x0000040e       0x2c c:/program files (x86)/atollic/truestudio for arm 8.0.0/armtools/bin/../lib/gcc/arm-atollic-eabi/6.3.1/../../../../arm-atollic-eabi/lib/armv6-m\libc_nano.a(lib_a-init.o)
 .ARM.attributes
                0x0000043a       0x2c c:/program files (x86)/atollic/truestudio for arm 8.0.0/armtools/bin/../lib/gcc/arm-atollic-eabi/6.3.1/../../../../arm-atollic-eabi/lib/armv6-m\libc_nano.a(lib_a-memcpy-stub.o)
 .ARM.attributes
                0x00000466       0x1e c:/program files (x86)/atollic/truestudio for arm 8.0.0/armtools/bin/../lib/gcc/arm-atollic-eabi/6.3.1/armv6-m\libgcc.a(_udivsi3.o)
 .ARM.attributes
                0x00000484       0x1e c:/program files (x86)/atollic/truestudio for arm 8.0.0/armtools/bin/../lib/gcc/arm-atollic-eabi/6.3.1/armv6-m\libgcc.a(_dvmd_tls.o)
 .ARM.attributes
                0x000004a2       0x1e c:/program files (x86)/atollic/truestudio for arm 8.0.0/armtools/bin/../lib/gcc/arm-atollic-eabi/6.3.1/armv6-m/crtn.o
OUTPUT(Telemetry.elf elf32-littlearm)

.debug_info     0x00000000    0x1922c
 .debug_info    0x00000000      0xe7e Drivers\STM32F0xx_HAL_Driver\Src\stm32f0xx_hal.o
 .debug_info    0x00000e7e     0x13df Drivers\STM32F0xx_HAL_Driver\Src\stm32f0xx_hal_can.o
 .debug_info    0x0000225d     0x101d Drivers\STM32F0xx_HAL_Driver\Src\stm32f0xx_hal_cortex.o
 .debug_info    0x0000327a      0xe9b Drivers\STM32F0xx_HAL_Driver\Src\stm32f0xx_hal_gpio.o
 .debug_info    0x00004115     0x11b6 Drivers\STM32F0xx_HAL_Driver\Src\stm32f0xx_hal_rcc.o
 .debug_info    0x000052cb     0x27a2 Drivers\STM32F0xx_HAL_Driver\Src\stm32f0xx_hal_spi.o
 .debug_info    0x00007a6d     0x3c33 Drivers\STM32F0xx_HAL_Driver\Src\stm32f0xx_hal_tim.o
 .debug_info    0x0000b6a0     0x1a2c Drivers\STM32F0xx_HAL_Driver\Src\stm32f0xx_hal_tim_ex.o
 .debug_info    0x0000d0cc     0x1ea9 Source\Libraries\can\src\lib_can.o
 .debug_info    0x0000ef75      0xaa6 Source\Libraries\fifo\src\fifo.o
 .debug_info    0x0000fa1b     0x1331 Source\Modules\src\m_task_manager.o
 .debug_info    0x00010d4c     0x126b Src\can.o
 .debug_info    0x00011fb7      0xc2c Src\gpio.o
 .debug_info    0x00012be3     0x1991 Src\main.o
 .debug_info    0x00014574     0x10fd Src\spi.o
 .debug_info    0x00015671      0xb4c Src\stm32f0xx_hal_msp.o
 .debug_info    0x000161bd     0x13ad Src\stm32f0xx_it.o
 .debug_info    0x0001756a      0xa67 Src\system_stm32f0xx.o
 .debug_info    0x00017fd1     0x11d7 Src\tim.o
 .debug_info    0x000191a8       0x84 startup\startup_stm32f091xc.o

.debug_abbrev   0x00000000     0x316a
 .debug_abbrev  0x00000000      0x2d1 Drivers\STM32F0xx_HAL_Driver\Src\stm32f0xx_hal.o
 .debug_abbrev  0x000002d1      0x2fe Drivers\STM32F0xx_HAL_Driver\Src\stm32f0xx_hal_can.o
 .debug_abbrev  0x000005cf      0x30a Drivers\STM32F0xx_HAL_Driver\Src\stm32f0xx_hal_cortex.o
 .debug_abbrev  0x000008d9      0x275 Drivers\STM32F0xx_HAL_Driver\Src\stm32f0xx_hal_gpio.o
 .debug_abbrev  0x00000b4e      0x2ea Drivers\STM32F0xx_HAL_Driver\Src\stm32f0xx_hal_rcc.o
 .debug_abbrev  0x00000e38      0x3b2 Drivers\STM32F0xx_HAL_Driver\Src\stm32f0xx_hal_spi.o
 .debug_abbrev  0x000011ea      0x3a5 Drivers\STM32F0xx_HAL_Driver\Src\stm32f0xx_hal_tim.o
 .debug_abbrev  0x0000158f      0x30d Drivers\STM32F0xx_HAL_Driver\Src\stm32f0xx_hal_tim_ex.o
 .debug_abbrev  0x0000189c      0x36d Source\Libraries\can\src\lib_can.o
 .debug_abbrev  0x00001c09      0x201 Source\Libraries\fifo\src\fifo.o
 .debug_abbrev  0x00001e0a      0x238 Source\Modules\src\m_task_manager.o
 .debug_abbrev  0x00002042      0x23e Src\can.o
 .debug_abbrev  0x00002280      0x1ec Src\gpio.o
 .debug_abbrev  0x0000246c      0x299 Src\main.o
 .debug_abbrev  0x00002705      0x219 Src\spi.o
 .debug_abbrev  0x0000291e      0x1f5 Src\stm32f0xx_hal_msp.o
 .debug_abbrev  0x00002b13      0x23f Src\stm32f0xx_it.o
 .debug_abbrev  0x00002d52      0x1ca Src\system_stm32f0xx.o
 .debug_abbrev  0x00002f1c      0x23c Src\tim.o
 .debug_abbrev  0x00003158       0x12 startup\startup_stm32f091xc.o

.debug_loc      0x00000000     0x8442
 .debug_loc     0x00000000       0x7c Drivers\STM32F0xx_HAL_Driver\Src\stm32f0xx_hal.o
 .debug_loc     0x0000007c      0x7a3 Drivers\STM32F0xx_HAL_Driver\Src\stm32f0xx_hal_can.o
 .debug_loc     0x0000081f      0x3cc Drivers\STM32F0xx_HAL_Driver\Src\stm32f0xx_hal_cortex.o
 .debug_loc     0x00000beb      0x322 Drivers\STM32F0xx_HAL_Driver\Src\stm32f0xx_hal_gpio.o
 .debug_loc     0x00000f0d      0x4cb Drivers\STM32F0xx_HAL_Driver\Src\stm32f0xx_hal_rcc.o
 .debug_loc     0x000013d8     0x1916 Drivers\STM32F0xx_HAL_Driver\Src\stm32f0xx_hal_spi.o
 .debug_loc     0x00002cee     0x3b44 Drivers\STM32F0xx_HAL_Driver\Src\stm32f0xx_hal_tim.o
 .debug_loc     0x00006832      0xcc7 Drivers\STM32F0xx_HAL_Driver\Src\stm32f0xx_hal_tim_ex.o
 .debug_loc     0x000074f9      0xbc4 Source\Libraries\can\src\lib_can.o
 .debug_loc     0x000080bd      0x153 Source\Libraries\fifo\src\fifo.o
 .debug_loc     0x00008210       0x21 Source\Modules\src\m_task_manager.o
 .debug_loc     0x00008231       0x42 Src\can.o
 .debug_loc     0x00008273       0x42 Src\spi.o
 .debug_loc     0x000082b5       0xe7 Src\system_stm32f0xx.o
 .debug_loc     0x0000839c       0xa6 Src\tim.o

.debug_aranges  0x00000000      0xa28
 .debug_aranges
                0x00000000       0xb0 Drivers\STM32F0xx_HAL_Driver\Src\stm32f0xx_hal.o
 .debug_aranges
                0x000000b0       0x88 Drivers\STM32F0xx_HAL_Driver\Src\stm32f0xx_hal_can.o
 .debug_aranges
                0x00000138       0x78 Drivers\STM32F0xx_HAL_Driver\Src\stm32f0xx_hal_cortex.o
 .debug_aranges
                0x000001b0       0x58 Drivers\STM32F0xx_HAL_Driver\Src\stm32f0xx_hal_gpio.o
 .debug_aranges
                0x00000208       0x80 Drivers\STM32F0xx_HAL_Driver\Src\stm32f0xx_hal_rcc.o
 .debug_aranges
                0x00000288      0x198 Drivers\STM32F0xx_HAL_Driver\Src\stm32f0xx_hal_spi.o
 .debug_aranges
                0x00000420      0x268 Drivers\STM32F0xx_HAL_Driver\Src\stm32f0xx_hal_tim.o
 .debug_aranges
                0x00000688       0xf8 Drivers\STM32F0xx_HAL_Driver\Src\stm32f0xx_hal_tim_ex.o
 .debug_aranges
                0x00000780       0x90 Source\Libraries\can\src\lib_can.o
 .debug_aranges
                0x00000810       0x38 Source\Libraries\fifo\src\fifo.o
 .debug_aranges
                0x00000848       0x28 Source\Modules\src\m_task_manager.o
 .debug_aranges
                0x00000870       0x30 Src\can.o
 .debug_aranges
                0x000008a0       0x20 Src\gpio.o
 .debug_aranges
                0x000008c0       0x30 Src\main.o
 .debug_aranges
                0x000008f0       0x30 Src\spi.o
 .debug_aranges
                0x00000920       0x20 Src\stm32f0xx_hal_msp.o
 .debug_aranges
                0x00000940       0x58 Src\stm32f0xx_it.o
 .debug_aranges
                0x00000998       0x28 Src\system_stm32f0xx.o
 .debug_aranges
                0x000009c0       0x40 Src\tim.o
 .debug_aranges
                0x00000a00       0x28 startup\startup_stm32f091xc.o

.debug_ranges   0x00000000      0xef0
 .debug_ranges  0x00000000       0xa0 Drivers\STM32F0xx_HAL_Driver\Src\stm32f0xx_hal.o
 .debug_ranges  0x000000a0       0x90 Drivers\STM32F0xx_HAL_Driver\Src\stm32f0xx_hal_can.o
 .debug_ranges  0x00000130      0x120 Drivers\STM32F0xx_HAL_Driver\Src\stm32f0xx_hal_cortex.o
 .debug_ranges  0x00000250       0x68 Drivers\STM32F0xx_HAL_Driver\Src\stm32f0xx_hal_gpio.o
 .debug_ranges  0x000002b8       0xa0 Drivers\STM32F0xx_HAL_Driver\Src\stm32f0xx_hal_rcc.o
 .debug_ranges  0x00000358      0x278 Drivers\STM32F0xx_HAL_Driver\Src\stm32f0xx_hal_spi.o
 .debug_ranges  0x000005d0      0x470 Drivers\STM32F0xx_HAL_Driver\Src\stm32f0xx_hal_tim.o
 .debug_ranges  0x00000a40       0xe8 Drivers\STM32F0xx_HAL_Driver\Src\stm32f0xx_hal_tim_ex.o
 .debug_ranges  0x00000b28      0x108 Source\Libraries\can\src\lib_can.o
 .debug_ranges  0x00000c30       0x28 Source\Libraries\fifo\src\fifo.o
 .debug_ranges  0x00000c58       0x18 Source\Modules\src\m_task_manager.o
 .debug_ranges  0x00000c70       0x40 Src\can.o
 .debug_ranges  0x00000cb0       0x98 Src\gpio.o
 .debug_ranges  0x00000d48       0x20 Src\main.o
 .debug_ranges  0x00000d68       0x38 Src\spi.o
 .debug_ranges  0x00000da0       0x40 Src\stm32f0xx_hal_msp.o
 .debug_ranges  0x00000de0       0x48 Src\stm32f0xx_it.o
 .debug_ranges  0x00000e28       0x18 Src\system_stm32f0xx.o
 .debug_ranges  0x00000e40       0x90 Src\tim.o
 .debug_ranges  0x00000ed0       0x20 startup\startup_stm32f091xc.o

.debug_line     0x00000000     0x68b5
 .debug_line    0x00000000      0x43a Drivers\STM32F0xx_HAL_Driver\Src\stm32f0xx_hal.o
 .debug_line    0x0000043a      0x825 Drivers\STM32F0xx_HAL_Driver\Src\stm32f0xx_hal_can.o
 .debug_line    0x00000c5f      0x40d Drivers\STM32F0xx_HAL_Driver\Src\stm32f0xx_hal_cortex.o
 .debug_line    0x0000106c      0x422 Drivers\STM32F0xx_HAL_Driver\Src\stm32f0xx_hal_gpio.o
 .debug_line    0x0000148e      0x646 Drivers\STM32F0xx_HAL_Driver\Src\stm32f0xx_hal_rcc.o
 .debug_line    0x00001ad4      0xdd1 Drivers\STM32F0xx_HAL_Driver\Src\stm32f0xx_hal_spi.o
 .debug_line    0x000028a5     0x1361 Drivers\STM32F0xx_HAL_Driver\Src\stm32f0xx_hal_tim.o
 .debug_line    0x00003c06      0x7fe Drivers\STM32F0xx_HAL_Driver\Src\stm32f0xx_hal_tim_ex.o
 .debug_line    0x00004404      0x6d3 Source\Libraries\can\src\lib_can.o
 .debug_line    0x00004ad7      0x2ac Source\Libraries\fifo\src\fifo.o
 .debug_line    0x00004d83      0x35c Source\Modules\src\m_task_manager.o
 .debug_line    0x000050df      0x30c Src\can.o
 .debug_line    0x000053eb      0x278 Src\gpio.o
 .debug_line    0x00005663      0x389 Src\main.o
 .debug_line    0x000059ec      0x2f6 Src\spi.o
 .debug_line    0x00005ce2      0x263 Src\stm32f0xx_hal_msp.o
 .debug_line    0x00005f45      0x352 Src\stm32f0xx_it.o
 .debug_line    0x00006297      0x262 Src\system_stm32f0xx.o
 .debug_line    0x000064f9      0x339 Src\tim.o
 .debug_line    0x00006832       0x83 startup\startup_stm32f091xc.o

.debug_str      0x00000000     0x3cee
 .debug_str     0x00000000      0x9ff Drivers\STM32F0xx_HAL_Driver\Src\stm32f0xx_hal.o
                                0xaa5 (size before relaxing)
 .debug_str     0x000009ff      0x543 Drivers\STM32F0xx_HAL_Driver\Src\stm32f0xx_hal_can.o
                                0xbd8 (size before relaxing)
 .debug_str     0x00000f42      0x1c6 Drivers\STM32F0xx_HAL_Driver\Src\stm32f0xx_hal_cortex.o
                                0xaad (size before relaxing)
 .debug_str     0x00001108      0x1d7 Drivers\STM32F0xx_HAL_Driver\Src\stm32f0xx_hal_gpio.o
                                0x88b (size before relaxing)
 .debug_str     0x000012df      0x2f2 Drivers\STM32F0xx_HAL_Driver\Src\stm32f0xx_hal_rcc.o
                                0xa61 (size before relaxing)
 .debug_str     0x000015d1      0x8d1 Drivers\STM32F0xx_HAL_Driver\Src\stm32f0xx_hal_spi.o
                                0xfd3 (size before relaxing)
 .debug_str     0x00001ea2      0xf59 Drivers\STM32F0xx_HAL_Driver\Src\stm32f0xx_hal_tim.o
                               0x1801 (size before relaxing)
 .debug_str     0x00002dfb      0x50d Drivers\STM32F0xx_HAL_Driver\Src\stm32f0xx_hal_tim_ex.o
                               0x112d (size before relaxing)
 .debug_str     0x00003308      0x6ff Source\Libraries\can\src\lib_can.o
                               0x11f8 (size before relaxing)
 .debug_str     0x00003a07       0x5e Source\Libraries\fifo\src\fifo.o
                                0x703 (size before relaxing)
 .debug_str     0x00003a65       0x50 Source\Modules\src\m_task_manager.o
                                0xd59 (size before relaxing)
 .debug_str     0x00003ab5       0x42 Src\can.o
                                0xca4 (size before relaxing)
 .debug_str     0x00003af7       0x1b Src\gpio.o
                                0x721 (size before relaxing)
 .debug_str     0x00003b12       0x8f Src\main.o
                               0x12fc (size before relaxing)
 .debug_str     0x00003ba1       0x17 Src\spi.o
                                0xb4f (size before relaxing)
 .debug_str     0x00003bb8       0x1b Src\stm32f0xx_hal_msp.o
                                0x862 (size before relaxing)
 .debug_str     0x00003bd3       0xa5 Src\stm32f0xx_it.o
                                0xd79 (size before relaxing)
 .debug_str     0x00003c78       0x5a Src\system_stm32f0xx.o
                                0x69c (size before relaxing)
 .debug_str     0x00003cd2       0x1c Src\tim.o
                                0xcf2 (size before relaxing)

.comment        0x00000000       0x7c
 .comment       0x00000000       0x7c Drivers\STM32F0xx_HAL_Driver\Src\stm32f0xx_hal.o
                                 0x7d (size before relaxing)
 .comment       0x0000007c       0x7d Drivers\STM32F0xx_HAL_Driver\Src\stm32f0xx_hal_can.o
 .comment       0x0000007c       0x7d Drivers\STM32F0xx_HAL_Driver\Src\stm32f0xx_hal_cortex.o
 .comment       0x0000007c       0x7d Drivers\STM32F0xx_HAL_Driver\Src\stm32f0xx_hal_gpio.o
 .comment       0x0000007c       0x7d Drivers\STM32F0xx_HAL_Driver\Src\stm32f0xx_hal_rcc.o
 .comment       0x0000007c       0x7d Drivers\STM32F0xx_HAL_Driver\Src\stm32f0xx_hal_spi.o
 .comment       0x0000007c       0x7d Drivers\STM32F0xx_HAL_Driver\Src\stm32f0xx_hal_tim.o
 .comment       0x0000007c       0x7d Drivers\STM32F0xx_HAL_Driver\Src\stm32f0xx_hal_tim_ex.o
 .comment       0x0000007c       0x7d Source\Libraries\can\src\lib_can.o
 .comment       0x0000007c       0x7d Source\Libraries\fifo\src\fifo.o
 .comment       0x0000007c       0x7d Source\Modules\src\m_task_manager.o
 .comment       0x0000007c       0x7d Src\can.o
 .comment       0x0000007c       0x7d Src\gpio.o
 .comment       0x0000007c       0x7d Src\main.o
 .comment       0x0000007c       0x7d Src\spi.o
 .comment       0x0000007c       0x7d Src\stm32f0xx_hal_msp.o
 .comment       0x0000007c       0x7d Src\stm32f0xx_it.o
 .comment       0x0000007c       0x7d Src\system_stm32f0xx.o
 .comment       0x0000007c       0x7d Src\tim.o

.debug_frame    0x00000000     0x1efc
 .debug_frame   0x00000000      0x178 Drivers\STM32F0xx_HAL_Driver\Src\stm32f0xx_hal.o
 .debug_frame   0x00000178      0x1f0 Drivers\STM32F0xx_HAL_Driver\Src\stm32f0xx_hal_can.o
 .debug_frame   0x00000368       0xe4 Drivers\STM32F0xx_HAL_Driver\Src\stm32f0xx_hal_cortex.o
 .debug_frame   0x0000044c       0xbc Drivers\STM32F0xx_HAL_Driver\Src\stm32f0xx_hal_gpio.o
 .debug_frame   0x00000508      0x134 Drivers\STM32F0xx_HAL_Driver\Src\stm32f0xx_hal_rcc.o
 .debug_frame   0x0000063c      0x5c8 Drivers\STM32F0xx_HAL_Driver\Src\stm32f0xx_hal_spi.o
 .debug_frame   0x00000c04      0x94c Drivers\STM32F0xx_HAL_Driver\Src\stm32f0xx_hal_tim.o
 .debug_frame   0x00001550      0x3ac Drivers\STM32F0xx_HAL_Driver\Src\stm32f0xx_hal_tim_ex.o
 .debug_frame   0x000018fc      0x1d4 Source\Libraries\can\src\lib_can.o
 .debug_frame   0x00001ad0       0x6c Source\Libraries\fifo\src\fifo.o
 .debug_frame   0x00001b3c       0x40 Source\Modules\src\m_task_manager.o
 .debug_frame   0x00001b7c       0x5c Src\can.o
 .debug_frame   0x00001bd8       0x30 Src\gpio.o
 .debug_frame   0x00001c08       0x54 Src\main.o
 .debug_frame   0x00001c5c       0x64 Src\spi.o
 .debug_frame   0x00001cc0       0x2c Src\stm32f0xx_hal_msp.o
 .debug_frame   0x00001cec       0xd0 Src\stm32f0xx_it.o
 .debug_frame   0x00001dbc       0x3c Src\system_stm32f0xx.o
 .debug_frame   0x00001df8       0x90 Src\tim.o
 .debug_frame   0x00001e88       0x2c c:/program files (x86)/atollic/truestudio for arm 8.0.0/armtools/bin/../lib/gcc/arm-atollic-eabi/6.3.1/../../../../arm-atollic-eabi/lib/armv6-m\libc_nano.a(lib_a-init.o)
 .debug_frame   0x00001eb4       0x28 c:/program files (x86)/atollic/truestudio for arm 8.0.0/armtools/bin/../lib/gcc/arm-atollic-eabi/6.3.1/../../../../arm-atollic-eabi/lib/armv6-m\libc_nano.a(lib_a-memcpy-stub.o)
 .debug_frame   0x00001edc       0x20 c:/program files (x86)/atollic/truestudio for arm 8.0.0/armtools/bin/../lib/gcc/arm-atollic-eabi/6.3.1/armv6-m\libgcc.a(_udivsi3.o)
