Archive member included to satisfy reference by file (symbol)

d:/truestudio for arm 7.1.2/armtools/bin/../lib/gcc/arm-atollic-eabi/5.3.1/../../../../arm-atollic-eabi/lib/armv6-m\libc_nano.a(lib_a-init.o)
                              startup\startup_stm32f091xc.o (__libc_init_array)
d:/truestudio for arm 7.1.2/armtools/bin/../lib/gcc/arm-atollic-eabi/5.3.1/../../../../arm-atollic-eabi/lib/armv6-m\libc_nano.a(lib_a-memcpy-stub.o)
                              Drivers\STM32F0xx_HAL_Driver\Src\stm32f0xx_hal_rcc.o (memcpy)
d:/truestudio for arm 7.1.2/armtools/bin/../lib/gcc/arm-atollic-eabi/5.3.1/../../../../arm-atollic-eabi/lib/armv6-m\libc_nano.a(lib_a-memset.o)
                              Src\main.o (memset)
d:/truestudio for arm 7.1.2/armtools/bin/../lib/gcc/arm-atollic-eabi/5.3.1/armv6-m\libgcc.a(_udivsi3.o)
                              Drivers\STM32F0xx_HAL_Driver\Src\stm32f0xx_hal.o (__aeabi_uidiv)
d:/truestudio for arm 7.1.2/armtools/bin/../lib/gcc/arm-atollic-eabi/5.3.1/armv6-m\libgcc.a(_dvmd_tls.o)
                              d:/truestudio for arm 7.1.2/armtools/bin/../lib/gcc/arm-atollic-eabi/5.3.1/armv6-m\libgcc.a(_udivsi3.o) (__aeabi_idiv0)
d:/truestudio for arm 7.1.2/armtools/bin/../lib/gcc/arm-atollic-eabi/5.3.1/armv6-m\libgcc.a(unwind-arm.o)
                              Src\init.o (__aeabi_unwind_cpp_pr0)
d:/truestudio for arm 7.1.2/armtools/bin/../lib/gcc/arm-atollic-eabi/5.3.1/armv6-m\libgcc.a(libunwind.o)
                              d:/truestudio for arm 7.1.2/armtools/bin/../lib/gcc/arm-atollic-eabi/5.3.1/armv6-m\libgcc.a(unwind-arm.o) (restore_core_regs)
d:/truestudio for arm 7.1.2/armtools/bin/../lib/gcc/arm-atollic-eabi/5.3.1/armv6-m\libgcc.a(pr-support.o)
                              d:/truestudio for arm 7.1.2/armtools/bin/../lib/gcc/arm-atollic-eabi/5.3.1/armv6-m\libgcc.a(unwind-arm.o) (__gnu_unwind_execute)
d:/truestudio for arm 7.1.2/armtools/bin/../lib/gcc/arm-atollic-eabi/5.3.1/../../../../arm-atollic-eabi/lib/armv6-m\libc_nano.a(lib_a-abort.o)
                              d:/truestudio for arm 7.1.2/armtools/bin/../lib/gcc/arm-atollic-eabi/5.3.1/armv6-m\libgcc.a(unwind-arm.o) (abort)
d:/truestudio for arm 7.1.2/armtools/bin/../lib/gcc/arm-atollic-eabi/5.3.1/../../../../arm-atollic-eabi/lib/armv6-m\libc_nano.a(lib_a-signal.o)
                              d:/truestudio for arm 7.1.2/armtools/bin/../lib/gcc/arm-atollic-eabi/5.3.1/../../../../arm-atollic-eabi/lib/armv6-m\libc_nano.a(lib_a-abort.o) (raise)
d:/truestudio for arm 7.1.2/armtools/bin/../lib/gcc/arm-atollic-eabi/5.3.1/../../../../arm-atollic-eabi/lib/armv6-m\libc_nano.a(lib_a-signalr.o)
                              d:/truestudio for arm 7.1.2/armtools/bin/../lib/gcc/arm-atollic-eabi/5.3.1/../../../../arm-atollic-eabi/lib/armv6-m\libc_nano.a(lib_a-signal.o) (_kill_r)
d:/truestudio for arm 7.1.2/armtools/bin/../lib/gcc/arm-atollic-eabi/5.3.1/../../../../arm-atollic-eabi/lib/armv6-m\libc_nano.a(lib_a-impure.o)
                              d:/truestudio for arm 7.1.2/armtools/bin/../lib/gcc/arm-atollic-eabi/5.3.1/../../../../arm-atollic-eabi/lib/armv6-m\libc_nano.a(lib_a-signal.o) (_impure_ptr)
d:/truestudio for arm 7.1.2/armtools/bin/../lib/gcc/arm-atollic-eabi/5.3.1/../../../../arm-atollic-eabi/lib/armv6-m\libc_nano.a(lib_a-nano-mallocr.o)
                              d:/truestudio for arm 7.1.2/armtools/bin/../lib/gcc/arm-atollic-eabi/5.3.1/../../../../arm-atollic-eabi/lib/armv6-m\libc_nano.a(lib_a-signal.o) (_malloc_r)
d:/truestudio for arm 7.1.2/armtools/bin/../lib/gcc/arm-atollic-eabi/5.3.1/../../../../arm-atollic-eabi/lib/armv6-m\libc_nano.a(lib_a-reent.o)
                              d:/truestudio for arm 7.1.2/armtools/bin/../lib/gcc/arm-atollic-eabi/5.3.1/../../../../arm-atollic-eabi/lib/armv6-m\libc_nano.a(lib_a-signalr.o) (errno)
d:/truestudio for arm 7.1.2/armtools/bin/../lib/gcc/arm-atollic-eabi/5.3.1/../../../../arm-atollic-eabi/lib/armv6-m\libc_nano.a(lib_a-sbrkr.o)
                              d:/truestudio for arm 7.1.2/armtools/bin/../lib/gcc/arm-atollic-eabi/5.3.1/../../../../arm-atollic-eabi/lib/armv6-m\libc_nano.a(lib_a-nano-mallocr.o) (_sbrk_r)
d:/truestudio for arm 7.1.2/armtools/bin/../lib/gcc/arm-atollic-eabi/5.3.1/../../../../arm-atollic-eabi/lib/armv6-m\libc_nano.a(lib_a-mlock.o)
                              d:/truestudio for arm 7.1.2/armtools/bin/../lib/gcc/arm-atollic-eabi/5.3.1/../../../../arm-atollic-eabi/lib/armv6-m\libc_nano.a(lib_a-nano-mallocr.o) (__malloc_lock)
d:/truestudio for arm 7.1.2/armtools/bin/../lib/gcc/arm-atollic-eabi/5.3.1/../../../../arm-atollic-eabi/lib/armv6-m\libc_nano.a(lib_a-nano-freer.o)
                              d:/truestudio for arm 7.1.2/armtools/bin/../lib/gcc/arm-atollic-eabi/5.3.1/../../../../arm-atollic-eabi/lib/armv6-m\libc_nano.a(lib_a-reent.o) (_free_r)
d:/truestudio for arm 7.1.2/armtools/bin/../lib/gcc/arm-atollic-eabi/5.3.1/../../../../arm-atollic-eabi/lib/armv6-m\libnosys.a(getpid.o)
[...]
Memory Configuration

Name             Origin             Length             Attributes
RAM              0x20000000         0x00008000         xrw
FLASH            0x08000000         0x00020000         xr
*default*        0x00000000         0xffffffff

Linker script and memory map

LOAD d:/truestudio for arm 7.1.2/armtools/bin/../lib/gcc/arm-atollic-eabi/5.3.1/armv6-m/crti.o
LOAD d:/truestudio for arm 7.1.2/armtools/bin/../lib/gcc/arm-atollic-eabi/5.3.1/armv6-m/crtbegin.o
LOAD Drivers\STM32F0xx_HAL_Driver\Src\stm32f0xx_hal.o
LOAD Drivers\STM32F0xx_HAL_Driver\Src\stm32f0xx_hal_adc.o
LOAD Drivers\STM32F0xx_HAL_Driver\Src\stm32f0xx_hal_adc_ex.o
LOAD Drivers\STM32F0xx_HAL_Driver\Src\stm32f0xx_hal_can.o
LOAD Drivers\STM32F0xx_HAL_Driver\Src\stm32f0xx_hal_cortex.o
LOAD Drivers\STM32F0xx_HAL_Driver\Src\stm32f0xx_hal_dma.o
LOAD Drivers\STM32F0xx_HAL_Driver\Src\stm32f0xx_hal_flash.o
LOAD Drivers\STM32F0xx_HAL_Driver\Src\stm32f0xx_hal_flash_ex.o
LOAD Drivers\STM32F0xx_HAL_Driver\Src\stm32f0xx_hal_gpio.o
LOAD Drivers\STM32F0xx_HAL_Driver\Src\stm32f0xx_hal_i2c.o
LOAD Drivers\STM32F0xx_HAL_Driver\Src\stm32f0xx_hal_i2c_ex.o
LOAD Drivers\STM32F0xx_HAL_Driver\Src\stm32f0xx_hal_pwr.o
LOAD Drivers\STM32F0xx_HAL_Driver\Src\stm32f0xx_hal_pwr_ex.o
LOAD Drivers\STM32F0xx_HAL_Driver\Src\stm32f0xx_hal_rcc.o
LOAD Drivers\STM32F0xx_HAL_Driver\Src\stm32f0xx_hal_rcc_ex.o
LOAD Drivers\STM32F0xx_HAL_Driver\Src\stm32f0xx_hal_tim.o
LOAD Drivers\STM32F0xx_HAL_Driver\Src\stm32f0xx_hal_tim_ex.o
LOAD Src\adc.o
LOAD Src\can.o
LOAD Src\gpio.o
LOAD Src\init.o
LOAD Src\main.o
LOAD Src\stm32f0xx_hal_msp.o
LOAD Src\stm32f0xx_it.o
LOAD Src\system_stm32f0xx.o
LOAD Src\tim.o
LOAD startup\startup_stm32f091xc.o
START GROUP
LOAD d:/truestudio for arm 7.1.2/armtools/bin/../lib/gcc/arm-atollic-eabi/5.3.1/../../../../arm-atollic-eabi/lib/armv6-m\libstdc++_nano.a
LOAD d:/truestudio for arm 7.1.2/armtools/bin/../lib/gcc/arm-atollic-eabi/5.3.1/../../../../arm-atollic-eabi/lib/armv6-m\libsupc++_nano.a
END GROUP
                0x00001000                malloc_getpagesize_P = 0x1000
LOAD d:/truestudio for arm 7.1.2/armtools/bin/../lib/gcc/arm-atollic-eabi/5.3.1/../../../../arm-atollic-eabi/lib/armv6-m\libstdc++_nano.a
LOAD d:/truestudio for arm 7.1.2/armtools/bin/../lib/gcc/arm-atollic-eabi/5.3.1/../../../../arm-atollic-eabi/lib/armv6-m\libm.a
LOAD d:/truestudio for arm 7.1.2/armtools/bin/../lib/gcc/arm-atollic-eabi/5.3.1/../../../../arm-atollic-eabi/lib/armv6-m\libc_nano.a
START GROUP
LOAD d:/truestudio for arm 7.1.2/armtools/bin/../lib/gcc/arm-atollic-eabi/5.3.1/armv6-m\libgcc.a
LOAD d:/truestudio for arm 7.1.2/armtools/bin/../lib/gcc/arm-atollic-eabi/5.3.1/../../../../arm-atollic-eabi/lib/armv6-m\libc_nano.a
END GROUP
START GROUP
LOAD d:/truestudio for arm 7.1.2/armtools/bin/../lib/gcc/arm-atollic-eabi/5.3.1/armv6-m\libgcc.a
LOAD d:/truestudio for arm 7.1.2/armtools/bin/../lib/gcc/arm-atollic-eabi/5.3.1/../../../../arm-atollic-eabi/lib/armv6-m\libc_nano.a
LOAD d:/truestudio for arm 7.1.2/armtools/bin/../lib/gcc/arm-atollic-eabi/5.3.1/../../../../arm-atollic-eabi/lib/armv6-m\libnosys.a
END GROUP
START GROUP
LOAD d:/truestudio for arm 7.1.2/armtools/bin/../lib/gcc/arm-atollic-eabi/5.3.1/armv6-m\libgcc.a
LOAD d:/truestudio for arm 7.1.2/armtools/bin/../lib/gcc/arm-atollic-eabi/5.3.1/../../../../arm-atollic-eabi/lib/armv6-m\libc_nano.a
LOAD d:/truestudio for arm 7.1.2/armtools/bin/../lib/gcc/arm-atollic-eabi/5.3.1/../../../../arm-atollic-eabi/lib/armv6-m\libnosys.a
END GROUP
LOAD d:/truestudio for arm 7.1.2/armtools/bin/../lib/gcc/arm-atollic-eabi/5.3.1/armv6-m/crtend.o
LOAD d:/truestudio for arm 7.1.2/armtools/bin/../lib/gcc/arm-atollic-eabi/5.3.1/armv6-m/crtn.o
                0x20008000                _estack = 0x20008000
                0x00000200                _Min_Heap_Size = 0x200
                0x00000400                _Min_Stack_Size = 0x400

.isr_vector     0x08000000       0xbc
                0x08000000                . = ALIGN (0x4)
 *(.isr_vector)
 .isr_vector    0x08000000       0xbc startup\startup_stm32f091xc.o
                0x08000000                g_pfnVectors
                0x080000bc                . = ALIGN (0x4)

.text           0x080000bc     0x1d20
                0x080000bc                . = ALIGN (0x4)
 *(.text)
 .text          0x080000bc       0x48 d:/truestudio for arm 7.1.2/armtools/bin/../lib/gcc/arm-atollic-eabi/5.3.1/armv6-m/crtbegin.o
 .text          0x08000104      0xa3c d:/truestudio for arm 7.1.2/armtools/bin/../lib/gcc/arm-atollic-eabi/5.3.1/armv6-m\libgcc.a(unwind-arm.o)
                0x080003dc                _Unwind_GetCFA
                0x080003e0                __gnu_Unwind_RaiseException
                0x08000434                __gnu_Unwind_ForcedUnwind
                0x08000448                __gnu_Unwind_Resume
                0x08000490                __gnu_Unwind_Resume_or_Rethrow
                0x080004ac                _Unwind_Complete
                0x080004b0                _Unwind_DeleteException
                0x080004c0                _Unwind_VRS_Get
                0x0800050c                _Unwind_VRS_Set
                0x08000558                __gnu_Unwind_Backtrace
                0x080008b8                __aeabi_unwind_cpp_pr0
                0x080008c4                __aeabi_unwind_cpp_pr1
                0x080008d0                __aeabi_unwind_cpp_pr2
                0x080008dc                _Unwind_VRS_Pop
 .text          0x08000b40      0x144 d:/truestudio for arm 7.1.2/armtools/bin/../lib/gcc/arm-atollic-eabi/5.3.1/armv6-m\libgcc.a(libunwind.o)
                0x08000b40                __restore_core_regs
                0x08000b40                restore_core_regs
                0x08000b6c                __gnu_Unwind_Restore_VFP
                0x08000b70                __gnu_Unwind_Save_VFP
                0x08000b74                __gnu_Unwind_Restore_VFP_D
                0x08000b78                __gnu_Unwind_Save_VFP_D
                0x08000b7c                __gnu_Unwind_Restore_VFP_D_16_to_31
                0x08000b80                __gnu_Unwind_Save_VFP_D_16_to_31
                0x08000b84                __gnu_Unwind_Restore_WMMXD
                0x08000b88                __gnu_Unwind_Save_WMMXD
                0x08000b8c                __gnu_Unwind_Restore_WMMXC
                0x08000b90                __gnu_Unwind_Save_WMMXC
                0x08000b94                ___Unwind_RaiseException
                0x08000b94                _Unwind_RaiseException
                0x08000bc4                _Unwind_Resume
                0x08000bc4                ___Unwind_Resume
                0x08000bf4                _Unwind_Resume_or_Rethrow
                0x08000bf4                ___Unwind_Resume_or_Rethrow
                0x08000c24                _Unwind_ForcedUnwind
                0x08000c24                ___Unwind_ForcedUnwind
                0x08000c54                ___Unwind_Backtrace
                0x08000c54                _Unwind_Backtrace
 .text          0x08000c84      0x3b0 d:/truestudio for arm 7.1.2/armtools/bin/../lib/gcc/arm-atollic-eabi/5.3.1/armv6-m\libgcc.a(pr-support.o)
                0x08000cd8                __gnu_unwind_execute
                0x08000fdc                __gnu_unwind_frame
                0x08001004                _Unwind_GetRegionStart
                0x08001010                _Unwind_GetLanguageSpecificData
                0x08001024                _Unwind_GetTextRelBase
                0x0800102c                _Unwind_GetDataRelBase
 *(.text*)
 .text.HAL_IncTick
                0x08001034       0x18 Drivers\STM32F0xx_HAL_Driver\Src\stm32f0xx_hal.o
                0x08001034                HAL_IncTick
 .text.HAL_GetTick
                0x0800104c       0x14 Drivers\STM32F0xx_HAL_Driver\Src\stm32f0xx_hal.o
                0x0800104c                HAL_GetTick
 .text.HAL_Delay
                0x08001060       0x3c Drivers\STM32F0xx_HAL_Driver\Src\stm32f0xx_hal.o
                0x08001060                HAL_Delay
 .text.HAL_CAN_Receive_IT
                0x0800109c      0x184 Drivers\STM32F0xx_HAL_Driver\Src\stm32f0xx_hal_can.o
                0x0800109c                HAL_CAN_Receive_IT
 .text.HAL_CAN_IRQHandler
                0x08001220      0x2e0 Drivers\STM32F0xx_HAL_Driver\Src\stm32f0xx_hal_can.o
                0x08001220                HAL_CAN_IRQHandler
 .text.HAL_CAN_TxCpltCallback
                0x08001500       0x10 Drivers\STM32F0xx_HAL_Driver\Src\stm32f0xx_hal_can.o
                0x08001500                HAL_CAN_TxCpltCallback
 .text.HAL_CAN_ErrorCallback
                0x08001510       0x10 Drivers\STM32F0xx_HAL_Driver\Src\stm32f0xx_hal_can.o
                0x08001510                HAL_CAN_ErrorCallback
 .text.CAN_Transmit_IT
                0x08001520       0x88 Drivers\STM32F0xx_HAL_Driver\Src\stm32f0xx_hal_can.o
 .text.CAN_Receive_IT
                0x080015a8      0x2d8 Drivers\STM32F0xx_HAL_Driver\Src\stm32f0xx_hal_can.o
 .text.HAL_SYSTICK_IRQHandler
                0x08001880       0x10 Drivers\STM32F0xx_HAL_Driver\Src\stm32f0xx_hal_cortex.o
                0x08001880                HAL_SYSTICK_IRQHandler
 .text.HAL_SYSTICK_Callback
                0x08001890        0xc Drivers\STM32F0xx_HAL_Driver\Src\stm32f0xx_hal_cortex.o
                0x08001890                HAL_SYSTICK_Callback
 .text.HAL_GPIO_WritePin
                0x0800189c       0x3c Drivers\STM32F0xx_HAL_Driver\Src\stm32f0xx_hal_gpio.o
                0x0800189c                HAL_GPIO_WritePin
 .text.main     0x080018d8      0x16c Src\main.o
                0x080018d8                main
 .text._Z7gear_upv
                0x08001a44       0x5c Src\main.o
                0x08001a44                gear_up()
 .text._Z9gear_downv
                0x08001aa0       0x50 Src\main.o
                0x08001aa0                gear_down()
 .text.HAL_CAN_RxCpltCallback
                0x08001af0       0x6c Src\main.o
                0x08001af0                HAL_CAN_RxCpltCallback
 .text.NMI_Handler
                0x08001b5c        0xc Src\stm32f0xx_it.o
                0x08001b5c                NMI_Handler
 .text.HardFault_Handler
                0x08001b68        0x8 Src\stm32f0xx_it.o
                0x08001b68                HardFault_Handler
 .text.SVC_Handler
                0x08001b70        0xc Src\stm32f0xx_it.o
                0x08001b70                SVC_Handler
 .text.PendSV_Handler
                0x08001b7c        0xc Src\stm32f0xx_it.o
                0x08001b7c                PendSV_Handler
 .text.SysTick_Handler
                0x08001b88       0x14 Src\stm32f0xx_it.o
                0x08001b88                SysTick_Handler
 .text.CEC_CAN_IRQHandler
                0x08001b9c       0x18 Src\stm32f0xx_it.o
                0x08001b9c                CEC_CAN_IRQHandler
 .text.SystemInit
                0x08001bb4       0x88 Src\system_stm32f0xx.o
                0x08001bb4                SystemInit
 .text.Reset_Handler
                0x08001c3c       0x50 startup\startup_stm32f091xc.o
                0x08001c3c                Reset_Handler
 .text.Default_Handler
                0x08001c8c        0x2 startup\startup_stm32f091xc.o
                0x08001c8c                TIM1_CC_IRQHandler
                0x08001c8c                TSC_IRQHandler
                0x08001c8c                ADC1_COMP_IRQHandler
                0x08001c8c                I2C1_IRQHandler
                0x08001c8c                RCC_CRS_IRQHandler
                0x08001c8c                SPI1_IRQHandler
                0x08001c8c                TIM6_DAC_IRQHandler
                0x08001c8c                DMA1_Ch1_IRQHandler
                0x08001c8c                EXTI2_3_IRQHandler
                0x08001c8c                I2C2_IRQHandler
                0x08001c8c                TIM17_IRQHandler
                0x08001c8c                RTC_IRQHandler
                0x08001c8c                PVD_VDDIO2_IRQHandler
                0x08001c8c                TIM16_IRQHandler
                0x08001c8c                TIM3_IRQHandler
                0x08001c8c                EXTI4_15_IRQHandler
                0x08001c8c                USART3_8_IRQHandler
                0x08001c8c                Default_Handler
                0x08001c8c                TIM14_IRQHandler
                0x08001c8c                TIM7_IRQHandler
                0x08001c8c                TIM15_IRQHandler
                0x08001c8c                EXTI0_1_IRQHandler
                0x08001c8c                SPI2_IRQHandler
                0x08001c8c                DMA1_Ch2_3_DMA2_Ch1_2_IRQHandler
                0x08001c8c                DMA1_Ch4_7_DMA2_Ch3_5_IRQHandler
                0x08001c8c                WWDG_IRQHandler
                0x08001c8c                TIM2_IRQHandler
                0x08001c8c                USART2_IRQHandler
                0x08001c8c                FLASH_IRQHandler
                0x08001c8c                USART1_IRQHandler
                0x08001c8c                TIM1_BRK_UP_TRG_COM_IRQHandler
 *fill*         0x08001c8e        0x2 
 .text.__libc_init_array
                0x08001c90       0x4c d:/truestudio for arm 7.1.2/armtools/bin/../lib/gcc/arm-atollic-eabi/5.3.1/../../../../arm-atollic-eabi/lib/armv6-m\libc_nano.a(lib_a-init.o)
                0x08001c90                __libc_init_array
 .text.memcpy   0x08001cdc       0x12 d:/truestudio for arm 7.1.2/armtools/bin/../lib/gcc/arm-atollic-eabi/5.3.1/../../../../arm-atollic-eabi/lib/armv6-m\libc_nano.a(lib_a-memcpy-stub.o)
                0x08001cdc                memcpy
 .text.memset   0x08001cee       0x10 d:/truestudio for arm 7.1.2/armtools/bin/../lib/gcc/arm-atollic-eabi/5.3.1/../../../../arm-atollic-eabi/lib/armv6-m\libc_nano.a(lib_a-memset.o)
                0x08001cee                memset
 .text.abort    0x08001cfe        0xe d:/truestudio for arm 7.1.2/armtools/bin/../lib/gcc/arm-atollic-eabi/5.3.1/../../../../arm-atollic-eabi/lib/armv6-m\libc_nano.a(lib_a-abort.o)
                0x08001cfe                abort
 .text._raise_r
                0x08001d0c       0x54 d:/truestudio for arm 7.1.2/armtools/bin/../lib/gcc/arm-atollic-eabi/5.3.1/../../../../arm-atollic-eabi/lib/armv6-m\libc_nano.a(lib_a-signal.o)
                0x08001d0c                _raise_r
 .text.raise    0x08001d60       0x14 d:/truestudio for arm 7.1.2/armtools/bin/../lib/gcc/arm-atollic-eabi/5.3.1/../../../../arm-atollic-eabi/lib/armv6-m\libc_nano.a(lib_a-signal.o)
                0x08001d60                raise
 .text._kill_r  0x08001d74       0x24 d:/truestudio for arm 7.1.2/armtools/bin/../lib/gcc/arm-atollic-eabi/5.3.1/../../../../arm-atollic-eabi/lib/armv6-m\libc_nano.a(lib_a-signalr.o)
                0x08001d74                _kill_r
 .text._getpid_r
                0x08001d98        0x8 d:/truestudio for arm 7.1.2/armtools/bin/../lib/gcc/arm-atollic-eabi/5.3.1/../../../../arm-atollic-eabi/lib/armv6-m\libc_nano.a(lib_a-signalr.o)
                0x08001d98                _getpid_r
 .text._getpid  0x08001da0       0x10 d:/truestudio for arm 7.1.2/armtools/bin/../lib/gcc/arm-atollic-eabi/5.3.1/../../../../arm-atollic-eabi/lib/armv6-m\libnosys.a(getpid.o)
                0x08001da0                _getpid
 .text._kill    0x08001db0       0x10 d:/truestudio for arm 7.1.2/armtools/bin/../lib/gcc/arm-atollic-eabi/5.3.1/../../../../arm-atollic-eabi/lib/armv6-m\libnosys.a(kill.o)
                0x08001db0                _kill
 .text._exit    0x08001dc0        0x2 d:/truestudio for arm 7.1.2/armtools/bin/../lib/gcc/arm-atollic-eabi/5.3.1/../../../../arm-atollic-eabi/lib/armv6-m\libnosys.a(_exit.o)
                0x08001dc0                _exit
 *(.glue_7)
 .glue_7        0x08001dc2        0x0 linker stubs
 *(.glue_7t)
 .glue_7t       0x08001dc2        0x0 linker stubs
 *(.eh_frame)
 *fill*         0x08001dc2        0x2 
 .eh_frame      0x08001dc4        0x0 d:/truestudio for arm 7.1.2/armtools/bin/../lib/gcc/arm-atollic-eabi/5.3.1/armv6-m/crtbegin.o
 *(.init)
 .init          0x08001dc4        0x4 d:/truestudio for arm 7.1.2/armtools/bin/../lib/gcc/arm-atollic-eabi/5.3.1/armv6-m/crti.o
                0x08001dc4                _init
 .init          0x08001dc8        0x8 d:/truestudio for arm 7.1.2/armtools/bin/../lib/gcc/arm-atollic-eabi/5.3.1/armv6-m/crtn.o
 *(.fini)
 .fini          0x08001dd0        0x4 d:/truestudio for arm 7.1.2/armtools/bin/../lib/gcc/arm-atollic-eabi/5.3.1/armv6-m/crti.o
                0x08001dd0                _fini
 .fini          0x08001dd4        0x8 d:/truestudio for arm 7.1.2/armtools/bin/../lib/gcc/arm-atollic-eabi/5.3.1/armv6-m/crtn.o
                0x08001ddc                . = ALIGN (0x4)
                0x08001ddc                _etext = .

.vfp11_veneer   0x08001ddc        0x0
 .vfp11_veneer  0x08001ddc        0x0 linker stubs

.v4_bx          0x08001ddc        0x0
 .v4_bx         0x08001ddc        0x0 linker stubs

.iplt           0x08001ddc        0x0
 .iplt          0x08001ddc        0x0 d:/truestudio for arm 7.1.2/armtools/bin/../lib/gcc/arm-atollic-eabi/5.3.1/armv6-m/crtbegin.o

.rodata         0x08001ddc        0x4
                0x08001ddc                . = ALIGN (0x4)
 *(.rodata)
 *(.rodata*)
 .rodata.str1.1
                0x08001ddc        0x2 d:/truestudio for arm 7.1.2/armtools/bin/../lib/gcc/arm-atollic-eabi/5.3.1/../../../../arm-atollic-eabi/lib/armv6-m\libc_nano.a(lib_a-impure.o)
                0x08001de0                . = ALIGN (0x4)
 *fill*         0x08001dde        0x2 

.ARM.extab      0x08001de0       0x30
 *(.ARM.extab* .gnu.linkonce.armextab.*)
 .ARM.extab     0x08001de0       0x24 d:/truestudio for arm 7.1.2/armtools/bin/../lib/gcc/arm-atollic-eabi/5.3.1/armv6-m\libgcc.a(unwind-arm.o)
 .ARM.extab     0x08001e04        0xc d:/truestudio for arm 7.1.2/armtools/bin/../lib/gcc/arm-atollic-eabi/5.3.1/armv6-m\libgcc.a(pr-support.o)

.ARM            0x08001e10       0xd8
                0x08001e10                __exidx_start = .
 *(.ARM.exidx*)
 .ARM.exidx.text.main
                0x08001ed8        0x8 Src\main.o
 .ARM.exidx.text._Z7gear_upv
                0x08001ee0        0x0 Src\main.o
                                  0x8 (size before relaxing)
 .ARM.exidx.text._Z9gear_downv
                0x08001ee0        0x0 Src\main.o
                                  0x8 (size before relaxing)
 .ARM.exidx.text.HAL_CAN_RxCpltCallback
                0x08001ee0        0x8 Src\main.o
 .ARM.exidx     0x08001e10       0x98 d:/truestudio for arm 7.1.2/armtools/bin/../lib/gcc/arm-atollic-eabi/5.3.1/armv6-m\libgcc.a(unwind-arm.o)
                                 0xd8 (size before relaxing)
 .ARM.exidx     0x08001ea8       0x30 d:/truestudio for arm 7.1.2/armtools/bin/../lib/gcc/arm-atollic-eabi/5.3.1/armv6-m\libgcc.a(pr-support.o)
                                 0x48 (size before relaxing)
                0x08001ee8                __exidx_end = .

.rel.dyn        0x08001ee8        0x0
 .rel.iplt      0x08001ee8        0x0 d:/truestudio for arm 7.1.2/armtools/bin/../lib/gcc/arm-atollic-eabi/5.3.1/armv6-m/crtbegin.o

.preinit_array  0x08001ee8        0x0
                0x08001ee8                PROVIDE (__preinit_array_start, .)
 *(.preinit_array*)
                0x08001ee8                PROVIDE (__preinit_array_end, .)

.init_array     0x08001ee8        0x4
                0x08001ee8                PROVIDE (__init_array_start, .)
 *(SORT(.init_array.*))
 *(.init_array*)
 .init_array    0x08001ee8        0x4 d:/truestudio for arm 7.1.2/armtools/bin/../lib/gcc/arm-atollic-eabi/5.3.1/armv6-m/crtbegin.o
                0x08001eec                PROVIDE (__init_array_end, .)

.fini_array     0x08001eec        0x4
                [!provide]                PROVIDE (__fini_array_start, .)
 *(SORT(.fini_array.*))
 *(.fini_array*)
 .fini_array    0x08001eec        0x4 d:/truestudio for arm 7.1.2/armtools/bin/../lib/gcc/arm-atollic-eabi/5.3.1/armv6-m/crtbegin.o
                [!provide]                PROVIDE (__fini_array_end, .)
                0x08001ef0                _sidata = LOADADDR (.data)

.data           0x20000000       0x64 load address 0x08001ef0
                0x20000000                . = ALIGN (0x4)
                0x20000000                _sdata = .
 *(.data)
 *(.data*)
 .data.impure_data
                0x20000000       0x60 d:/truestudio for arm 7.1.2/armtools/bin/../lib/gcc/arm-atollic-eabi/5.3.1/../../../../arm-atollic-eabi/lib/armv6-m\libc_nano.a(lib_a-impure.o)
 .data._impure_ptr
                0x20000060        0x4 d:/truestudio for arm 7.1.2/armtools/bin/../lib/gcc/arm-atollic-eabi/5.3.1/../../../../arm-atollic-eabi/lib/armv6-m\libc_nano.a(lib_a-impure.o)
                0x20000060                _impure_ptr
                0x20000064                . = ALIGN (0x4)
                0x20000064                _edata = .

.igot.plt       0x20000064        0x0 load address 0x08001f54
 .igot.plt      0x20000064        0x0 d:/truestudio for arm 7.1.2/armtools/bin/../lib/gcc/arm-atollic-eabi/5.3.1/armv6-m/crtbegin.o
                0x20000064                . = ALIGN (0x4)

.bss            0x20000064       0xc0 load address 0x08001f54
                0x20000064                _sbss = .
                0x20000064                __bss_start__ = _sbss
 *(.bss)
 .bss           0x20000064       0x1c d:/truestudio for arm 7.1.2/armtools/bin/../lib/gcc/arm-atollic-eabi/5.3.1/armv6-m/crtbegin.o
 .bss           0x20000080       0x58 Src\main.o
                0x20000080                can_filter
                0x200000a8                rx_msg
                0x200000cc                gmu_state
 *(.bss*)
 *(COMMON)
 COMMON         0x200000d8        0x4 Drivers\STM32F0xx_HAL_Driver\Src\stm32f0xx_hal.o
                0x200000d8                uwTick
 COMMON         0x200000dc       0x44 Src\can.o
                0x200000dc                hcan
 COMMON         0x20000120        0x4 d:/truestudio for arm 7.1.2/armtools/bin/../lib/gcc/arm-atollic-eabi/5.3.1/../../../../arm-atollic-eabi/lib/armv6-m\libc_nano.a(lib_a-reent.o)
                0x20000120                errno
                0x20000124                . = ALIGN (0x4)
                0x20000124                _ebss = .
                0x20000124                __bss_end__ = _ebss

._user_heap_stack
                0x20000124      0x600 load address 0x08001f54
                0x20000124                . = ALIGN (0x4)
                0x20000124                PROVIDE (end, .)
                [!provide]                PROVIDE (_end, .)
                0x20000324                . = (. + _Min_Heap_Size)
 *fill*         0x20000124      0x200 
                0x20000724                . = (. + _Min_Stack_Size)
 *fill*         0x20000324      0x400 
                0x20000724                . = ALIGN (0x4)

/DISCARD/
 libc.a(*)
 libm.a(*)
 libgcc.a(*)

.ARM.attributes
                0x00000000       0x28
 *(.ARM.attributes)
 .ARM.attributes
                0x00000000       0x1e d:/truestudio for arm 7.1.2/armtools/bin/../lib/gcc/arm-atollic-eabi/5.3.1/armv6-m/crti.o
 .ARM.attributes
                0x0000001e       0x2c d:/truestudio for arm 7.1.2/armtools/bin/../lib/gcc/arm-atollic-eabi/5.3.1/armv6-m/crtbegin.o
 .ARM.attributes
                0x0000004a       0x31 Drivers\STM32F0xx_HAL_Driver\Src\stm32f0xx_hal.o
 .ARM.attributes
                0x0000007b       0x31 Drivers\STM32F0xx_HAL_Driver\Src\stm32f0xx_hal_can.o
 .ARM.attributes
                0x000000ac       0x31 Drivers\STM32F0xx_HAL_Driver\Src\stm32f0xx_hal_cortex.o
 .ARM.attributes
                0x000000dd       0x31 Drivers\STM32F0xx_HAL_Driver\Src\stm32f0xx_hal_gpio.o
 .ARM.attributes
                0x0000010e       0x31 Src\can.o
 .ARM.attributes
                0x0000013f       0x31 Src\main.o
 .ARM.attributes
                0x00000170       0x31 Src\stm32f0xx_it.o
 .ARM.attributes
                0x000001a1       0x31 Src\system_stm32f0xx.o
 .ARM.attributes
                0x000001d2       0x21 startup\startup_stm32f091xc.o
 .ARM.attributes
                0x000001f3       0x2c d:/truestudio for arm 7.1.2/armtools/bin/../lib/gcc/arm-atollic-eabi/5.3.1/../../../../arm-atollic-eabi/lib/armv6-m\libc_nano.a(lib_a-init.o)
 .ARM.attributes
                0x0000021f       0x2c d:/truestudio for arm 7.1.2/armtools/bin/../lib/gcc/arm-atollic-eabi/5.3.1/../../../../arm-atollic-eabi/lib/armv6-m\libc_nano.a(lib_a-memset.o)
 .ARM.attributes
                0x0000024b       0x1e d:/truestudio for arm 7.1.2/armtools/bin/../lib/gcc/arm-atollic-eabi/5.3.1/armv6-m/crtn.o
OUTPUT(AGH_RT_GMU.elf elf32-littlearm)

.debug_info     0x00000000     0x376c
 .debug_info    0x00000000      0x57d Drivers\STM32F0xx_HAL_Driver\Src\stm32f0xx_hal.o
 .debug_info    0x0000057d      0xa7d Drivers\STM32F0xx_HAL_Driver\Src\stm32f0xx_hal_can.o
 .debug_info    0x00000ffa      0x6d3 Drivers\STM32F0xx_HAL_Driver\Src\stm32f0xx_hal_cortex.o
 .debug_info    0x000016cd      0x61d Drivers\STM32F0xx_HAL_Driver\Src\stm32f0xx_hal_gpio.o
 .debug_info    0x00001cea      0x90e Src\can.o
 .debug_info    0x000025f8      0x8de Src\main.o
 .debug_info    0x00002ed6      0x5e8 Src\stm32f0xx_it.o
 .debug_info    0x000034be      0x243 Src\system_stm32f0xx.o
 .debug_info    0x00003701       0x6b startup\startup_stm32f091xc.o

.debug_abbrev   0x00000000      0xc7c
 .debug_abbrev  0x00000000      0x176 Drivers\STM32F0xx_HAL_Driver\Src\stm32f0xx_hal.o
 .debug_abbrev  0x00000176      0x1c6 Drivers\STM32F0xx_HAL_Driver\Src\stm32f0xx_hal_can.o
 .debug_abbrev  0x0000033c      0x231 Drivers\STM32F0xx_HAL_Driver\Src\stm32f0xx_hal_cortex.o
 .debug_abbrev  0x0000056d      0x1c0 Drivers\STM32F0xx_HAL_Driver\Src\stm32f0xx_hal_gpio.o
 .debug_abbrev  0x0000072d      0x172 Src\can.o
 .debug_abbrev  0x0000089f      0x1d3 Src\main.o
 .debug_abbrev  0x00000a72      0x108 Src\stm32f0xx_it.o
 .debug_abbrev  0x00000b7a       0xf0 Src\system_stm32f0xx.o
 .debug_abbrev  0x00000c6a       0x12 startup\startup_stm32f091xc.o

.debug_aranges  0x00000000      0x388
 .debug_aranges
                0x00000000       0xb8 Drivers\STM32F0xx_HAL_Driver\Src\stm32f0xx_hal.o
 .debug_aranges
                0x000000b8       0xb0 Drivers\STM32F0xx_HAL_Driver\Src\stm32f0xx_hal_can.o
 .debug_aranges
                0x00000168       0xc0 Drivers\STM32F0xx_HAL_Driver\Src\stm32f0xx_hal_cortex.o
 .debug_aranges
                0x00000228       0x58 Drivers\STM32F0xx_HAL_Driver\Src\stm32f0xx_hal_gpio.o
 .debug_aranges
                0x00000280       0x30 Src\can.o
 .debug_aranges
                0x000002b0       0x40 Src\main.o
 .debug_aranges
                0x000002f0       0x48 Src\stm32f0xx_it.o
 .debug_aranges
                0x00000338       0x28 Src\system_stm32f0xx.o
 .debug_aranges
                0x00000360       0x28 startup\startup_stm32f091xc.o

.debug_ranges   0x00000000      0x300
 .debug_ranges  0x00000000       0xa8 Drivers\STM32F0xx_HAL_Driver\Src\stm32f0xx_hal.o
 .debug_ranges  0x000000a8       0xa0 Drivers\STM32F0xx_HAL_Driver\Src\stm32f0xx_hal_can.o
 .debug_ranges  0x00000148       0xb0 Drivers\STM32F0xx_HAL_Driver\Src\stm32f0xx_hal_cortex.o
 .debug_ranges  0x000001f8       0x48 Drivers\STM32F0xx_HAL_Driver\Src\stm32f0xx_hal_gpio.o
 .debug_ranges  0x00000240       0x20 Src\can.o
 .debug_ranges  0x00000260       0x30 Src\main.o
 .debug_ranges  0x00000290       0x38 Src\stm32f0xx_it.o
 .debug_ranges  0x000002c8       0x18 Src\system_stm32f0xx.o
 .debug_ranges  0x000002e0       0x20 startup\startup_stm32f091xc.o

.debug_line     0x00000000     0x1824
 .debug_line    0x00000000      0x31a Drivers\STM32F0xx_HAL_Driver\Src\stm32f0xx_hal.o
 .debug_line    0x0000031a      0x6a4 Drivers\STM32F0xx_HAL_Driver\Src\stm32f0xx_hal_can.o
 .debug_line    0x000009be      0x340 Drivers\STM32F0xx_HAL_Driver\Src\stm32f0xx_hal_cortex.o
 .debug_line    0x00000cfe      0x335 Drivers\STM32F0xx_HAL_Driver\Src\stm32f0xx_hal_gpio.o
 .debug_line    0x00001033      0x1db Src\can.o
 .debug_line    0x0000120e      0x249 Src\main.o
 .debug_line    0x00001457      0x1db Src\stm32f0xx_it.o
 .debug_line    0x00001632      0x16f Src\system_stm32f0xx.o
 .debug_line    0x000017a1       0x83 startup\startup_stm32f091xc.o

.debug_str      0x00000000     0x11ed
 .debug_str     0x00000000      0x5aa Drivers\STM32F0xx_HAL_Driver\Src\stm32f0xx_hal.o
                                0x5f7 (size before relaxing)
 .debug_str     0x000005aa      0x492 Drivers\STM32F0xx_HAL_Driver\Src\stm32f0xx_hal_can.o
                                0x76c (size before relaxing)
 .debug_str     0x00000a3c      0x1f8 Drivers\STM32F0xx_HAL_Driver\Src\stm32f0xx_hal_cortex.o
                                0x63b (size before relaxing)
 .debug_str     0x00000c34      0x1bc Drivers\STM32F0xx_HAL_Driver\Src\stm32f0xx_hal_gpio.o
                                0x419 (size before relaxing)
 .debug_str     0x00000df0       0x33 Src\can.o
                                0x7ce (size before relaxing)
 .debug_str     0x00000e23      0x2d2 Src\main.o
                                0x83c (size before relaxing)
 .debug_str     0x000010f5       0x72 Src\stm32f0xx_it.o
                                0x513 (size before relaxing)
 .debug_str     0x00001167       0x86 Src\system_stm32f0xx.o
                                0x268 (size before relaxing)

.comment        0x00000000       0x7e
 .comment       0x00000000       0x7e Drivers\STM32F0xx_HAL_Driver\Src\stm32f0xx_hal.o
                                 0x7f (size before relaxing)
 .comment       0x0000007e       0x7f Drivers\STM32F0xx_HAL_Driver\Src\stm32f0xx_hal_can.o
 .comment       0x0000007e       0x7f Drivers\STM32F0xx_HAL_Driver\Src\stm32f0xx_hal_cortex.o
 .comment       0x0000007e       0x7f Drivers\STM32F0xx_HAL_Driver\Src\stm32f0xx_hal_gpio.o
 .comment       0x0000007e       0x7f Src\can.o
 .comment       0x0000007e       0x7f Src\main.o
 .comment       0x0000007e       0x7f Src\stm32f0xx_it.o
 .comment       0x0000007e       0x7f Src\system_stm32f0xx.o

.debug_frame    0x00000000      0xacc
 .debug_frame   0x00000000      0x248 Drivers\STM32F0xx_HAL_Driver\Src\stm32f0xx_hal.o
 .debug_frame   0x00000248      0x270 Drivers\STM32F0xx_HAL_Driver\Src\stm32f0xx_hal_can.o
 .debug_frame   0x000004b8      0x2a4 Drivers\STM32F0xx_HAL_Driver\Src\stm32f0xx_hal_cortex.o
 .debug_frame   0x0000075c      0x110 Drivers\STM32F0xx_HAL_Driver\Src\stm32f0xx_hal_gpio.o
 .debug_frame   0x0000086c       0x6c Src\can.o
 .debug_frame   0x000008d8       0xa4 Src\main.o
 .debug_frame   0x0000097c       0xb8 Src\stm32f0xx_it.o
 .debug_frame   0x00000a34       0x4c Src\system_stm32f0xx.o
 .debug_frame   0x00000a80       0x2c d:/truestudio for arm 7.1.2/armtools/bin/../lib/gcc/arm-atollic-eabi/5.3.1/../../../../arm-atollic-eabi/lib/armv6-m\libc_nano.a(lib_a-init.o)
 .debug_frame   0x00000aac       0x20 d:/truestudio for arm 7.1.2/armtools/bin/../lib/gcc/arm-atollic-eabi/5.3.1/../../../../arm-atollic-eabi/lib/armv6-m\libc_nano.a(lib_a-memset.o)

.stabstr        0x00000000       0x76
 .stabstr       0x00000000       0x76 d:/truestudio for arm 7.1.2/armtools/bin/../lib/gcc/arm-atollic-eabi/5.3.1/../../../../arm-atollic-eabi/lib/armv6-m\libnosys.a(getpid.o)

Cross Reference Table

Symbol                                            File
ADC1_COMP_IRQHandler                              startup\startup_stm32f091xc.o
AHBPrescTable                                     Src\system_stm32f0xx.o
                                                  Drivers\STM32F0xx_HAL_Driver\Src\stm32f0xx_hal_rcc.o
APBPrescTable                                     Src\system_stm32f0xx.o
                                                  Drivers\STM32F0xx_HAL_Driver\Src\stm32f0xx_hal_rcc.o
CEC_CAN_IRQHandler                                Src\stm32f0xx_it.o
DMA1_Ch1_IRQHandler                               startup\startup_stm32f091xc.o
DMA1_Ch2_3_DMA2_Ch1_2_IRQHandler                  startup\startup_stm32f091xc.o
DMA1_Ch4_7_DMA2_Ch3_5_IRQHandler                  startup\startup_stm32f091xc.o
Default_Handler                                   startup\startup_stm32f091xc.o
EXTI0_1_IRQHandler                                startup\startup_stm32f091xc.o
EXTI2_3_IRQHandler                                startup\startup_stm32f091xc.o
EXTI4_15_IRQHandler                               startup\startup_stm32f091xc.o
FLASH_IRQHandler                                  startup\startup_stm32f091xc.o
FLASH_PageErase                                   Drivers\STM32F0xx_HAL_Driver\Src\stm32f0xx_hal_flash_ex.o
                                                  Drivers\STM32F0xx_HAL_Driver\Src\stm32f0xx_hal_flash.o
FLASH_WaitForLastOperation                        Drivers\STM32F0xx_HAL_Driver\Src\stm32f0xx_hal_flash.o
                                                  Drivers\STM32F0xx_HAL_Driver\Src\stm32f0xx_hal_flash_ex.o
HAL_ADCEx_Calibration_Start                       Drivers\STM32F0xx_HAL_Driver\Src\stm32f0xx_hal_adc_ex.o
HAL_ADC_AnalogWDGConfig                           Drivers\STM32F0xx_HAL_Driver\Src\stm32f0xx_hal_adc.o
HAL_ADC_ConfigChannel                             Drivers\STM32F0xx_HAL_Driver\Src\stm32f0xx_hal_adc.o
                                                  Src\adc.o
HAL_ADC_ConvCpltCallback                          Drivers\STM32F0xx_HAL_Driver\Src\stm32f0xx_hal_adc.o
HAL_ADC_ConvHalfCpltCallback                      Drivers\STM32F0xx_HAL_Driver\Src\stm32f0xx_hal_adc.o
HAL_ADC_DeInit                                    Drivers\STM32F0xx_HAL_Driver\Src\stm32f0xx_hal_adc.o
HAL_ADC_ErrorCallback                             Drivers\STM32F0xx_HAL_Driver\Src\stm32f0xx_hal_adc.o
HAL_ADC_GetError                                  Drivers\STM32F0xx_HAL_Driver\Src\stm32f0xx_hal_adc.o
HAL_ADC_GetState                                  Drivers\STM32F0xx_HAL_Driver\Src\stm32f0xx_hal_adc.o
HAL_ADC_GetValue                                  Drivers\STM32F0xx_HAL_Driver\Src\stm32f0xx_hal_adc.o
HAL_ADC_IRQHandler                                Drivers\STM32F0xx_HAL_Driver\Src\stm32f0xx_hal_adc.o
HAL_ADC_Init                                      Drivers\STM32F0xx_HAL_Driver\Src\stm32f0xx_hal_adc.o
                                                  Src\adc.o
HAL_ADC_LevelOutOfWindowCallback                  Drivers\STM32F0xx_HAL_Driver\Src\stm32f0xx_hal_adc.o
HAL_ADC_MspDeInit                                 Src\adc.o
                                                  Drivers\STM32F0xx_HAL_Driver\Src\stm32f0xx_hal_adc.o
HAL_ADC_MspInit                                   Src\adc.o
                                                  Drivers\STM32F0xx_HAL_Driver\Src\stm32f0xx_hal_adc.o
HAL_ADC_PollForConversion                         Drivers\STM32F0xx_HAL_Driver\Src\stm32f0xx_hal_adc.o
HAL_ADC_PollForEvent                              Drivers\STM32F0xx_HAL_Driver\Src\stm32f0xx_hal_adc.o
HAL_ADC_Start                                     Drivers\STM32F0xx_HAL_Driver\Src\stm32f0xx_hal_adc.o
HAL_ADC_Start_DMA                                 Drivers\STM32F0xx_HAL_Driver\Src\stm32f0xx_hal_adc.o
HAL_ADC_Start_IT                                  Drivers\STM32F0xx_HAL_Driver\Src\stm32f0xx_hal_adc.o
HAL_ADC_Stop                                      Drivers\STM32F0xx_HAL_Driver\Src\stm32f0xx_hal_adc.o
HAL_ADC_Stop_DMA                                  Drivers\STM32F0xx_HAL_Driver\Src\stm32f0xx_hal_adc.o
HAL_ADC_Stop_IT                                   Drivers\STM32F0xx_HAL_Driver\Src\stm32f0xx_hal_adc.o
HAL_CAN_ConfigFilter                              Drivers\STM32F0xx_HAL_Driver\Src\stm32f0xx_hal_can.o
HAL_CAN_DeInit                                    Drivers\STM32F0xx_HAL_Driver\Src\stm32f0xx_hal_can.o
HAL_CAN_ErrorCallback                             Drivers\STM32F0xx_HAL_Driver\Src\stm32f0xx_hal_can.o
HAL_CAN_GetError                                  Drivers\STM32F0xx_HAL_Driver\Src\stm32f0xx_hal_can.o
HAL_CAN_GetState                                  Drivers\STM32F0xx_HAL_Driver\Src\stm32f0xx_hal_can.o
HAL_CAN_IRQHandler                                Drivers\STM32F0xx_HAL_Driver\Src\stm32f0xx_hal_can.o
                                                  Src\stm32f0xx_it.o
HAL_CAN_Init                                      Drivers\STM32F0xx_HAL_Driver\Src\stm32f0xx_hal_can.o
                                                  Src\can.o
HAL_CAN_MspDeInit                                 Src\can.o
                                                  Drivers\STM32F0xx_HAL_Driver\Src\stm32f0xx_hal_can.o
HAL_CAN_MspInit                                   Src\can.o
                                                  Drivers\STM32F0xx_HAL_Driver\Src\stm32f0xx_hal_can.o
HAL_CAN_Receive                                   Drivers\STM32F0xx_HAL_Driver\Src\stm32f0xx_hal_can.o
HAL_CAN_Receive_IT                                Drivers\STM32F0xx_HAL_Driver\Src\stm32f0xx_hal_can.o
                                                  Src\main.o
HAL_CAN_RxCpltCallback                            Src\main.o
                                                  Drivers\STM32F0xx_HAL_Driver\Src\stm32f0xx_hal_can.o
HAL_CAN_Sleep                                     Drivers\STM32F0xx_HAL_Driver\Src\stm32f0xx_hal_can.o
HAL_CAN_Transmit                                  Drivers\STM32F0xx_HAL_Driver\Src\stm32f0xx_hal_can.o
HAL_CAN_Transmit_IT                               Drivers\STM32F0xx_HAL_Driver\Src\stm32f0xx_hal_can.o
HAL_CAN_TxCpltCallback                            Drivers\STM32F0xx_HAL_Driver\Src\stm32f0xx_hal_can.o
HAL_CAN_WakeUp                                    Drivers\STM32F0xx_HAL_Driver\Src\stm32f0xx_hal_can.o
HAL_DBGMCU_DisableDBGStandbyMode                  Drivers\STM32F0xx_HAL_Driver\Src\stm32f0xx_hal.o
HAL_DBGMCU_DisableDBGStopMode                     Drivers\STM32F0xx_HAL_Driver\Src\stm32f0xx_hal.o
HAL_DBGMCU_EnableDBGStandbyMode                   Drivers\STM32F0xx_HAL_Driver\Src\stm32f0xx_hal.o
HAL_DBGMCU_EnableDBGStopMode                      Drivers\STM32F0xx_HAL_Driver\Src\stm32f0xx_hal.o
HAL_DMA_Abort                                     Drivers\STM32F0xx_HAL_Driver\Src\stm32f0xx_hal_dma.o
                                                  Drivers\STM32F0xx_HAL_Driver\Src\stm32f0xx_hal_tim.o
                                                  Drivers\STM32F0xx_HAL_Driver\Src\stm32f0xx_hal_adc.o
HAL_DMA_Abort_IT                                  Drivers\STM32F0xx_HAL_Driver\Src\stm32f0xx_hal_dma.o
                                                  Drivers\STM32F0xx_HAL_Driver\Src\stm32f0xx_hal_i2c.o
HAL_DMA_DeInit                                    Drivers\STM32F0xx_HAL_Driver\Src\stm32f0xx_hal_dma.o
HAL_DMA_GetError                                  Drivers\STM32F0xx_HAL_Driver\Src\stm32f0xx_hal_dma.o
HAL_DMA_GetState                                  Drivers\STM32F0xx_HAL_Driver\Src\stm32f0xx_hal_dma.o
HAL_DMA_IRQHandler                                Drivers\STM32F0xx_HAL_Driver\Src\stm32f0xx_hal_dma.o
HAL_DMA_Init                                      Drivers\STM32F0xx_HAL_Driver\Src\stm32f0xx_hal_dma.o
HAL_DMA_PollForTransfer                           Drivers\STM32F0xx_HAL_Driver\Src\stm32f0xx_hal_dma.o
HAL_DMA_RegisterCallback                          Drivers\STM32F0xx_HAL_Driver\Src\stm32f0xx_hal_dma.o
HAL_DMA_Start                                     Drivers\STM32F0xx_HAL_Driver\Src\stm32f0xx_hal_dma.o
HAL_DMA_Start_IT                                  Drivers\STM32F0xx_HAL_Driver\Src\stm32f0xx_hal_dma.o
                                                  Drivers\STM32F0xx_HAL_Driver\Src\stm32f0xx_hal_tim_ex.o
                                                  Drivers\STM32F0xx_HAL_Driver\Src\stm32f0xx_hal_tim.o
                                                  Drivers\STM32F0xx_HAL_Driver\Src\stm32f0xx_hal_i2c.o
                                                  Drivers\STM32F0xx_HAL_Driver\Src\stm32f0xx_hal_adc.o
HAL_DMA_UnRegisterCallback                        Drivers\STM32F0xx_HAL_Driver\Src\stm32f0xx_hal_dma.o
HAL_DeInit                                        Drivers\STM32F0xx_HAL_Driver\Src\stm32f0xx_hal.o
HAL_Delay                                         Drivers\STM32F0xx_HAL_Driver\Src\stm32f0xx_hal.o
                                                  Src\main.o
HAL_FLASHEx_Erase                                 Drivers\STM32F0xx_HAL_Driver\Src\stm32f0xx_hal_flash_ex.o
HAL_FLASHEx_Erase_IT                              Drivers\STM32F0xx_HAL_Driver\Src\stm32f0xx_hal_flash_ex.o
HAL_FLASHEx_OBErase                               Drivers\STM32F0xx_HAL_Driver\Src\stm32f0xx_hal_flash_ex.o
HAL_FLASHEx_OBGetConfig                           Drivers\STM32F0xx_HAL_Driver\Src\stm32f0xx_hal_flash_ex.o
HAL_FLASHEx_OBGetUserData                         Drivers\STM32F0xx_HAL_Driver\Src\stm32f0xx_hal_flash_ex.o
HAL_FLASHEx_OBProgram                             Drivers\STM32F0xx_HAL_Driver\Src\stm32f0xx_hal_flash_ex.o
HAL_FLASH_EndOfOperationCallback                  Drivers\STM32F0xx_HAL_Driver\Src\stm32f0xx_hal_flash.o
HAL_FLASH_GetError                                Drivers\STM32F0xx_HAL_Driver\Src\stm32f0xx_hal_flash.o
HAL_FLASH_IRQHandler                              Drivers\STM32F0xx_HAL_Driver\Src\stm32f0xx_hal_flash.o
HAL_FLASH_Lock                                    Drivers\STM32F0xx_HAL_Driver\Src\stm32f0xx_hal_flash.o
HAL_FLASH_OB_Launch                               Drivers\STM32F0xx_HAL_Driver\Src\stm32f0xx_hal_flash.o
HAL_FLASH_OB_Lock                                 Drivers\STM32F0xx_HAL_Driver\Src\stm32f0xx_hal_flash.o
HAL_FLASH_OB_Unlock                               Drivers\STM32F0xx_HAL_Driver\Src\stm32f0xx_hal_flash.o
HAL_FLASH_OperationErrorCallback                  Drivers\STM32F0xx_HAL_Driver\Src\stm32f0xx_hal_flash.o
HAL_FLASH_Program                                 Drivers\STM32F0xx_HAL_Driver\Src\stm32f0xx_hal_flash.o
HAL_FLASH_Program_IT                              Drivers\STM32F0xx_HAL_Driver\Src\stm32f0xx_hal_flash.o
HAL_FLASH_Unlock                                  Drivers\STM32F0xx_HAL_Driver\Src\stm32f0xx_hal_flash.o
HAL_GPIO_DeInit                                   Drivers\STM32F0xx_HAL_Driver\Src\stm32f0xx_hal_gpio.o
                                                  Src\tim.o
                                                  Src\can.o
                                                  Src\adc.o
HAL_GPIO_EXTI_Callback                            Drivers\STM32F0xx_HAL_Driver\Src\stm32f0xx_hal_gpio.o
HAL_GPIO_EXTI_IRQHandler                          Drivers\STM32F0xx_HAL_Driver\Src\stm32f0xx_hal_gpio.o
HAL_GPIO_Init                                     Drivers\STM32F0xx_HAL_Driver\Src\stm32f0xx_hal_gpio.o
                                                  Src\tim.o
                                                  Src\gpio.o
                                                  Src\can.o
                                                  Src\adc.o
                                                  Drivers\STM32F0xx_HAL_Driver\Src\stm32f0xx_hal_rcc.o
HAL_GPIO_LockPin                                  Drivers\STM32F0xx_HAL_Driver\Src\stm32f0xx_hal_gpio.o
HAL_GPIO_ReadPin                                  Drivers\STM32F0xx_HAL_Driver\Src\stm32f0xx_hal_gpio.o
HAL_GPIO_TogglePin                                Drivers\STM32F0xx_HAL_Driver\Src\stm32f0xx_hal_gpio.o
HAL_GPIO_WritePin                                 Drivers\STM32F0xx_HAL_Driver\Src\stm32f0xx_hal_gpio.o
                                                  Src\main.o
                                                  Src\gpio.o
HAL_GetDEVID                                      Drivers\STM32F0xx_HAL_Driver\Src\stm32f0xx_hal.o
HAL_GetHalVersion                                 Drivers\STM32F0xx_HAL_Driver\Src\stm32f0xx_hal.o
HAL_GetREVID                                      Drivers\STM32F0xx_HAL_Driver\Src\stm32f0xx_hal.o
HAL_GetTick                                       Drivers\STM32F0xx_HAL_Driver\Src\stm32f0xx_hal.o
                                                  Src\main.o
                                                  Drivers\STM32F0xx_HAL_Driver\Src\stm32f0xx_hal_rcc_ex.o
                                                  Drivers\STM32F0xx_HAL_Driver\Src\stm32f0xx_hal_rcc.o
                                                  Drivers\STM32F0xx_HAL_Driver\Src\stm32f0xx_hal_i2c.o
                                                  Drivers\STM32F0xx_HAL_Driver\Src\stm32f0xx_hal_flash.o
                                                  Drivers\STM32F0xx_HAL_Driver\Src\stm32f0xx_hal_dma.o
                                                  Drivers\STM32F0xx_HAL_Driver\Src\stm32f0xx_hal_can.o
                                                  Drivers\STM32F0xx_HAL_Driver\Src\stm32f0xx_hal_adc_ex.o
                                                  Drivers\STM32F0xx_HAL_Driver\Src\stm32f0xx_hal_adc.o
HAL_GetUIDw0                                      Drivers\STM32F0xx_HAL_Driver\Src\stm32f0xx_hal.o
HAL_GetUIDw1                                      Drivers\STM32F0xx_HAL_Driver\Src\stm32f0xx_hal.o
HAL_GetUIDw2                                      Drivers\STM32F0xx_HAL_Driver\Src\stm32f0xx_hal.o
HAL_I2CEx_ConfigAnalogFilter                      Drivers\STM32F0xx_HAL_Driver\Src\stm32f0xx_hal_i2c_ex.o
HAL_I2CEx_ConfigDigitalFilter                     Drivers\STM32F0xx_HAL_Driver\Src\stm32f0xx_hal_i2c_ex.o
HAL_I2CEx_DisableFastModePlus                     Drivers\STM32F0xx_HAL_Driver\Src\stm32f0xx_hal_i2c_ex.o
HAL_I2CEx_DisableWakeUp                           Drivers\STM32F0xx_HAL_Driver\Src\stm32f0xx_hal_i2c_ex.o
HAL_I2CEx_EnableFastModePlus                      Drivers\STM32F0xx_HAL_Driver\Src\stm32f0xx_hal_i2c_ex.o
HAL_I2CEx_EnableWakeUp                            Drivers\STM32F0xx_HAL_Driver\Src\stm32f0xx_hal_i2c_ex.o
HAL_I2C_AbortCpltCallback                         Drivers\STM32F0xx_HAL_Driver\Src\stm32f0xx_hal_i2c.o
HAL_I2C_AddrCallback                              Drivers\STM32F0xx_HAL_Driver\Src\stm32f0xx_hal_i2c.o
HAL_I2C_DeInit                                    Drivers\STM32F0xx_HAL_Driver\Src\stm32f0xx_hal_i2c.o
HAL_I2C_DisableListen_IT                          Drivers\STM32F0xx_HAL_Driver\Src\stm32f0xx_hal_i2c.o
HAL_I2C_ER_IRQHandler                             Drivers\STM32F0xx_HAL_Driver\Src\stm32f0xx_hal_i2c.o
HAL_I2C_EV_IRQHandler                             Drivers\STM32F0xx_HAL_Driver\Src\stm32f0xx_hal_i2c.o
HAL_I2C_EnableListen_IT                           Drivers\STM32F0xx_HAL_Driver\Src\stm32f0xx_hal_i2c.o
HAL_I2C_ErrorCallback                             Drivers\STM32F0xx_HAL_Driver\Src\stm32f0xx_hal_i2c.o
HAL_I2C_GetError                                  Drivers\STM32F0xx_HAL_Driver\Src\stm32f0xx_hal_i2c.o
HAL_I2C_GetMode                                   Drivers\STM32F0xx_HAL_Driver\Src\stm32f0xx_hal_i2c.o
HAL_I2C_GetState                                  Drivers\STM32F0xx_HAL_Driver\Src\stm32f0xx_hal_i2c.o
HAL_I2C_Init                                      Drivers\STM32F0xx_HAL_Driver\Src\stm32f0xx_hal_i2c.o
HAL_I2C_IsDeviceReady                             Drivers\STM32F0xx_HAL_Driver\Src\stm32f0xx_hal_i2c.o
HAL_I2C_ListenCpltCallback                        Drivers\STM32F0xx_HAL_Driver\Src\stm32f0xx_hal_i2c.o
HAL_I2C_MasterRxCpltCallback                      Drivers\STM32F0xx_HAL_Driver\Src\stm32f0xx_hal_i2c.o
HAL_I2C_MasterTxCpltCallback                      Drivers\STM32F0xx_HAL_Driver\Src\stm32f0xx_hal_i2c.o
HAL_I2C_Master_Abort_IT                           Drivers\STM32F0xx_HAL_Driver\Src\stm32f0xx_hal_i2c.o
HAL_I2C_Master_Receive                            Drivers\STM32F0xx_HAL_Driver\Src\stm32f0xx_hal_i2c.o
HAL_I2C_Master_Receive_DMA                        Drivers\STM32F0xx_HAL_Driver\Src\stm32f0xx_hal_i2c.o
HAL_I2C_Master_Receive_IT                         Drivers\STM32F0xx_HAL_Driver\Src\stm32f0xx_hal_i2c.o
HAL_I2C_Master_Sequential_Receive_IT              Drivers\STM32F0xx_HAL_Driver\Src\stm32f0xx_hal_i2c.o
HAL_I2C_Master_Sequential_Transmit_IT             Drivers\STM32F0xx_HAL_Driver\Src\stm32f0xx_hal_i2c.o
HAL_I2C_Master_Transmit                           Drivers\STM32F0xx_HAL_Driver\Src\stm32f0xx_hal_i2c.o
HAL_I2C_Master_Transmit_DMA                       Drivers\STM32F0xx_HAL_Driver\Src\stm32f0xx_hal_i2c.o
HAL_I2C_Master_Transmit_IT                        Drivers\STM32F0xx_HAL_Driver\Src\stm32f0xx_hal_i2c.o
HAL_I2C_MemRxCpltCallback                         Drivers\STM32F0xx_HAL_Driver\Src\stm32f0xx_hal_i2c.o
HAL_I2C_MemTxCpltCallback                         Drivers\STM32F0xx_HAL_Driver\Src\stm32f0xx_hal_i2c.o
HAL_I2C_Mem_Read                                  Drivers\STM32F0xx_HAL_Driver\Src\stm32f0xx_hal_i2c.o
HAL_I2C_Mem_Read_DMA                              Drivers\STM32F0xx_HAL_Driver\Src\stm32f0xx_hal_i2c.o
HAL_I2C_Mem_Read_IT                               Drivers\STM32F0xx_HAL_Driver\Src\stm32f0xx_hal_i2c.o
HAL_I2C_Mem_Write                                 Drivers\STM32F0xx_HAL_Driver\Src\stm32f0xx_hal_i2c.o
HAL_I2C_Mem_Write_DMA                             Drivers\STM32F0xx_HAL_Driver\Src\stm32f0xx_hal_i2c.o
HAL_I2C_Mem_Write_IT                              Drivers\STM32F0xx_HAL_Driver\Src\stm32f0xx_hal_i2c.o
HAL_I2C_MspDeInit                                 Drivers\STM32F0xx_HAL_Driver\Src\stm32f0xx_hal_i2c.o
HAL_I2C_MspInit                                   Drivers\STM32F0xx_HAL_Driver\Src\stm32f0xx_hal_i2c.o
HAL_I2C_SlaveRxCpltCallback                       Drivers\STM32F0xx_HAL_Driver\Src\stm32f0xx_hal_i2c.o
HAL_I2C_SlaveTxCpltCallback                       Drivers\STM32F0xx_HAL_Driver\Src\stm32f0xx_hal_i2c.o
HAL_I2C_Slave_Receive                             Drivers\STM32F0xx_HAL_Driver\Src\stm32f0xx_hal_i2c.o
HAL_I2C_Slave_Receive_DMA                         Drivers\STM32F0xx_HAL_Driver\Src\stm32f0xx_hal_i2c.o
HAL_I2C_Slave_Receive_IT                          Drivers\STM32F0xx_HAL_Driver\Src\stm32f0xx_hal_i2c.o
HAL_I2C_Slave_Sequential_Receive_IT               Drivers\STM32F0xx_HAL_Driver\Src\stm32f0xx_hal_i2c.o
HAL_I2C_Slave_Sequential_Transmit_IT              Drivers\STM32F0xx_HAL_Driver\Src\stm32f0xx_hal_i2c.o
HAL_I2C_Slave_Transmit                            Drivers\STM32F0xx_HAL_Driver\Src\stm32f0xx_hal_i2c.o
HAL_I2C_Slave_Transmit_DMA                        Drivers\STM32F0xx_HAL_Driver\Src\stm32f0xx_hal_i2c.o
HAL_I2C_Slave_Transmit_IT                         Drivers\STM32F0xx_HAL_Driver\Src\stm32f0xx_hal_i2c.o
HAL_IncTick                                       Drivers\STM32F0xx_HAL_Driver\Src\stm32f0xx_hal.o
                                                  Src\stm32f0xx_it.o
HAL_Init                                          Drivers\STM32F0xx_HAL_Driver\Src\stm32f0xx_hal.o
                                                  Src\init.o
HAL_InitTick                                      Drivers\STM32F0xx_HAL_Driver\Src\stm32f0xx_hal.o
                                                  Drivers\STM32F0xx_HAL_Driver\Src\stm32f0xx_hal_rcc.o
HAL_MspDeInit                                     Drivers\STM32F0xx_HAL_Driver\Src\stm32f0xx_hal.o
HAL_MspInit                                       Src\stm32f0xx_hal_msp.o
                                                  Drivers\STM32F0xx_HAL_Driver\Src\stm32f0xx_hal.o
HAL_NVIC_ClearPendingIRQ                          Drivers\STM32F0xx_HAL_Driver\Src\stm32f0xx_hal_cortex.o
HAL_NVIC_DisableIRQ                               Drivers\STM32F0xx_HAL_Driver\Src\stm32f0xx_hal_cortex.o
                                                  Src\can.o
HAL_NVIC_EnableIRQ                                Drivers\STM32F0xx_HAL_Driver\Src\stm32f0xx_hal_cortex.o
                                                  Src\can.o
HAL_NVIC_GetPendingIRQ                            Drivers\STM32F0xx_HAL_Driver\Src\stm32f0xx_hal_cortex.o
HAL_NVIC_GetPriority                              Drivers\STM32F0xx_HAL_Driver\Src\stm32f0xx_hal_cortex.o
HAL_NVIC_SetPendingIRQ                            Drivers\STM32F0xx_HAL_Driver\Src\stm32f0xx_hal_cortex.o
HAL_NVIC_SetPriority                              Drivers\STM32F0xx_HAL_Driver\Src\stm32f0xx_hal_cortex.o
                                                  Src\stm32f0xx_hal_msp.o
                                                  Src\init.o
                                                  Src\can.o
                                                  Drivers\STM32F0xx_HAL_Driver\Src\stm32f0xx_hal.o
HAL_NVIC_SystemReset                              Drivers\STM32F0xx_HAL_Driver\Src\stm32f0xx_hal_cortex.o
HAL_PWREx_DisableVddio2Monitor                    Drivers\STM32F0xx_HAL_Driver\Src\stm32f0xx_hal_pwr_ex.o
HAL_PWREx_EnableVddio2Monitor                     Drivers\STM32F0xx_HAL_Driver\Src\stm32f0xx_hal_pwr_ex.o
HAL_PWREx_Vddio2MonitorCallback                   Drivers\STM32F0xx_HAL_Driver\Src\stm32f0xx_hal_pwr_ex.o
HAL_PWREx_Vddio2Monitor_IRQHandler                Drivers\STM32F0xx_HAL_Driver\Src\stm32f0xx_hal_pwr_ex.o
HAL_PWR_ConfigPVD                                 Drivers\STM32F0xx_HAL_Driver\Src\stm32f0xx_hal_pwr_ex.o
HAL_PWR_DeInit                                    Drivers\STM32F0xx_HAL_Driver\Src\stm32f0xx_hal_pwr.o
HAL_PWR_DisableBkUpAccess                         Drivers\STM32F0xx_HAL_Driver\Src\stm32f0xx_hal_pwr.o
HAL_PWR_DisablePVD                                Drivers\STM32F0xx_HAL_Driver\Src\stm32f0xx_hal_pwr_ex.o
HAL_PWR_DisableSEVOnPend                          Drivers\STM32F0xx_HAL_Driver\Src\stm32f0xx_hal_pwr.o
HAL_PWR_DisableSleepOnExit                        Drivers\STM32F0xx_HAL_Driver\Src\stm32f0xx_hal_pwr.o
HAL_PWR_DisableWakeUpPin                          Drivers\STM32F0xx_HAL_Driver\Src\stm32f0xx_hal_pwr.o
HAL_PWR_EnableBkUpAccess                          Drivers\STM32F0xx_HAL_Driver\Src\stm32f0xx_hal_pwr.o
HAL_PWR_EnablePVD                                 Drivers\STM32F0xx_HAL_Driver\Src\stm32f0xx_hal_pwr_ex.o
HAL_PWR_EnableSEVOnPend                           Drivers\STM32F0xx_HAL_Driver\Src\stm32f0xx_hal_pwr.o
HAL_PWR_EnableSleepOnExit                         Drivers\STM32F0xx_HAL_Driver\Src\stm32f0xx_hal_pwr.o
HAL_PWR_EnableWakeUpPin                           Drivers\STM32F0xx_HAL_Driver\Src\stm32f0xx_hal_pwr.o
HAL_PWR_EnterSLEEPMode                            Drivers\STM32F0xx_HAL_Driver\Src\stm32f0xx_hal_pwr.o
HAL_PWR_EnterSTANDBYMode                          Drivers\STM32F0xx_HAL_Driver\Src\stm32f0xx_hal_pwr.o
HAL_PWR_EnterSTOPMode                             Drivers\STM32F0xx_HAL_Driver\Src\stm32f0xx_hal_pwr.o
HAL_PWR_PVDCallback                               Drivers\STM32F0xx_HAL_Driver\Src\stm32f0xx_hal_pwr_ex.o
HAL_PWR_PVD_IRQHandler                            Drivers\STM32F0xx_HAL_Driver\Src\stm32f0xx_hal_pwr_ex.o
HAL_RCCEx_CRSConfig                               Drivers\STM32F0xx_HAL_Driver\Src\stm32f0xx_hal_rcc_ex.o
HAL_RCCEx_CRSGetSynchronizationInfo               Drivers\STM32F0xx_HAL_Driver\Src\stm32f0xx_hal_rcc_ex.o
HAL_RCCEx_CRSSoftwareSynchronizationGenerate      Drivers\STM32F0xx_HAL_Driver\Src\stm32f0xx_hal_rcc_ex.o
HAL_RCCEx_CRSWaitSynchronization                  Drivers\STM32F0xx_HAL_Driver\Src\stm32f0xx_hal_rcc_ex.o
HAL_RCCEx_CRS_ErrorCallback                       Drivers\STM32F0xx_HAL_Driver\Src\stm32f0xx_hal_rcc_ex.o
HAL_RCCEx_CRS_ExpectedSyncCallback                Drivers\STM32F0xx_HAL_Driver\Src\stm32f0xx_hal_rcc_ex.o
HAL_RCCEx_CRS_IRQHandler                          Drivers\STM32F0xx_HAL_Driver\Src\stm32f0xx_hal_rcc_ex.o
HAL_RCCEx_CRS_SyncOkCallback                      Drivers\STM32F0xx_HAL_Driver\Src\stm32f0xx_hal_rcc_ex.o
HAL_RCCEx_CRS_SyncWarnCallback                    Drivers\STM32F0xx_HAL_Driver\Src\stm32f0xx_hal_rcc_ex.o
HAL_RCCEx_GetPeriphCLKConfig                      Drivers\STM32F0xx_HAL_Driver\Src\stm32f0xx_hal_rcc_ex.o
HAL_RCCEx_GetPeriphCLKFreq                        Drivers\STM32F0xx_HAL_Driver\Src\stm32f0xx_hal_rcc_ex.o
HAL_RCCEx_PeriphCLKConfig                         Drivers\STM32F0xx_HAL_Driver\Src\stm32f0xx_hal_rcc_ex.o
HAL_RCC_CSSCallback                               Drivers\STM32F0xx_HAL_Driver\Src\stm32f0xx_hal_rcc.o
HAL_RCC_ClockConfig                               Drivers\STM32F0xx_HAL_Driver\Src\stm32f0xx_hal_rcc.o
                                                  Src\init.o
HAL_RCC_DeInit                                    Drivers\STM32F0xx_HAL_Driver\Src\stm32f0xx_hal_rcc.o
HAL_RCC_DisableCSS                                Drivers\STM32F0xx_HAL_Driver\Src\stm32f0xx_hal_rcc.o
HAL_RCC_EnableCSS                                 Drivers\STM32F0xx_HAL_Driver\Src\stm32f0xx_hal_rcc.o
HAL_RCC_GetClockConfig                            Drivers\STM32F0xx_HAL_Driver\Src\stm32f0xx_hal_rcc.o
HAL_RCC_GetHCLKFreq                               Drivers\STM32F0xx_HAL_Driver\Src\stm32f0xx_hal_rcc.o
                                                  Src\init.o
                                                  Drivers\STM32F0xx_HAL_Driver\Src\stm32f0xx_hal.o
HAL_RCC_GetOscConfig                              Drivers\STM32F0xx_HAL_Driver\Src\stm32f0xx_hal_rcc.o
HAL_RCC_GetPCLK1Freq                              Drivers\STM32F0xx_HAL_Driver\Src\stm32f0xx_hal_rcc.o
                                                  Drivers\STM32F0xx_HAL_Driver\Src\stm32f0xx_hal_rcc_ex.o
HAL_RCC_GetSysClockFreq                           Drivers\STM32F0xx_HAL_Driver\Src\stm32f0xx_hal_rcc.o
                                                  Drivers\STM32F0xx_HAL_Driver\Src\stm32f0xx_hal_rcc_ex.o
HAL_RCC_MCOConfig                                 Drivers\STM32F0xx_HAL_Driver\Src\stm32f0xx_hal_rcc.o
HAL_RCC_NMI_IRQHandler                            Drivers\STM32F0xx_HAL_Driver\Src\stm32f0xx_hal_rcc.o
HAL_RCC_OscConfig                                 Drivers\STM32F0xx_HAL_Driver\Src\stm32f0xx_hal_rcc.o
                                                  Src\init.o
HAL_ResumeTick                                    Drivers\STM32F0xx_HAL_Driver\Src\stm32f0xx_hal.o
HAL_SYSTICK_CLKSourceConfig                       Drivers\STM32F0xx_HAL_Driver\Src\stm32f0xx_hal_cortex.o
                                                  Src\init.o
HAL_SYSTICK_Callback                              Drivers\STM32F0xx_HAL_Driver\Src\stm32f0xx_hal_cortex.o
HAL_SYSTICK_Config                                Drivers\STM32F0xx_HAL_Driver\Src\stm32f0xx_hal_cortex.o
                                                  Src\init.o
                                                  Drivers\STM32F0xx_HAL_Driver\Src\stm32f0xx_hal.o
HAL_SYSTICK_IRQHandler                            Drivers\STM32F0xx_HAL_Driver\Src\stm32f0xx_hal_cortex.o
                                                  Src\stm32f0xx_it.o
HAL_SuspendTick                                   Drivers\STM32F0xx_HAL_Driver\Src\stm32f0xx_hal.o
HAL_TIMEx_BreakCallback                           Drivers\STM32F0xx_HAL_Driver\Src\stm32f0xx_hal_tim_ex.o
                                                  Drivers\STM32F0xx_HAL_Driver\Src\stm32f0xx_hal_tim.o
HAL_TIMEx_CommutationCallback                     Drivers\STM32F0xx_HAL_Driver\Src\stm32f0xx_hal_tim_ex.o
                                                  Drivers\STM32F0xx_HAL_Driver\Src\stm32f0xx_hal_tim.o
HAL_TIMEx_ConfigBreakDeadTime                     Drivers\STM32F0xx_HAL_Driver\Src\stm32f0xx_hal_tim_ex.o
HAL_TIMEx_ConfigCommutationEvent                  Drivers\STM32F0xx_HAL_Driver\Src\stm32f0xx_hal_tim_ex.o
HAL_TIMEx_ConfigCommutationEvent_DMA              Drivers\STM32F0xx_HAL_Driver\Src\stm32f0xx_hal_tim_ex.o
HAL_TIMEx_ConfigCommutationEvent_IT               Drivers\STM32F0xx_HAL_Driver\Src\stm32f0xx_hal_tim_ex.o
HAL_TIMEx_HallSensor_DeInit                       Drivers\STM32F0xx_HAL_Driver\Src\stm32f0xx_hal_tim_ex.o
HAL_TIMEx_HallSensor_GetState                     Drivers\STM32F0xx_HAL_Driver\Src\stm32f0xx_hal_tim_ex.o
HAL_TIMEx_HallSensor_Init                         Drivers\STM32F0xx_HAL_Driver\Src\stm32f0xx_hal_tim_ex.o
HAL_TIMEx_HallSensor_MspDeInit                    Drivers\STM32F0xx_HAL_Driver\Src\stm32f0xx_hal_tim_ex.o
HAL_TIMEx_HallSensor_MspInit                      Drivers\STM32F0xx_HAL_Driver\Src\stm32f0xx_hal_tim_ex.o
HAL_TIMEx_HallSensor_Start                        Drivers\STM32F0xx_HAL_Driver\Src\stm32f0xx_hal_tim_ex.o
HAL_TIMEx_HallSensor_Start_DMA                    Drivers\STM32F0xx_HAL_Driver\Src\stm32f0xx_hal_tim_ex.o
HAL_TIMEx_HallSensor_Start_IT                     Drivers\STM32F0xx_HAL_Driver\Src\stm32f0xx_hal_tim_ex.o
HAL_TIMEx_HallSensor_Stop                         Drivers\STM32F0xx_HAL_Driver\Src\stm32f0xx_hal_tim_ex.o
HAL_TIMEx_HallSensor_Stop_DMA                     Drivers\STM32F0xx_HAL_Driver\Src\stm32f0xx_hal_tim_ex.o
HAL_TIMEx_HallSensor_Stop_IT                      Drivers\STM32F0xx_HAL_Driver\Src\stm32f0xx_hal_tim_ex.o
HAL_TIMEx_MasterConfigSynchronization             Drivers\STM32F0xx_HAL_Driver\Src\stm32f0xx_hal_tim_ex.o
                                                  Src\tim.o
HAL_TIMEx_OCN_Start                               Drivers\STM32F0xx_HAL_Driver\Src\stm32f0xx_hal_tim_ex.o
HAL_TIMEx_OCN_Start_DMA                           Drivers\STM32F0xx_HAL_Driver\Src\stm32f0xx_hal_tim_ex.o
HAL_TIMEx_OCN_Start_IT                            Drivers\STM32F0xx_HAL_Driver\Src\stm32f0xx_hal_tim_ex.o
HAL_TIMEx_OCN_Stop                                Drivers\STM32F0xx_HAL_Driver\Src\stm32f0xx_hal_tim_ex.o
HAL_TIMEx_OCN_Stop_DMA                            Drivers\STM32F0xx_HAL_Driver\Src\stm32f0xx_hal_tim_ex.o
HAL_TIMEx_OCN_Stop_IT                             Drivers\STM32F0xx_HAL_Driver\Src\stm32f0xx_hal_tim_ex.o
HAL_TIMEx_OnePulseN_Start                         Drivers\STM32F0xx_HAL_Driver\Src\stm32f0xx_hal_tim_ex.o
HAL_TIMEx_OnePulseN_Start_IT                      Drivers\STM32F0xx_HAL_Driver\Src\stm32f0xx_hal_tim_ex.o
HAL_TIMEx_OnePulseN_Stop                          Drivers\STM32F0xx_HAL_Driver\Src\stm32f0xx_hal_tim_ex.o
HAL_TIMEx_OnePulseN_Stop_IT                       Drivers\STM32F0xx_HAL_Driver\Src\stm32f0xx_hal_tim_ex.o
HAL_TIMEx_PWMN_Start                              Drivers\STM32F0xx_HAL_Driver\Src\stm32f0xx_hal_tim_ex.o
HAL_TIMEx_PWMN_Start_DMA                          Drivers\STM32F0xx_HAL_Driver\Src\stm32f0xx_hal_tim_ex.o
HAL_TIMEx_PWMN_Start_IT                           Drivers\STM32F0xx_HAL_Driver\Src\stm32f0xx_hal_tim_ex.o
HAL_TIMEx_PWMN_Stop                               Drivers\STM32F0xx_HAL_Driver\Src\stm32f0xx_hal_tim_ex.o
HAL_TIMEx_PWMN_Stop_DMA                           Drivers\STM32F0xx_HAL_Driver\Src\stm32f0xx_hal_tim_ex.o
HAL_TIMEx_PWMN_Stop_IT                            Drivers\STM32F0xx_HAL_Driver\Src\stm32f0xx_hal_tim_ex.o
HAL_TIMEx_RemapConfig                             Drivers\STM32F0xx_HAL_Driver\Src\stm32f0xx_hal_tim_ex.o
HAL_TIM_Base_DeInit                               Drivers\STM32F0xx_HAL_Driver\Src\stm32f0xx_hal_tim.o
HAL_TIM_Base_GetState                             Drivers\STM32F0xx_HAL_Driver\Src\stm32f0xx_hal_tim.o
HAL_TIM_Base_Init                                 Drivers\STM32F0xx_HAL_Driver\Src\stm32f0xx_hal_tim.o
                                                  Src\tim.o
HAL_TIM_Base_MspDeInit                            Src\tim.o
                                                  Drivers\STM32F0xx_HAL_Driver\Src\stm32f0xx_hal_tim.o
HAL_TIM_Base_MspInit                              Src\tim.o
                                                  Drivers\STM32F0xx_HAL_Driver\Src\stm32f0xx_hal_tim.o
HAL_TIM_Base_Start                                Drivers\STM32F0xx_HAL_Driver\Src\stm32f0xx_hal_tim.o
HAL_TIM_Base_Start_DMA                            Drivers\STM32F0xx_HAL_Driver\Src\stm32f0xx_hal_tim.o
HAL_TIM_Base_Start_IT                             Drivers\STM32F0xx_HAL_Driver\Src\stm32f0xx_hal_tim.o
HAL_TIM_Base_Stop                                 Drivers\STM32F0xx_HAL_Driver\Src\stm32f0xx_hal_tim.o
HAL_TIM_Base_Stop_DMA                             Drivers\STM32F0xx_HAL_Driver\Src\stm32f0xx_hal_tim.o
HAL_TIM_Base_Stop_IT                              Drivers\STM32F0xx_HAL_Driver\Src\stm32f0xx_hal_tim.o
HAL_TIM_ConfigClockSource                         Drivers\STM32F0xx_HAL_Driver\Src\stm32f0xx_hal_tim.o
                                                  Src\tim.o
HAL_TIM_ConfigOCrefClear                          Drivers\STM32F0xx_HAL_Driver\Src\stm32f0xx_hal_tim_ex.o
                                                  Drivers\STM32F0xx_HAL_Driver\Src\stm32f0xx_hal_tim.o
HAL_TIM_ConfigTI1Input                            Drivers\STM32F0xx_HAL_Driver\Src\stm32f0xx_hal_tim.o
HAL_TIM_DMABurst_MultiReadStart                   Drivers\STM32F0xx_HAL_Driver\Src\stm32f0xx_hal_tim.o
HAL_TIM_DMABurst_MultiWriteStart                  Drivers\STM32F0xx_HAL_Driver\Src\stm32f0xx_hal_tim.o
HAL_TIM_DMABurst_ReadStart                        Drivers\STM32F0xx_HAL_Driver\Src\stm32f0xx_hal_tim.o
HAL_TIM_DMABurst_ReadStop                         Drivers\STM32F0xx_HAL_Driver\Src\stm32f0xx_hal_tim.o
HAL_TIM_DMABurst_WriteStart                       Drivers\STM32F0xx_HAL_Driver\Src\stm32f0xx_hal_tim.o
HAL_TIM_DMABurst_WriteStop                        Drivers\STM32F0xx_HAL_Driver\Src\stm32f0xx_hal_tim.o
HAL_TIM_Encoder_DeInit                            Drivers\STM32F0xx_HAL_Driver\Src\stm32f0xx_hal_tim.o
HAL_TIM_Encoder_GetState                          Drivers\STM32F0xx_HAL_Driver\Src\stm32f0xx_hal_tim.o
HAL_TIM_Encoder_Init                              Drivers\STM32F0xx_HAL_Driver\Src\stm32f0xx_hal_tim.o
HAL_TIM_Encoder_MspDeInit                         Drivers\STM32F0xx_HAL_Driver\Src\stm32f0xx_hal_tim.o
HAL_TIM_Encoder_MspInit                           Drivers\STM32F0xx_HAL_Driver\Src\stm32f0xx_hal_tim.o
HAL_TIM_Encoder_Start                             Drivers\STM32F0xx_HAL_Driver\Src\stm32f0xx_hal_tim.o
HAL_TIM_Encoder_Start_DMA                         Drivers\STM32F0xx_HAL_Driver\Src\stm32f0xx_hal_tim.o
HAL_TIM_Encoder_Start_IT                          Drivers\STM32F0xx_HAL_Driver\Src\stm32f0xx_hal_tim.o
HAL_TIM_Encoder_Stop                              Drivers\STM32F0xx_HAL_Driver\Src\stm32f0xx_hal_tim.o
HAL_TIM_Encoder_Stop_DMA                          Drivers\STM32F0xx_HAL_Driver\Src\stm32f0xx_hal_tim.o
HAL_TIM_Encoder_Stop_IT                           Drivers\STM32F0xx_HAL_Driver\Src\stm32f0xx_hal_tim.o
HAL_TIM_ErrorCallback                             Drivers\STM32F0xx_HAL_Driver\Src\stm32f0xx_hal_tim.o
HAL_TIM_GenerateEvent                             Drivers\STM32F0xx_HAL_Driver\Src\stm32f0xx_hal_tim.o
HAL_TIM_IC_CaptureCallback                        Drivers\STM32F0xx_HAL_Driver\Src\stm32f0xx_hal_tim.o
HAL_TIM_IC_ConfigChannel                          Drivers\STM32F0xx_HAL_Driver\Src\stm32f0xx_hal_tim.o
                                                  Src\tim.o
HAL_TIM_IC_DeInit                                 Drivers\STM32F0xx_HAL_Driver\Src\stm32f0xx_hal_tim.o
HAL_TIM_IC_GetState                               Drivers\STM32F0xx_HAL_Driver\Src\stm32f0xx_hal_tim.o
HAL_TIM_IC_Init                                   Drivers\STM32F0xx_HAL_Driver\Src\stm32f0xx_hal_tim.o
                                                  Src\tim.o
HAL_TIM_IC_MspDeInit                              Drivers\STM32F0xx_HAL_Driver\Src\stm32f0xx_hal_tim.o
HAL_TIM_IC_MspInit                                Drivers\STM32F0xx_HAL_Driver\Src\stm32f0xx_hal_tim.o
HAL_TIM_IC_Start                                  Drivers\STM32F0xx_HAL_Driver\Src\stm32f0xx_hal_tim.o
HAL_TIM_IC_Start_DMA                              Drivers\STM32F0xx_HAL_Driver\Src\stm32f0xx_hal_tim.o
HAL_TIM_IC_Start_IT                               Drivers\STM32F0xx_HAL_Driver\Src\stm32f0xx_hal_tim.o
HAL_TIM_IC_Stop                                   Drivers\STM32F0xx_HAL_Driver\Src\stm32f0xx_hal_tim.o
HAL_TIM_IC_Stop_DMA                               Drivers\STM32F0xx_HAL_Driver\Src\stm32f0xx_hal_tim.o
HAL_TIM_IC_Stop_IT                                Drivers\STM32F0xx_HAL_Driver\Src\stm32f0xx_hal_tim.o
HAL_TIM_IRQHandler                                Drivers\STM32F0xx_HAL_Driver\Src\stm32f0xx_hal_tim.o
HAL_TIM_OC_ConfigChannel                          Drivers\STM32F0xx_HAL_Driver\Src\stm32f0xx_hal_tim.o
HAL_TIM_OC_DeInit                                 Drivers\STM32F0xx_HAL_Driver\Src\stm32f0xx_hal_tim.o
HAL_TIM_OC_DelayElapsedCallback                   Drivers\STM32F0xx_HAL_Driver\Src\stm32f0xx_hal_tim.o
HAL_TIM_OC_GetState                               Drivers\STM32F0xx_HAL_Driver\Src\stm32f0xx_hal_tim.o
HAL_TIM_OC_Init                                   Drivers\STM32F0xx_HAL_Driver\Src\stm32f0xx_hal_tim.o
HAL_TIM_OC_MspDeInit                              Drivers\STM32F0xx_HAL_Driver\Src\stm32f0xx_hal_tim.o
HAL_TIM_OC_MspInit                                Drivers\STM32F0xx_HAL_Driver\Src\stm32f0xx_hal_tim.o
HAL_TIM_OC_Start                                  Drivers\STM32F0xx_HAL_Driver\Src\stm32f0xx_hal_tim.o
HAL_TIM_OC_Start_DMA                              Drivers\STM32F0xx_HAL_Driver\Src\stm32f0xx_hal_tim.o
HAL_TIM_OC_Start_IT                               Drivers\STM32F0xx_HAL_Driver\Src\stm32f0xx_hal_tim.o
HAL_TIM_OC_Stop                                   Drivers\STM32F0xx_HAL_Driver\Src\stm32f0xx_hal_tim.o
HAL_TIM_OC_Stop_DMA                               Drivers\STM32F0xx_HAL_Driver\Src\stm32f0xx_hal_tim.o
HAL_TIM_OC_Stop_IT                                Drivers\STM32F0xx_HAL_Driver\Src\stm32f0xx_hal_tim.o
HAL_TIM_OnePulse_ConfigChannel                    Drivers\STM32F0xx_HAL_Driver\Src\stm32f0xx_hal_tim.o
HAL_TIM_OnePulse_DeInit                           Drivers\STM32F0xx_HAL_Driver\Src\stm32f0xx_hal_tim.o
HAL_TIM_OnePulse_GetState                         Drivers\STM32F0xx_HAL_Driver\Src\stm32f0xx_hal_tim.o
HAL_TIM_OnePulse_Init                             Drivers\STM32F0xx_HAL_Driver\Src\stm32f0xx_hal_tim.o
HAL_TIM_OnePulse_MspDeInit                        Drivers\STM32F0xx_HAL_Driver\Src\stm32f0xx_hal_tim.o
HAL_TIM_OnePulse_MspInit                          Drivers\STM32F0xx_HAL_Driver\Src\stm32f0xx_hal_tim.o
HAL_TIM_OnePulse_Start                            Drivers\STM32F0xx_HAL_Driver\Src\stm32f0xx_hal_tim.o
HAL_TIM_OnePulse_Start_IT                         Drivers\STM32F0xx_HAL_Driver\Src\stm32f0xx_hal_tim.o
HAL_TIM_OnePulse_Stop                             Drivers\STM32F0xx_HAL_Driver\Src\stm32f0xx_hal_tim.o
HAL_TIM_OnePulse_Stop_IT                          Drivers\STM32F0xx_HAL_Driver\Src\stm32f0xx_hal_tim.o
HAL_TIM_PWM_ConfigChannel                         Drivers\STM32F0xx_HAL_Driver\Src\stm32f0xx_hal_tim.o
HAL_TIM_PWM_DeInit                                Drivers\STM32F0xx_HAL_Driver\Src\stm32f0xx_hal_tim.o
HAL_TIM_PWM_GetState                              Drivers\STM32F0xx_HAL_Driver\Src\stm32f0xx_hal_tim.o
HAL_TIM_PWM_Init                                  Drivers\STM32F0xx_HAL_Driver\Src\stm32f0xx_hal_tim.o
HAL_TIM_PWM_MspDeInit                             Drivers\STM32F0xx_HAL_Driver\Src\stm32f0xx_hal_tim.o
HAL_TIM_PWM_MspInit                               Drivers\STM32F0xx_HAL_Driver\Src\stm32f0xx_hal_tim.o
HAL_TIM_PWM_PulseFinishedCallback                 Drivers\STM32F0xx_HAL_Driver\Src\stm32f0xx_hal_tim.o
HAL_TIM_PWM_Start                                 Drivers\STM32F0xx_HAL_Driver\Src\stm32f0xx_hal_tim.o
HAL_TIM_PWM_Start_DMA                             Drivers\STM32F0xx_HAL_Driver\Src\stm32f0xx_hal_tim.o
HAL_TIM_PWM_Start_IT                              Drivers\STM32F0xx_HAL_Driver\Src\stm32f0xx_hal_tim.o
HAL_TIM_PWM_Stop                                  Drivers\STM32F0xx_HAL_Driver\Src\stm32f0xx_hal_tim.o
HAL_TIM_PWM_Stop_DMA                              Drivers\STM32F0xx_HAL_Driver\Src\stm32f0xx_hal_tim.o
HAL_TIM_PWM_Stop_IT                               Drivers\STM32F0xx_HAL_Driver\Src\stm32f0xx_hal_tim.o
HAL_TIM_PeriodElapsedCallback                     Drivers\STM32F0xx_HAL_Driver\Src\stm32f0xx_hal_tim.o
HAL_TIM_ReadCapturedValue                         Drivers\STM32F0xx_HAL_Driver\Src\stm32f0xx_hal_tim.o
HAL_TIM_SlaveConfigSynchronization                Drivers\STM32F0xx_HAL_Driver\Src\stm32f0xx_hal_tim.o
                                                  Src\tim.o
HAL_TIM_SlaveConfigSynchronization_IT             Drivers\STM32F0xx_HAL_Driver\Src\stm32f0xx_hal_tim.o
HAL_TIM_TriggerCallback                           Drivers\STM32F0xx_HAL_Driver\Src\stm32f0xx_hal_tim.o
HardFault_Handler                                 Src\stm32f0xx_it.o
I2C1_IRQHandler                                   startup\startup_stm32f091xc.o
I2C2_IRQHandler                                   startup\startup_stm32f091xc.o
MX_ADC_Init                                       Src\adc.o
MX_CAN_Init                                       Src\can.o
                                                  Src\init.o
MX_GPIO_Init                                      Src\gpio.o
                                                  Src\init.o
MX_TIM2_Init                                      Src\tim.o
NMI_Handler                                       Src\stm32f0xx_it.o
PVD_VDDIO2_IRQHandler                             startup\startup_stm32f091xc.o
PendSV_Handler                                    Src\stm32f0xx_it.o
RCC_CRS_IRQHandler                                startup\startup_stm32f091xc.o
RTC_IRQHandler                                    startup\startup_stm32f091xc.o
Reset_Handler                                     startup\startup_stm32f091xc.o
SPI1_IRQHandler                                   startup\startup_stm32f091xc.o
SPI2_IRQHandler                                   startup\startup_stm32f091xc.o
SVC_Handler                                       Src\stm32f0xx_it.o
SysTick_Handler                                   Src\stm32f0xx_it.o
SystemClock_Config()                              Src\init.o
SystemCoreClock                                   Src\system_stm32f0xx.o
                                                  Drivers\STM32F0xx_HAL_Driver\Src\stm32f0xx_hal_rcc.o
                                                  Drivers\STM32F0xx_HAL_Driver\Src\stm32f0xx_hal_adc.o
SystemCoreClockUpdate                             Src\system_stm32f0xx.o
SystemInit                                        Src\system_stm32f0xx.o
                                                  startup\startup_stm32f091xc.o
TIM14_IRQHandler                                  startup\startup_stm32f091xc.o
TIM15_IRQHandler                                  startup\startup_stm32f091xc.o
TIM16_IRQHandler                                  startup\startup_stm32f091xc.o
TIM17_IRQHandler                                  startup\startup_stm32f091xc.o
TIM1_BRK_UP_TRG_COM_IRQHandler                    startup\startup_stm32f091xc.o
TIM1_CC_IRQHandler                                startup\startup_stm32f091xc.o
TIM2_IRQHandler                                   startup\startup_stm32f091xc.o
TIM3_IRQHandler                                   startup\startup_stm32f091xc.o
TIM6_DAC_IRQHandler                               startup\startup_stm32f091xc.o
TIM7_IRQHandler                                   startup\startup_stm32f091xc.o
TIMEx_DMACommutationCplt                          Drivers\STM32F0xx_HAL_Driver\Src\stm32f0xx_hal_tim_ex.o
                                                  Drivers\STM32F0xx_HAL_Driver\Src\stm32f0xx_hal_tim.o
TIM_Base_SetConfig                                Drivers\STM32F0xx_HAL_Driver\Src\stm32f0xx_hal_tim.o
                                                  Drivers\STM32F0xx_HAL_Driver\Src\stm32f0xx_hal_tim_ex.o
TIM_CCxChannelCmd                                 Drivers\STM32F0xx_HAL_Driver\Src\stm32f0xx_hal_tim.o
                                                  Drivers\STM32F0xx_HAL_Driver\Src\stm32f0xx_hal_tim_ex.o
TIM_DMACaptureCplt                                Drivers\STM32F0xx_HAL_Driver\Src\stm32f0xx_hal_tim.o
                                                  Drivers\STM32F0xx_HAL_Driver\Src\stm32f0xx_hal_tim_ex.o
TIM_DMADelayPulseCplt                             Drivers\STM32F0xx_HAL_Driver\Src\stm32f0xx_hal_tim.o
                                                  Drivers\STM32F0xx_HAL_Driver\Src\stm32f0xx_hal_tim_ex.o
TIM_DMAError                                      Drivers\STM32F0xx_HAL_Driver\Src\stm32f0xx_hal_tim.o
                                                  Drivers\STM32F0xx_HAL_Driver\Src\stm32f0xx_hal_tim_ex.o
TIM_ETR_SetConfig                                 Drivers\STM32F0xx_HAL_Driver\Src\stm32f0xx_hal_tim.o
                                                  Drivers\STM32F0xx_HAL_Driver\Src\stm32f0xx_hal_tim_ex.o
TIM_OC2_SetConfig                                 Drivers\STM32F0xx_HAL_Driver\Src\stm32f0xx_hal_tim.o
                                                  Drivers\STM32F0xx_HAL_Driver\Src\stm32f0xx_hal_tim_ex.o
TIM_TI1_SetConfig                                 Drivers\STM32F0xx_HAL_Driver\Src\stm32f0xx_hal_tim.o
                                                  Drivers\STM32F0xx_HAL_Driver\Src\stm32f0xx_hal_tim_ex.o
TSC_IRQHandler                                    startup\startup_stm32f091xc.o
USART1_IRQHandler                                 startup\startup_stm32f091xc.o
USART2_IRQHandler                                 startup\startup_stm32f091xc.o
USART3_8_IRQHandler                               startup\startup_stm32f091xc.o
WWDG_IRQHandler                                   startup\startup_stm32f091xc.o
_Error_Handler                                    Src\tim.o
                                                  Src\can.o
                                                  Src\adc.o
_Error_Handler(char const*, int)                  Src\main.o
                                                  Src\init.o
_Unwind_Backtrace                                 d:/truestudio for arm 7.1.2/armtools/bin/../lib/gcc/arm-atollic-eabi/5.3.1/armv6-m\libgcc.a(libunwind.o)
_Unwind_Complete                                  d:/truestudio for arm 7.1.2/armtools/bin/../lib/gcc/arm-atollic-eabi/5.3.1/armv6-m\libgcc.a(unwind-arm.o)
_Unwind_DeleteException                           d:/truestudio for arm 7.1.2/armtools/bin/../lib/gcc/arm-atollic-eabi/5.3.1/armv6-m\libgcc.a(unwind-arm.o)
_Unwind_ForcedUnwind                              d:/truestudio for arm 7.1.2/armtools/bin/../lib/gcc/arm-atollic-eabi/5.3.1/armv6-m\libgcc.a(libunwind.o)
_Unwind_GetCFA                                    d:/truestudio for arm 7.1.2/armtools/bin/../lib/gcc/arm-atollic-eabi/5.3.1/armv6-m\libgcc.a(unwind-arm.o)
_Unwind_GetDataRelBase                            d:/truestudio for arm 7.1.2/armtools/bin/../lib/gcc/arm-atollic-eabi/5.3.1/armv6-m\libgcc.a(pr-support.o)
_Unwind_GetLanguageSpecificData                   d:/truestudio for arm 7.1.2/armtools/bin/../lib/gcc/arm-atollic-eabi/5.3.1/armv6-m\libgcc.a(pr-support.o)
_Unwind_GetRegionStart                            d:/truestudio for arm 7.1.2/armtools/bin/../lib/gcc/arm-atollic-eabi/5.3.1/armv6-m\libgcc.a(pr-support.o)
_Unwind_GetTextRelBase                            d:/truestudio for arm 7.1.2/armtools/bin/../lib/gcc/arm-atollic-eabi/5.3.1/armv6-m\libgcc.a(pr-support.o)
_Unwind_RaiseException                            d:/truestudio for arm 7.1.2/armtools/bin/../lib/gcc/arm-atollic-eabi/5.3.1/armv6-m\libgcc.a(libunwind.o)
_Unwind_Resume                                    d:/truestudio for arm 7.1.2/armtools/bin/../lib/gcc/arm-atollic-eabi/5.3.1/armv6-m\libgcc.a(libunwind.o)
_Unwind_Resume_or_Rethrow                         d:/truestudio for arm 7.1.2/armtools/bin/../lib/gcc/arm-atollic-eabi/5.3.1/armv6-m\libgcc.a(libunwind.o)
_Unwind_VRS_Get                                   d:/truestudio for arm 7.1.2/armtools/bin/../lib/gcc/arm-atollic-eabi/5.3.1/armv6-m\libgcc.a(unwind-arm.o)
                                                  d:/truestudio for arm 7.1.2/armtools/bin/../lib/gcc/arm-atollic-eabi/5.3.1/armv6-m\libgcc.a(pr-support.o)
_Unwind_VRS_Pop                                   d:/truestudio for arm 7.1.2/armtools/bin/../lib/gcc/arm-atollic-eabi/5.3.1/armv6-m\libgcc.a(unwind-arm.o)
                                                  d:/truestudio for arm 7.1.2/armtools/bin/../lib/gcc/arm-atollic-eabi/5.3.1/armv6-m\libgcc.a(pr-support.o)
_Unwind_VRS_Set                                   d:/truestudio for arm 7.1.2/armtools/bin/../lib/gcc/arm-atollic-eabi/5.3.1/armv6-m\libgcc.a(unwind-arm.o)
                                                  d:/truestudio for arm 7.1.2/armtools/bin/../lib/gcc/arm-atollic-eabi/5.3.1/armv6-m\libgcc.a(pr-support.o)
___Unwind_Backtrace                               d:/truestudio for arm 7.1.2/armtools/bin/../lib/gcc/arm-atollic-eabi/5.3.1/armv6-m\libgcc.a(libunwind.o)
___Unwind_ForcedUnwind                            d:/truestudio for arm 7.1.2/armtools/bin/../lib/gcc/arm-atollic-eabi/5.3.1/armv6-m\libgcc.a(libunwind.o)
___Unwind_RaiseException                          d:/truestudio for arm 7.1.2/armtools/bin/../lib/gcc/arm-atollic-eabi/5.3.1/armv6-m\libgcc.a(libunwind.o)
___Unwind_Resume                                  d:/truestudio for arm 7.1.2/armtools/bin/../lib/gcc/arm-atollic-eabi/5.3.1/armv6-m\libgcc.a(libunwind.o)
___Unwind_Resume_or_Rethrow                       d:/truestudio for arm 7.1.2/armtools/bin/../lib/gcc/arm-atollic-eabi/5.3.1/armv6-m\libgcc.a(libunwind.o)
__aeabi_idiv0                                     d:/truestudio for arm 7.1.2/armtools/bin/../lib/gcc/arm-atollic-eabi/5.3.1/armv6-m\libgcc.a(_dvmd_tls.o)
                                                  d:/truestudio for arm 7.1.2/armtools/bin/../lib/gcc/arm-atollic-eabi/5.3.1/armv6-m\libgcc.a(_udivsi3.o)
__aeabi_ldiv0                                     d:/truestudio for arm 7.1.2/armtools/bin/../lib/gcc/arm-atollic-eabi/5.3.1/armv6-m\libgcc.a(_dvmd_tls.o)
__aeabi_uidiv                                     d:/truestudio for arm 7.1.2/armtools/bin/../lib/gcc/arm-atollic-eabi/5.3.1/armv6-m\libgcc.a(_udivsi3.o)
                                                  Src\system_stm32f0xx.o
                                                  Src\init.o
                                                  Drivers\STM32F0xx_HAL_Driver\Src\stm32f0xx_hal_rcc.o
                                                  Drivers\STM32F0xx_HAL_Driver\Src\stm32f0xx_hal_dma.o
                                                  Drivers\STM32F0xx_HAL_Driver\Src\stm32f0xx_hal_adc.o
                                                  Drivers\STM32F0xx_HAL_Driver\Src\stm32f0xx_hal.o
__aeabi_uidivmod                                  d:/truestudio for arm 7.1.2/armtools/bin/../lib/gcc/arm-atollic-eabi/5.3.1/armv6-m\libgcc.a(_udivsi3.o)
__aeabi_unwind_cpp_pr0                            d:/truestudio for arm 7.1.2/armtools/bin/../lib/gcc/arm-atollic-eabi/5.3.1/armv6-m\libgcc.a(unwind-arm.o)
                                                  d:/truestudio for arm 7.1.2/armtools/bin/../lib/gcc/arm-atollic-eabi/5.3.1/armv6-m\libgcc.a(pr-support.o)
                                                  Src\main.o
                                                  Src\init.o
__aeabi_unwind_cpp_pr1                            d:/truestudio for arm 7.1.2/armtools/bin/../lib/gcc/arm-atollic-eabi/5.3.1/armv6-m\libgcc.a(unwind-arm.o)
                                                  d:/truestudio for arm 7.1.2/armtools/bin/../lib/gcc/arm-atollic-eabi/5.3.1/armv6-m\libgcc.a(pr-support.o)
                                                  Src\init.o
__aeabi_unwind_cpp_pr2                            d:/truestudio for arm 7.1.2/armtools/bin/../lib/gcc/arm-atollic-eabi/5.3.1/armv6-m\libgcc.a(unwind-arm.o)
__cxa_begin_cleanup                               d:/truestudio for arm 7.1.2/armtools/bin/../lib/gcc/arm-atollic-eabi/5.3.1/armv6-m\libgcc.a(unwind-arm.o)
__cxa_call_unexpected                             d:/truestudio for arm 7.1.2/armtools/bin/../lib/gcc/arm-atollic-eabi/5.3.1/armv6-m\libgcc.a(unwind-arm.o)
__cxa_type_match                                  d:/truestudio for arm 7.1.2/armtools/bin/../lib/gcc/arm-atollic-eabi/5.3.1/armv6-m\libgcc.a(unwind-arm.o)
__deregister_frame_info                           d:/truestudio for arm 7.1.2/armtools/bin/../lib/gcc/arm-atollic-eabi/5.3.1/armv6-m/crtbegin.o
__dso_handle                                      d:/truestudio for arm 7.1.2/armtools/bin/../lib/gcc/arm-atollic-eabi/5.3.1/armv6-m/crtbegin.o
__exidx_end                                       d:/truestudio for arm 7.1.2/armtools/bin/../lib/gcc/arm-atollic-eabi/5.3.1/armv6-m\libgcc.a(unwind-arm.o)
__exidx_start                                     d:/truestudio for arm 7.1.2/armtools/bin/../lib/gcc/arm-atollic-eabi/5.3.1/armv6-m\libgcc.a(unwind-arm.o)
__gnu_Unwind_Backtrace                            d:/truestudio for arm 7.1.2/armtools/bin/../lib/gcc/arm-atollic-eabi/5.3.1/armv6-m\libgcc.a(unwind-arm.o)
                                                  d:/truestudio for arm 7.1.2/armtools/bin/../lib/gcc/arm-atollic-eabi/5.3.1/armv6-m\libgcc.a(libunwind.o)
__gnu_Unwind_Find_exidx                           d:/truestudio for arm 7.1.2/armtools/bin/../lib/gcc/arm-atollic-eabi/5.3.1/armv6-m\libgcc.a(unwind-arm.o)
__gnu_Unwind_ForcedUnwind                         d:/truestudio for arm 7.1.2/armtools/bin/../lib/gcc/arm-atollic-eabi/5.3.1/armv6-m\libgcc.a(unwind-arm.o)
                                                  d:/truestudio for arm 7.1.2/armtools/bin/../lib/gcc/arm-atollic-eabi/5.3.1/armv6-m\libgcc.a(libunwind.o)
__gnu_Unwind_RaiseException                       d:/truestudio for arm 7.1.2/armtools/bin/../lib/gcc/arm-atollic-eabi/5.3.1/armv6-m\libgcc.a(unwind-arm.o)
                                                  d:/truestudio for arm 7.1.2/armtools/bin/../lib/gcc/arm-atollic-eabi/5.3.1/armv6-m\libgcc.a(libunwind.o)
__gnu_Unwind_Restore_VFP                          d:/truestudio for arm 7.1.2/armtools/bin/../lib/gcc/arm-atollic-eabi/5.3.1/armv6-m\libgcc.a(libunwind.o)
                                                  d:/truestudio for arm 7.1.2/armtools/bin/../lib/gcc/arm-atollic-eabi/5.3.1/armv6-m\libgcc.a(unwind-arm.o)
__gnu_Unwind_Restore_VFP_D                        d:/truestudio for arm 7.1.2/armtools/bin/../lib/gcc/arm-atollic-eabi/5.3.1/armv6-m\libgcc.a(libunwind.o)
                                                  d:/truestudio for arm 7.1.2/armtools/bin/../lib/gcc/arm-atollic-eabi/5.3.1/armv6-m\libgcc.a(unwind-arm.o)
__gnu_Unwind_Restore_VFP_D_16_to_31               d:/truestudio for arm 7.1.2/armtools/bin/../lib/gcc/arm-atollic-eabi/5.3.1/armv6-m\libgcc.a(libunwind.o)
                                                  d:/truestudio for arm 7.1.2/armtools/bin/../lib/gcc/arm-atollic-eabi/5.3.1/armv6-m\libgcc.a(unwind-arm.o)
__gnu_Unwind_Restore_WMMXC                        d:/truestudio for arm 7.1.2/armtools/bin/../lib/gcc/arm-atollic-eabi/5.3.1/armv6-m\libgcc.a(libunwind.o)
                                                  d:/truestudio for arm 7.1.2/armtools/bin/../lib/gcc/arm-atollic-eabi/5.3.1/armv6-m\libgcc.a(unwind-arm.o)
__gnu_Unwind_Restore_WMMXD                        d:/truestudio for arm 7.1.2/armtools/bin/../lib/gcc/arm-atollic-eabi/5.3.1/armv6-m\libgcc.a(libunwind.o)
                                                  d:/truestudio for arm 7.1.2/armtools/bin/../lib/gcc/arm-atollic-eabi/5.3.1/armv6-m\libgcc.a(unwind-arm.o)
__gnu_Unwind_Resume                               d:/truestudio for arm 7.1.2/armtools/bin/../lib/gcc/arm-atollic-eabi/5.3.1/armv6-m\libgcc.a(unwind-arm.o)
                                                  d:/truestudio for arm 7.1.2/armtools/bin/../lib/gcc/arm-atollic-eabi/5.3.1/armv6-m\libgcc.a(libunwind.o)
__gnu_Unwind_Resume_or_Rethrow                    d:/truestudio for arm 7.1.2/armtools/bin/../lib/gcc/arm-atollic-eabi/5.3.1/armv6-m\libgcc.a(unwind-arm.o)
                                                  d:/truestudio for arm 7.1.2/armtools/bin/../lib/gcc/arm-atollic-eabi/5.3.1/armv6-m\libgcc.a(libunwind.o)
__gnu_Unwind_Save_VFP                             d:/truestudio for arm 7.1.2/armtools/bin/../lib/gcc/arm-atollic-eabi/5.3.1/armv6-m\libgcc.a(libunwind.o)
                                                  d:/truestudio for arm 7.1.2/armtools/bin/../lib/gcc/arm-atollic-eabi/5.3.1/armv6-m\libgcc.a(unwind-arm.o)
__gnu_Unwind_Save_VFP_D                           d:/truestudio for arm 7.1.2/armtools/bin/../lib/gcc/arm-atollic-eabi/5.3.1/armv6-m\libgcc.a(libunwind.o)
                                                  d:/truestudio for arm 7.1.2/armtools/bin/../lib/gcc/arm-atollic-eabi/5.3.1/armv6-m\libgcc.a(unwind-arm.o)
__gnu_Unwind_Save_VFP_D_16_to_31                  d:/truestudio for arm 7.1.2/armtools/bin/../lib/gcc/arm-atollic-eabi/5.3.1/armv6-m\libgcc.a(libunwind.o)
                                                  d:/truestudio for arm 7.1.2/armtools/bin/../lib/gcc/arm-atollic-eabi/5.3.1/armv6-m\libgcc.a(unwind-arm.o)
__gnu_Unwind_Save_WMMXC                           d:/truestudio for arm 7.1.2/armtools/bin/../lib/gcc/arm-atollic-eabi/5.3.1/armv6-m\libgcc.a(libunwind.o)
                                                  d:/truestudio for arm 7.1.2/armtools/bin/../lib/gcc/arm-atollic-eabi/5.3.1/armv6-m\libgcc.a(unwind-arm.o)
__gnu_Unwind_Save_WMMXD                           d:/truestudio for arm 7.1.2/armtools/bin/../lib/gcc/arm-atollic-eabi/5.3.1/armv6-m\libgcc.a(libunwind.o)
                                                  d:/truestudio for arm 7.1.2/armtools/bin/../lib/gcc/arm-atollic-eabi/5.3.1/armv6-m\libgcc.a(unwind-arm.o)
__gnu_unwind_execute                              d:/truestudio for arm 7.1.2/armtools/bin/../lib/gcc/arm-atollic-eabi/5.3.1/armv6-m\libgcc.a(pr-support.o)
                                                  d:/truestudio for arm 7.1.2/armtools/bin/../lib/gcc/arm-atollic-eabi/5.3.1/armv6-m\libgcc.a(unwind-arm.o)
__gnu_unwind_frame                                d:/truestudio for arm 7.1.2/armtools/bin/../lib/gcc/arm-atollic-eabi/5.3.1/armv6-m\libgcc.a(pr-support.o)
__init_array_end                                  d:/truestudio for arm 7.1.2/armtools/bin/../lib/gcc/arm-atollic-eabi/5.3.1/../../../../arm-atollic-eabi/lib/armv6-m\libc_nano.a(lib_a-init.o)
__init_array_start                                d:/truestudio for arm 7.1.2/armtools/bin/../lib/gcc/arm-atollic-eabi/5.3.1/../../../../arm-atollic-eabi/lib/armv6-m\libc_nano.a(lib_a-init.o)
__libc_init_array                                 d:/truestudio for arm 7.1.2/armtools/bin/../lib/gcc/arm-atollic-eabi/5.3.1/../../../../arm-atollic-eabi/lib/armv6-m\libc_nano.a(lib_a-init.o)
                                                  startup\startup_stm32f091xc.o
__malloc_free_list                                d:/truestudio for arm 7.1.2/armtools/bin/../lib/gcc/arm-atollic-eabi/5.3.1/../../../../arm-atollic-eabi/lib/armv6-m\libc_nano.a(lib_a-nano-mallocr.o)
                                                  d:/truestudio for arm 7.1.2/armtools/bin/../lib/gcc/arm-atollic-eabi/5.3.1/../../../../arm-atollic-eabi/lib/armv6-m\libc_nano.a(lib_a-nano-freer.o)
__malloc_lock                                     d:/truestudio for arm 7.1.2/armtools/bin/../lib/gcc/arm-atollic-eabi/5.3.1/../../../../arm-atollic-eabi/lib/armv6-m\libc_nano.a(lib_a-mlock.o)
                                                  d:/truestudio for arm 7.1.2/armtools/bin/../lib/gcc/arm-atollic-eabi/5.3.1/../../../../arm-atollic-eabi/lib/armv6-m\libc_nano.a(lib_a-nano-freer.o)
                                                  d:/truestudio for arm 7.1.2/armtools/bin/../lib/gcc/arm-atollic-eabi/5.3.1/../../../../arm-atollic-eabi/lib/armv6-m\libc_nano.a(lib_a-nano-mallocr.o)
__malloc_sbrk_start                               d:/truestudio for arm 7.1.2/armtools/bin/../lib/gcc/arm-atollic-eabi/5.3.1/../../../../arm-atollic-eabi/lib/armv6-m\libc_nano.a(lib_a-nano-mallocr.o)
__malloc_unlock                                   d:/truestudio for arm 7.1.2/armtools/bin/../lib/gcc/arm-atollic-eabi/5.3.1/../../../../arm-atollic-eabi/lib/armv6-m\libc_nano.a(lib_a-mlock.o)
                                                  d:/truestudio for arm 7.1.2/armtools/bin/../lib/gcc/arm-atollic-eabi/5.3.1/../../../../arm-atollic-eabi/lib/armv6-m\libc_nano.a(lib_a-nano-freer.o)
                                                  d:/truestudio for arm 7.1.2/armtools/bin/../lib/gcc/arm-atollic-eabi/5.3.1/../../../../arm-atollic-eabi/lib/armv6-m\libc_nano.a(lib_a-nano-mallocr.o)
__preinit_array_end                               d:/truestudio for arm 7.1.2/armtools/bin/../lib/gcc/arm-atollic-eabi/5.3.1/../../../../arm-atollic-eabi/lib/armv6-m\libc_nano.a(lib_a-init.o)
__preinit_array_start                             d:/truestudio for arm 7.1.2/armtools/bin/../lib/gcc/arm-atollic-eabi/5.3.1/../../../../arm-atollic-eabi/lib/armv6-m\libc_nano.a(lib_a-init.o)
__register_frame_info                             d:/truestudio for arm 7.1.2/armtools/bin/../lib/gcc/arm-atollic-eabi/5.3.1/armv6-m/crtbegin.o
__restore_core_regs                               d:/truestudio for arm 7.1.2/armtools/bin/../lib/gcc/arm-atollic-eabi/5.3.1/armv6-m\libgcc.a(libunwind.o)
__sf_fake_stderr                                  d:/truestudio for arm 7.1.2/armtools/bin/../lib/gcc/arm-atollic-eabi/5.3.1/../../../../arm-atollic-eabi/lib/armv6-m\libc_nano.a(lib_a-impure.o)
__sf_fake_stdin                                   d:/truestudio for arm 7.1.2/armtools/bin/../lib/gcc/arm-atollic-eabi/5.3.1/../../../../arm-atollic-eabi/lib/armv6-m\libc_nano.a(lib_a-impure.o)
__sf_fake_stdout                                  d:/truestudio for arm 7.1.2/armtools/bin/../lib/gcc/arm-atollic-eabi/5.3.1/../../../../arm-atollic-eabi/lib/armv6-m\libc_nano.a(lib_a-impure.o)
__sigtramp                                        d:/truestudio for arm 7.1.2/armtools/bin/../lib/gcc/arm-atollic-eabi/5.3.1/../../../../arm-atollic-eabi/lib/armv6-m\libc_nano.a(lib_a-signal.o)
__sigtramp_r                                      d:/truestudio for arm 7.1.2/armtools/bin/../lib/gcc/arm-atollic-eabi/5.3.1/../../../../arm-atollic-eabi/lib/armv6-m\libc_nano.a(lib_a-signal.o)