Archive member included to satisfy reference by file (symbol)

c:/program files (x86)/gnu tools arm embedded/6 2017-q2-update/bin/../lib/gcc/arm-none-eabi/6.3.1/../../../../arm-none-eabi/lib/thumb/v6-m\libc_nano.a(lib_a-exit.o)
                              c:/program files (x86)/gnu tools arm embedded/6 2017-q2-update/bin/../lib/gcc/arm-none-eabi/6.3.1/../../../../arm-none-eabi/lib/thumb/v6-m/crt0.o (exit)
c:/program files (x86)/gnu tools arm embedded/6 2017-q2-update/bin/../lib/gcc/arm-none-eabi/6.3.1/../../../../arm-none-eabi/lib/thumb/v6-m\libc_nano.a(lib_a-impure.o)
                              c:/program files (x86)/gnu tools arm embedded/6 2017-q2-update/bin/../lib/gcc/arm-none-eabi/6.3.1/../../../../arm-none-eabi/lib/thumb/v6-m\libc_nano.a(lib_a-exit.o) (_global_impure_ptr)
c:/program files (x86)/gnu tools arm embedded/6 2017-q2-update/bin/../lib/gcc/arm-none-eabi/6.3.1/../../../../arm-none-eabi/lib/thumb/v6-m\libc_nano.a(lib_a-init.o)
                              c:/program files (x86)/gnu tools arm embedded/6 2017-q2-update/bin/../lib/gcc/arm-none-eabi/6.3.1/../../../../arm-none-eabi/lib/thumb/v6-m/crt0.o (__libc_init_array)
c:/program files (x86)/gnu tools arm embedded/6 2017-q2-update/bin/../lib/gcc/arm-none-eabi/6.3.1/../../../../arm-none-eabi/lib/thumb/v6-m\libc_nano.a(lib_a-memset.o)
                              c:/program files (x86)/gnu tools arm embedded/6 2017-q2-update/bin/../lib/gcc/arm-none-eabi/6.3.1/../../../../arm-none-eabi/lib/thumb/v6-m/crt0.o (memset)
c:/program files (x86)/gnu tools arm embedded/6 2017-q2-update/bin/../lib/gcc/arm-none-eabi/6.3.1/../../../../arm-none-eabi/lib/thumb/v6-m\libnosys.a(_exit.o)
                              c:/program files (x86)/gnu tools arm embedded/6 2017-q2-update/bin/../lib/gcc/arm-none-eabi/6.3.1/../../../../arm-none-eabi/lib/thumb/v6-m\libc_nano.a(lib_a-exit.o) (_exit)
c:/program files (x86)/gnu tools arm embedded/6 2017-q2-update/bin/../lib/gcc/arm-none-eabi/6.3.1/thumb/v6-m\libgcc.a(_udivsi3.o)
                              build/stm32f0xx_hal.o (__aeabi_uidiv)
c:/program files (x86)/gnu tools arm embedded/6 2017-q2-update/bin/../lib/gcc/arm-none-eabi/6.3.1/thumb/v6-m\libgcc.a(_dvmd_tls.o)
                              c:/program files (x86)/gnu tools arm embedded/6 2017-q2-update/bin/../lib/gcc/arm-none-eabi/6.3.1/thumb/v6-m\libgcc.a(_udivsi3.o) (__aeabi_idiv0)
c:/program files (x86)/gnu tools arm embedded/6 2017-q2-update/bin/../lib/gcc/arm-none-eabi/6.3.1/thumb/v6-m\libgcc.a(_arm_cmpdf2.o)
                              build/tm_stm32_mpu6050.o (__aeabi_dcmpgt)
c:/program files (x86)/gnu tools arm embedded/6 2017-q2-update/bin/../lib/gcc/arm-none-eabi/6.3.1/thumb/v6-m\libgcc.a(adddf3.o)
                              build/tm_stm32_mpu6050.o (__aeabi_dadd)
c:/program files (x86)/gnu tools arm embedded/6 2017-q2-update/bin/../lib/gcc/arm-none-eabi/6.3.1/thumb/v6-m\libgcc.a(divdf3.o)
                              build/tm_stm32_mpu6050.o (__aeabi_ddiv)
c:/program files (x86)/gnu tools arm embedded/6 2017-q2-update/bin/../lib/gcc/arm-none-eabi/6.3.1/thumb/v6-m\libgcc.a(eqdf2.o)
                              c:/program files (x86)/gnu tools arm embedded/6 2017-q2-update/bin/../lib/gcc/arm-none-eabi/6.3.1/thumb/v6-m\libgcc.a(_arm_cmpdf2.o) (__eqdf2)
c:/program files (x86)/gnu tools arm embedded/6 2017-q2-update/bin/../lib/gcc/arm-none-eabi/6.3.1/thumb/v6-m\libgcc.a(gedf2.o)
                              c:/program files (x86)/gnu tools arm embedded/6 2017-q2-update/bin/../lib/gcc/arm-none-eabi/6.3.1/thumb/v6-m\libgcc.a(_arm_cmpdf2.o) (__gedf2)
c:/program files (x86)/gnu tools arm embedded/6 2017-q2-update/bin/../lib/gcc/arm-none-eabi/6.3.1/thumb/v6-m\libgcc.a(ledf2.o)
                              c:/program files (x86)/gnu tools arm embedded/6 2017-q2-update/bin/../lib/gcc/arm-none-eabi/6.3.1/thumb/v6-m\libgcc.a(_arm_cmpdf2.o) (__ledf2)
c:/program files (x86)/gnu tools arm embedded/6 2017-q2-update/bin/../lib/gcc/arm-none-eabi/6.3.1/thumb/v6-m\libgcc.a(muldf3.o)
                              build/tm_stm32_mpu6050.o (__aeabi_dmul)
c:/program files (x86)/gnu tools arm embedded/6 2017-q2-update/bin/../lib/gcc/arm-none-eabi/6.3.1/thumb/v6-m\libgcc.a(subdf3.o)
                              build/tm_stm32_mpu6050.o (__aeabi_dsub)
c:/program files (x86)/gnu tools arm embedded/6 2017-q2-update/bin/../lib/gcc/arm-none-eabi/6.3.1/thumb/v6-m\libgcc.a(fixdfsi.o)
                              build/tm_stm32_mpu6050.o (__aeabi_d2iz)
c:/program files (x86)/gnu tools arm embedded/6 2017-q2-update/bin/../lib/gcc/arm-none-eabi/6.3.1/thumb/v6-m\libgcc.a(floatsidf.o)
                              build/tm_stm32_mpu6050.o (__aeabi_i2d)
c:/program files (x86)/gnu tools arm embedded/6 2017-q2-update/bin/../lib/gcc/arm-none-eabi/6.3.1/thumb/v6-m\libgcc.a(_clzsi2.o)
                              c:/program files (x86)/gnu tools arm embedded/6 2017-q2-update/bin/../lib/gcc/arm-none-eabi/6.3.1/thumb/v6-m\libgcc.a(adddf3.o) (__clzsi2)

Allocating common symbols
[...]
Memory Configuration

Name             Origin             Length             Attributes
RAM              0x20000000         0x00001800         xrw
FLASH            0x08000000         0x00008000         xr
*default*        0x00000000         0xffffffff

Linker script and memory map

LOAD c:/program files (x86)/gnu tools arm embedded/6 2017-q2-update/bin/../lib/gcc/arm-none-eabi/6.3.1/thumb/v6-m/crti.o
LOAD c:/program files (x86)/gnu tools arm embedded/6 2017-q2-update/bin/../lib/gcc/arm-none-eabi/6.3.1/thumb/v6-m/crtbegin.o
LOAD c:/program files (x86)/gnu tools arm embedded/6 2017-q2-update/bin/../lib/gcc/arm-none-eabi/6.3.1/../../../../arm-none-eabi/lib/thumb/v6-m/crt0.o
LOAD build/stm32f0xx_hal.o
LOAD build/stm32f0xx_hal_i2c_ex.o
LOAD build/stm32f0xx_hal_flash.o
LOAD build/stm32f0xx_hal_rcc.o
LOAD build/gpio.o
LOAD build/stm32f0xx_hal_pwr.o
LOAD build/main.o
LOAD build/can.o
LOAD build/i2c.o
LOAD build/stm32f0xx_hal_can.o
LOAD build/stm32f0xx_hal_dma.o
LOAD build/stm32f0xx_hal_flash_ex.o
LOAD build/tim.o
LOAD build/stm32f0xx_hal_pwr_ex.o
LOAD build/stm32f0xx_hal_msp.o
LOAD build/stm32f0xx_hal_tim.o
LOAD build/stm32f0xx_it.o
LOAD build/stm32f0xx_hal_cortex.o
LOAD build/stm32f0xx_hal_tim_ex.o
LOAD build/stm32f0xx_hal_rcc_ex.o
LOAD build/stm32f0xx_hal_i2c.o
LOAD build/stm32f0xx_hal_gpio.o
LOAD build/system_stm32f0xx.o
LOAD build/CANhandler.o
LOAD build/stop_pedal.o
LOAD build/tm_stm32_mpu6050.o
LOAD build/startup_stm32f042x6.o
LOAD c:/program files (x86)/gnu tools arm embedded/6 2017-q2-update/bin/../lib/gcc/arm-none-eabi/6.3.1/../../../../arm-none-eabi/lib/thumb/v6-m\libc_nano.a
LOAD c:/program files (x86)/gnu tools arm embedded/6 2017-q2-update/bin/../lib/gcc/arm-none-eabi/6.3.1/../../../../arm-none-eabi/lib/thumb/v6-m\libm.a
LOAD c:/program files (x86)/gnu tools arm embedded/6 2017-q2-update/bin/../lib/gcc/arm-none-eabi/6.3.1/../../../../arm-none-eabi/lib/thumb/v6-m\libnosys.a
START GROUP
LOAD c:/program files (x86)/gnu tools arm embedded/6 2017-q2-update/bin/../lib/gcc/arm-none-eabi/6.3.1/thumb/v6-m\libgcc.a
LOAD c:/program files (x86)/gnu tools arm embedded/6 2017-q2-update/bin/../lib/gcc/arm-none-eabi/6.3.1/../../../../arm-none-eabi/lib/thumb/v6-m\libc_nano.a
END GROUP
START GROUP
LOAD c:/program files (x86)/gnu tools arm embedded/6 2017-q2-update/bin/../lib/gcc/arm-none-eabi/6.3.1/thumb/v6-m\libgcc.a
LOAD c:/program files (x86)/gnu tools arm embedded/6 2017-q2-update/bin/../lib/gcc/arm-none-eabi/6.3.1/../../../../arm-none-eabi/lib/thumb/v6-m\libc_nano.a
END GROUP
LOAD c:/program files (x86)/gnu tools arm embedded/6 2017-q2-update/bin/../lib/gcc/arm-none-eabi/6.3.1/thumb/v6-m/crtend.o
LOAD c:/program files (x86)/gnu tools arm embedded/6 2017-q2-update/bin/../lib/gcc/arm-none-eabi/6.3.1/thumb/v6-m/crtn.o
                0x20001800                _estack = 0x20001800
                0x00000200                _Min_Heap_Size = 0x200
                0x00000400                _Min_Stack_Size = 0x400

.isr_vector     0x08000000       0xc0
                0x08000000                . = ALIGN (0x4)
 *(.isr_vector)
 .isr_vector    0x08000000       0xc0 build/startup_stm32f042x6.o
                0x08000000                g_pfnVectors
                0x080000c0                . = ALIGN (0x4)

.text           0x080000c0     0x2c90
                0x080000c0                . = ALIGN (0x4)
 *(.text)
 .text          0x080000c0       0x60 c:/program files (x86)/gnu tools arm embedded/6 2017-q2-update/bin/../lib/gcc/arm-none-eabi/6.3.1/thumb/v6-m/crtbegin.o
 .text          0x08000120      0x114 c:/program files (x86)/gnu tools arm embedded/6 2017-q2-update/bin/../lib/gcc/arm-none-eabi/6.3.1/thumb/v6-m\libgcc.a(_udivsi3.o)
                0x08000120                __aeabi_uidiv
                0x08000120                __udivsi3
                0x0800022c                __aeabi_uidivmod
 .text          0x08000234        0x4 c:/program files (x86)/gnu tools arm embedded/6 2017-q2-update/bin/../lib/gcc/arm-none-eabi/6.3.1/thumb/v6-m\libgcc.a(_dvmd_tls.o)
                0x08000234                __aeabi_idiv0
                0x08000234                __aeabi_ldiv0
 *(.text*)
 .text.HAL_InitTick
                0x08000238       0x24 build/stm32f0xx_hal.o
                0x08000238                HAL_InitTick
 .text.HAL_Init
                0x0800025c       0x20 build/stm32f0xx_hal.o
                0x0800025c                HAL_Init
 .text.HAL_IncTick
                0x0800027c       0x10 build/stm32f0xx_hal.o
                0x0800027c                HAL_IncTick
 .text.HAL_GetTick
                0x0800028c        0xc build/stm32f0xx_hal.o
                0x0800028c                HAL_GetTick
 .text.HAL_Delay
                0x08000298       0x22 build/stm32f0xx_hal.o
                0x08000298                HAL_Delay
 *fill*         0x080002ba        0x2 
 .text.HAL_I2CEx_ConfigAnalogFilter
                0x080002bc       0x58 build/stm32f0xx_hal_i2c_ex.o
                0x080002bc                HAL_I2CEx_ConfigAnalogFilter
 .text.HAL_I2CEx_ConfigDigitalFilter
                0x08000314       0x54 build/stm32f0xx_hal_i2c_ex.o
                0x08000314                HAL_I2CEx_ConfigDigitalFilter
 .text.HAL_RCC_OscConfig
                0x08000368      0x4f8 build/stm32f0xx_hal_rcc.o
                0x08000368                HAL_RCC_OscConfig
 .text.HAL_RCC_EnableCSS
                0x08000860       0x14 build/stm32f0xx_hal_rcc.o
                0x08000860                HAL_RCC_EnableCSS
 .text.HAL_RCC_GetSysClockFreq
                0x08000874       0x94 build/stm32f0xx_hal_rcc.o
                0x08000874                HAL_RCC_GetSysClockFreq
 .text.HAL_RCC_ClockConfig
                0x08000908      0x184 build/stm32f0xx_hal_rcc.o
                0x08000908                HAL_RCC_ClockConfig
 .text.HAL_RCC_GetHCLKFreq
                0x08000a8c        0xc build/stm32f0xx_hal_rcc.o
                0x08000a8c                HAL_RCC_GetHCLKFreq
 .text.HAL_RCC_CSSCallback
                0x08000a98        0x2 build/stm32f0xx_hal_rcc.o
                0x08000a98                HAL_RCC_CSSCallback
 *fill*         0x08000a9a        0x2 
 .text.HAL_RCC_NMI_IRQHandler
                0x08000a9c       0x20 build/stm32f0xx_hal_rcc.o
                0x08000a9c                HAL_RCC_NMI_IRQHandler
 .text.MX_GPIO_Init
                0x08000abc       0x80 build/gpio.o
                0x08000abc                MX_GPIO_Init
 .text._Error_Handler
                0x08000b3c        0x2 build/main.o
                0x08000b3c                _Error_Handler
 *fill*         0x08000b3e        0x2 
 .text.SystemClock_Config
                0x08000b40       0x9c build/main.o
                0x08000b40                SystemClock_Config
 .text.main     0x08000bdc       0x98 build/main.o
                0x08000bdc                main
 .text.MX_CAN_Init
                0x08000c74       0x50 build/can.o
                0x08000c74                MX_CAN_Init
 .text.HAL_CAN_MspInit
                0x08000cc4       0x5c build/can.o
                0x08000cc4                HAL_CAN_MspInit
 .text.MX_I2C1_Init
                0x08000d20       0x70 build/i2c.o
                0x08000d20                MX_I2C1_Init
 .text.HAL_I2C_MspInit
                0x08000d90       0x50 build/i2c.o
                0x08000d90                HAL_I2C_MspInit
 .text.HAL_CAN_ConfigFilter
                0x08000de0      0x11c build/stm32f0xx_hal_can.o
                0x08000de0                HAL_CAN_ConfigFilter
 .text.HAL_CAN_Init
                0x08000efc      0x180 build/stm32f0xx_hal_can.o
                0x08000efc                HAL_CAN_Init
 .text.HAL_CAN_Transmit_IT
                0x0800107c      0x158 build/stm32f0xx_hal_can.o
                0x0800107c                HAL_CAN_Transmit_IT
 .text.HAL_CAN_Receive_IT
                0x080011d4      0x10a build/stm32f0xx_hal_can.o
                0x080011d4                HAL_CAN_Receive_IT
 *fill*         0x080012de        0x2 
 .text.CAN_Transmit_IT
                0x080012e0       0x5c build/stm32f0xx_hal_can.o
 .text.CAN_Receive_IT
                0x0800133c      0x19c build/stm32f0xx_hal_can.o
 .text.HAL_CAN_ErrorCallback
                0x080014d8        0x2 build/stm32f0xx_hal_can.o
                0x080014d8                HAL_CAN_ErrorCallback
 *fill*         0x080014da        0x2 
 .text.HAL_CAN_IRQHandler
                0x080014dc      0x1c8 build/stm32f0xx_hal_can.o
                0x080014dc                HAL_CAN_IRQHandler
 .text.MX_TIM17_Init
                0x080016a4       0x48 build/tim.o
                0x080016a4                MX_TIM17_Init
 .text.HAL_TIM_Base_MspInit
                0x080016ec       0x40 build/tim.o
                0x080016ec                HAL_TIM_Base_MspInit
 .text.HAL_TIM_PeriodElapsedCallback
                0x0800172c       0x14 build/tim.o
                0x0800172c                HAL_TIM_PeriodElapsedCallback
 .text.HAL_MspInit
                0x08001740       0x44 build/stm32f0xx_hal_msp.o
                0x08001740                HAL_MspInit
 .text.HAL_TIM_OC_DelayElapsedCallback
                0x08001784        0x2 build/stm32f0xx_hal_tim.o
                0x08001784                HAL_TIM_OC_DelayElapsedCallback
 .text.HAL_TIM_IC_CaptureCallback
                0x08001786        0x2 build/stm32f0xx_hal_tim.o
                0x08001786                HAL_TIM_IC_CaptureCallback
 .text.HAL_TIM_PWM_PulseFinishedCallback
                0x08001788        0x2 build/stm32f0xx_hal_tim.o
                0x08001788                HAL_TIM_PWM_PulseFinishedCallback
 .text.HAL_TIM_TriggerCallback
                0x0800178a        0x2 build/stm32f0xx_hal_tim.o
                0x0800178a                HAL_TIM_TriggerCallback
 .text.HAL_TIM_IRQHandler
                0x0800178c      0x15a build/stm32f0xx_hal_tim.o
                0x0800178c                HAL_TIM_IRQHandler
 *fill*         0x080018e6        0x2 
 .text.TIM_Base_SetConfig
                0x080018e8       0x98 build/stm32f0xx_hal_tim.o
                0x080018e8                TIM_Base_SetConfig
 .text.HAL_TIM_Base_Init
                0x08001980       0x34 build/stm32f0xx_hal_tim.o
                0x08001980                HAL_TIM_Base_Init
 .text.NMI_Handler
                0x080019b4        0x8 build/stm32f0xx_it.o
                0x080019b4                NMI_Handler
 .text.HardFault_Handler
                0x080019bc        0x2 build/stm32f0xx_it.o
                0x080019bc                HardFault_Handler
 .text.SVC_Handler
                0x080019be        0x2 build/stm32f0xx_it.o
                0x080019be                SVC_Handler
 .text.PendSV_Handler
                0x080019c0        0x2 build/stm32f0xx_it.o
                0x080019c0                PendSV_Handler
 .text.SysTick_Handler
                0x080019c2        0xc build/stm32f0xx_it.o
                0x080019c2                SysTick_Handler
 *fill*         0x080019ce        0x2 
 .text.TIM17_IRQHandler
                0x080019d0       0x10 build/stm32f0xx_it.o
                0x080019d0                TIM17_IRQHandler
 .text.CEC_CAN_IRQHandler
                0x080019e0       0x10 build/stm32f0xx_it.o
                0x080019e0                CEC_CAN_IRQHandler
 .text.HAL_NVIC_SetPriority
                0x080019f0       0x64 build/stm32f0xx_hal_cortex.o
                0x080019f0                HAL_NVIC_SetPriority
 .text.HAL_NVIC_EnableIRQ
                0x08001a54       0x14 build/stm32f0xx_hal_cortex.o
                0x08001a54                HAL_NVIC_EnableIRQ
 .text.HAL_SYSTICK_Config
                0x08001a68       0x38 build/stm32f0xx_hal_cortex.o
                0x08001a68                HAL_SYSTICK_Config
 .text.HAL_SYSTICK_CLKSourceConfig
                0x08001aa0       0x20 build/stm32f0xx_hal_cortex.o
                0x08001aa0                HAL_SYSTICK_CLKSourceConfig
 .text.HAL_SYSTICK_Callback
                0x08001ac0        0x2 build/stm32f0xx_hal_cortex.o
                0x08001ac0                HAL_SYSTICK_Callback
 .text.HAL_SYSTICK_IRQHandler
                0x08001ac2        0x8 build/stm32f0xx_hal_cortex.o
                0x08001ac2                HAL_SYSTICK_IRQHandler
 .text.HAL_TIMEx_CommutationCallback
                0x08001aca        0x2 build/stm32f0xx_hal_tim_ex.o
                0x08001aca                HAL_TIMEx_CommutationCallback
 .text.HAL_TIMEx_BreakCallback
                0x08001acc        0x2 build/stm32f0xx_hal_tim_ex.o
                0x08001acc                HAL_TIMEx_BreakCallback
 *fill*         0x08001ace        0x2 
 .text.HAL_RCCEx_PeriphCLKConfig
                0x08001ad0      0x140 build/stm32f0xx_hal_rcc_ex.o
                0x08001ad0                HAL_RCCEx_PeriphCLKConfig
 .text.I2C_Flush_TXDR
                0x08001c10       0x1e build/stm32f0xx_hal_i2c.o
 *fill*         0x08001c2e        0x2 
 .text.I2C_TransferConfig
                0x08001c30       0x24 build/stm32f0xx_hal_i2c.o
 .text.I2C_IsAcknowledgeFailed
                0x08001c54       0x78 build/stm32f0xx_hal_i2c.o
 .text.I2C_WaitOnTXISFlagUntilTimeout
                0x08001ccc       0x52 build/stm32f0xx_hal_i2c.o
 .text.I2C_WaitOnFlagUntilTimeout
                0x08001d1e       0x48 build/stm32f0xx_hal_i2c.o
 .text.I2C_RequestMemoryWrite
                0x08001d66       0x84 build/stm32f0xx_hal_i2c.o
 .text.I2C_RequestMemoryRead
                0x08001dea       0x82 build/stm32f0xx_hal_i2c.o
 .text.I2C_WaitOnSTOPFlagUntilTimeout
                0x08001e6c       0x4e build/stm32f0xx_hal_i2c.o
 *fill*         0x08001eba        0x2 
 .text.HAL_I2C_Init
                0x08001ebc       0xcc build/stm32f0xx_hal_i2c.o
                0x08001ebc                HAL_I2C_Init
 .text.HAL_I2C_Master_Transmit
                0x08001f88      0x178 build/stm32f0xx_hal_i2c.o
                0x08001f88                HAL_I2C_Master_Transmit
 .text.HAL_I2C_Mem_Write
                0x08002100      0x1c4 build/stm32f0xx_hal_i2c.o
                0x08002100                HAL_I2C_Mem_Write
 .text.HAL_I2C_Mem_Read
                0x080022c4      0x1cc build/stm32f0xx_hal_i2c.o
                0x080022c4                HAL_I2C_Mem_Read
 .text.HAL_I2C_IsDeviceReady
                0x08002490      0x158 build/stm32f0xx_hal_i2c.o
                0x08002490                HAL_I2C_IsDeviceReady
 .text.HAL_GPIO_Init
                0x080025e8      0x180 build/stm32f0xx_hal_gpio.o
                0x080025e8                HAL_GPIO_Init
 .text.HAL_GPIO_ReadPin
                0x08002768        0xe build/stm32f0xx_hal_gpio.o
                0x08002768                HAL_GPIO_ReadPin
 .text.HAL_GPIO_WritePin
                0x08002776        0xc build/stm32f0xx_hal_gpio.o
                0x08002776                HAL_GPIO_WritePin
 *fill*         0x08002782        0x2 
 .text.SystemInit
                0x08002784       0x60 build/system_stm32f0xx.o
                0x08002784                SystemInit
 .text.HAL_CAN_RxCpltCallback
                0x080027e4        0xa build/CANhandler.o
                0x080027e4                HAL_CAN_RxCpltCallback
 *fill*         0x080027ee        0x2 
 .text.HAL_CAN_TxCpltCallback
                0x080027f0       0x74 build/CANhandler.o
                0x080027f0                HAL_CAN_TxCpltCallback
 .text.CANhandler_Init
                0x08002864       0x58 build/CANhandler.o
                0x08002864                CANhandler_Init
 .text.CANhandler_Handler
                0x080028bc       0x78 build/CANhandler.o
                0x080028bc                CANhandler_Handler
 .text.StopPedal_Read
                0x08002934       0x1a build/stop_pedal.o
                0x08002934                StopPedal_Read
 *fill*         0x0800294e        0x2 
 .text.TM_MPU6050_SetGyroscope
                0x08002950       0xc8 build/tm_stm32_mpu6050.o
                0x08002950                TM_MPU6050_SetGyroscope
 .text.TM_MPU6050_SetAccelerometer
                0x08002a18       0xb4 build/tm_stm32_mpu6050.o
                0x08002a18                TM_MPU6050_SetAccelerometer
 .text.TM_MPU6050_SetDataRate
                0x08002acc       0x34 build/tm_stm32_mpu6050.o
                0x08002acc                TM_MPU6050_SetDataRate
 .text.TM_MPU6050_SetDigitalLowPassFilter
                0x08002b00       0x34 build/tm_stm32_mpu6050.o
                0x08002b00                TM_MPU6050_SetDigitalLowPassFilter
 .text.TM_MPU6050_Init
                0x08002b34       0xac build/tm_stm32_mpu6050.o
                0x08002b34                TM_MPU6050_Init
 .text.TM_MPU6050_EnableInterrupts
                0x08002be0       0x88 build/tm_stm32_mpu6050.o
                0x08002be0                TM_MPU6050_EnableInterrupts
 .text.TM_MPU6050_GeneralCallib
                0x08002c68        0x2 build/tm_stm32_mpu6050.o
                0x08002c68                TM_MPU6050_GeneralCallib
 *fill*         0x08002c6a        0x2 
 .text.Reset_Handler
                0x08002c6c       0x80 build/startup_stm32f042x6.o
                0x08002c6c                Reset_Handler
 .text.Default_Handler
                0x08002cec        0x2 build/startup_stm32f042x6.o
                0x08002cec                TIM1_CC_IRQHandler
                0x08002cec                TSC_IRQHandler
                0x08002cec                I2C1_IRQHandler
                0x08002cec                RCC_CRS_IRQHandler
                0x08002cec                SPI1_IRQHandler
                0x08002cec                EXTI2_3_IRQHandler
                0x08002cec                ADC1_IRQHandler
                0x08002cec                RTC_IRQHandler
                0x08002cec                PVD_VDDIO2_IRQHandler
                0x08002cec                TIM16_IRQHandler
                0x08002cec                TIM3_IRQHandler
                0x08002cec                EXTI4_15_IRQHandler
                0x08002cec                DMA1_Channel1_IRQHandler
                0x08002cec                Default_Handler
                0x08002cec                TIM14_IRQHandler
                0x08002cec                DMA1_Channel4_5_IRQHandler
                0x08002cec                EXTI0_1_IRQHandler
                0x08002cec                USB_IRQHandler
                0x08002cec                SPI2_IRQHandler
                0x08002cec                WWDG_IRQHandler
                0x08002cec                TIM2_IRQHandler
                0x08002cec                DMA1_Channel2_3_IRQHandler
                0x08002cec                USART2_IRQHandler
                0x08002cec                FLASH_IRQHandler
                0x08002cec                USART1_IRQHandler
                0x08002cec                TIM1_BRK_UP_TRG_COM_IRQHandler
 *fill*         0x08002cee        0x2 
 .text.__libc_init_array
                0x08002cf0       0x48 c:/program files (x86)/gnu tools arm embedded/6 2017-q2-update/bin/../lib/gcc/arm-none-eabi/6.3.1/../../../../arm-none-eabi/lib/thumb/v6-m\libc_nano.a(lib_a-init.o)
                0x08002cf0                __libc_init_array
 *(.glue_7)
 .glue_7        0x08002d38        0x0 linker stubs
 *(.glue_7t)
 .glue_7t       0x08002d38        0x0 linker stubs
 *(.eh_frame)
 .eh_frame      0x08002d38        0x0 c:/program files (x86)/gnu tools arm embedded/6 2017-q2-update/bin/../lib/gcc/arm-none-eabi/6.3.1/thumb/v6-m/crtbegin.o
 *(.init)
 .init          0x08002d38        0x4 c:/program files (x86)/gnu tools arm embedded/6 2017-q2-update/bin/../lib/gcc/arm-none-eabi/6.3.1/thumb/v6-m/crti.o
                0x08002d38                _init
 .init          0x08002d3c        0x8 c:/program files (x86)/gnu tools arm embedded/6 2017-q2-update/bin/../lib/gcc/arm-none-eabi/6.3.1/thumb/v6-m/crtn.o
 *(.fini)
 .fini          0x08002d44        0x4 c:/program files (x86)/gnu tools arm embedded/6 2017-q2-update/bin/../lib/gcc/arm-none-eabi/6.3.1/thumb/v6-m/crti.o
                0x08002d44                _fini
 .fini          0x08002d48        0x8 c:/program files (x86)/gnu tools arm embedded/6 2017-q2-update/bin/../lib/gcc/arm-none-eabi/6.3.1/thumb/v6-m/crtn.o
                0x08002d50                . = ALIGN (0x4)
                0x08002d50                _etext = .

.vfp11_veneer   0x08002d50        0x0
 .vfp11_veneer  0x08002d50        0x0 linker stubs

.v4_bx          0x08002d50        0x0
 .v4_bx         0x08002d50        0x0 linker stubs

.iplt           0x08002d50        0x0
 .iplt          0x08002d50        0x0 c:/program files (x86)/gnu tools arm embedded/6 2017-q2-update/bin/../lib/gcc/arm-none-eabi/6.3.1/thumb/v6-m/crtbegin.o

.rodata         0x08002d50       0x60
                0x08002d50                . = ALIGN (0x4)
 *(.rodata)
 .rodata        0x08002d50       0x20 build/stm32f0xx_hal_rcc.o
 *(.rodata*)
 .rodata.SystemClock_Config.str1.4
                0x08002d70        0xb build/main.o
 *fill*         0x08002d7b        0x1 
 .rodata.MX_CAN_Init.str1.4
                0x08002d7c        0xa build/can.o
 *fill*         0x08002d86        0x2 
 .rodata.MX_I2C1_Init.str1.4
                0x08002d88        0xa build/i2c.o
 *fill*         0x08002d92        0x2 
 .rodata.MX_TIM17_Init.str1.4
                0x08002d94        0xc build/tim.o
                                  0xa (size before relaxing)
 .rodata.AHBPrescTable
                0x08002da0       0x10 build/system_stm32f0xx.o
                0x08002da0                AHBPrescTable
                0x08002db0                . = ALIGN (0x4)

.rel.dyn        0x08002db0        0x0
 .rel.iplt      0x08002db0        0x0 c:/program files (x86)/gnu tools arm embedded/6 2017-q2-update/bin/../lib/gcc/arm-none-eabi/6.3.1/thumb/v6-m/crtbegin.o

.ARM.extab
 *(.ARM.extab* .gnu.linkonce.armextab.*)

.ARM            0x08002db0        0x0
                0x08002db0                __exidx_start = .
 *(.ARM.exidx*)
                0x08002db0                __exidx_end = .

.preinit_array  0x08002db0        0x0
                0x08002db0                PROVIDE (__preinit_array_start, .)
 *(.preinit_array*)
                0x08002db0                PROVIDE (__preinit_array_end, .)

.init_array     0x08002db0        0x4
                0x08002db0                PROVIDE (__init_array_start, .)
 *(SORT(.init_array.*))
 *(.init_array*)
 .init_array    0x08002db0        0x4 c:/program files (x86)/gnu tools arm embedded/6 2017-q2-update/bin/../lib/gcc/arm-none-eabi/6.3.1/thumb/v6-m/crtbegin.o
                0x08002db4                PROVIDE (__init_array_end, .)

.fini_array     0x08002db4        0x4
                [!provide]                PROVIDE (__fini_array_start, .)
 *(SORT(.fini_array.*))
 *(.fini_array*)
 .fini_array    0x08002db4        0x4 c:/program files (x86)/gnu tools arm embedded/6 2017-q2-update/bin/../lib/gcc/arm-none-eabi/6.3.1/thumb/v6-m/crtbegin.o
                [!provide]                PROVIDE (__fini_array_end, .)
                0x08002db8                _sidata = LOADADDR (.data)

.data           0x20000000        0x4 load address 0x08002db8
                0x20000000                . = ALIGN (0x4)
                0x20000000                _sdata = .
 *(.data)
 *(.data*)
 .data.SystemCoreClock
                0x20000000        0x4 build/system_stm32f0xx.o
                0x20000000                SystemCoreClock
                0x20000004                . = ALIGN (0x4)
                0x20000004                _edata = .

.jcr            0x20000004        0x0 load address 0x08002dbc
 .jcr           0x20000004        0x0 c:/program files (x86)/gnu tools arm embedded/6 2017-q2-update/bin/../lib/gcc/arm-none-eabi/6.3.1/thumb/v6-m/crtbegin.o

.igot.plt       0x20000004        0x0 load address 0x08002dbc
 .igot.plt      0x20000004        0x0 c:/program files (x86)/gnu tools arm embedded/6 2017-q2-update/bin/../lib/gcc/arm-none-eabi/6.3.1/thumb/v6-m/crtbegin.o
                0x20000004                . = ALIGN (0x4)

.bss            0x20000004      0x230 load address 0x08002dbc
                0x20000004                _sbss = .
                0x20000004                __bss_start__ = _sbss
 *(.bss)
 .bss           0x20000004       0x1c c:/program files (x86)/gnu tools arm embedded/6 2017-q2-update/bin/../lib/gcc/arm-none-eabi/6.3.1/thumb/v6-m/crtbegin.o
 *(.bss*)
 .bss.can_stop_light_value.6979
                0x20000020        0xc build/CANhandler.o
 *(COMMON)
 COMMON         0x2000002c        0x4 build/stm32f0xx_hal.o
                0x2000002c                uwTick
 COMMON         0x20000030       0x44 build/can.o
                0x20000030                hcan
 COMMON         0x20000074       0x4c build/i2c.o
                0x20000074                hi2c1
 COMMON         0x200000c0       0x40 build/tim.o
                0x200000c0                htim17
 COMMON         0x20000100      0x131 build/CANhandler.o
                0x20000100                tx_mes
                0x2000011c                rx_mes
                0x20000140                filterConfig
                0x20000168                handle
                0x20000230                intPending
                0x20000234                . = ALIGN (0x4)
 *fill*         0x20000231        0x3 
                0x20000234                _ebss = .
                0x20000234                __bss_end__ = _ebss

._user_heap_stack
                0x20000234      0x604 load address 0x08002dbc
                0x20000238                . = ALIGN (0x8)
 *fill*         0x20000234        0x4 
                [!provide]                PROVIDE (end, .)
                [!provide]                PROVIDE (_end, .)
                0x20000438                . = (. + _Min_Heap_Size)
 *fill*         0x20000238      0x200 
                0x20000838                . = (. + _Min_Stack_Size)
 *fill*         0x20000438      0x400 
                0x20000838                . = ALIGN (0x8)

/DISCARD/
 libc.a(*)
 libm.a(*)
 libgcc.a(*)

.ARM.attributes
                0x00000000       0x28
 *(.ARM.attributes)
 .ARM.attributes
                0x00000000       0x1e c:/program files (x86)/gnu tools arm embedded/6 2017-q2-update/bin/../lib/gcc/arm-none-eabi/6.3.1/thumb/v6-m/crti.o
 .ARM.attributes
                0x0000001e       0x2c c:/program files (x86)/gnu tools arm embedded/6 2017-q2-update/bin/../lib/gcc/arm-none-eabi/6.3.1/thumb/v6-m/crtbegin.o
 .ARM.attributes
                0x0000004a       0x31 build/stm32f0xx_hal.o
 .ARM.attributes
                0x0000007b       0x31 build/stm32f0xx_hal_i2c_ex.o
 .ARM.attributes
                0x000000ac       0x31 build/stm32f0xx_hal_rcc.o
 .ARM.attributes
                0x000000dd       0x31 build/gpio.o
 .ARM.attributes
                0x0000010e       0x31 build/main.o
 .ARM.attributes
                0x0000013f       0x31 build/can.o
 .ARM.attributes
                0x00000170       0x31 build/i2c.o
 .ARM.attributes
                0x000001a1       0x31 build/stm32f0xx_hal_can.o
 .ARM.attributes
                0x000001d2       0x31 build/tim.o
 .ARM.attributes
                0x00000203       0x31 build/stm32f0xx_hal_msp.o
 .ARM.attributes
                0x00000234       0x31 build/stm32f0xx_hal_tim.o
 .ARM.attributes
                0x00000265       0x31 build/stm32f0xx_it.o
 .ARM.attributes
                0x00000296       0x31 build/stm32f0xx_hal_cortex.o
 .ARM.attributes
                0x000002c7       0x31 build/stm32f0xx_hal_tim_ex.o
 .ARM.attributes
                0x000002f8       0x31 build/stm32f0xx_hal_rcc_ex.o
 .ARM.attributes
                0x00000329       0x31 build/stm32f0xx_hal_i2c.o
 .ARM.attributes
                0x0000035a       0x31 build/stm32f0xx_hal_gpio.o
 .ARM.attributes
                0x0000038b       0x31 build/system_stm32f0xx.o
 .ARM.attributes
                0x000003bc       0x31 build/CANhandler.o
 .ARM.attributes
                0x000003ed       0x31 build/stop_pedal.o
 .ARM.attributes
                0x0000041e       0x31 build/tm_stm32_mpu6050.o
 .ARM.attributes
                0x0000044f       0x21 build/startup_stm32f042x6.o
 .ARM.attributes
                0x00000470       0x2c c:/program files (x86)/gnu tools arm embedded/6 2017-q2-update/bin/../lib/gcc/arm-none-eabi/6.3.1/../../../../arm-none-eabi/lib/thumb/v6-m\libc_nano.a(lib_a-init.o)
 .ARM.attributes
                0x0000049c       0x1e c:/program files (x86)/gnu tools arm embedded/6 2017-q2-update/bin/../lib/gcc/arm-none-eabi/6.3.1/thumb/v6-m\libgcc.a(_udivsi3.o)
 .ARM.attributes
                0x000004ba       0x1e c:/program files (x86)/gnu tools arm embedded/6 2017-q2-update/bin/../lib/gcc/arm-none-eabi/6.3.1/thumb/v6-m\libgcc.a(_dvmd_tls.o)
 .ARM.attributes
                0x000004d8       0x1e c:/program files (x86)/gnu tools arm embedded/6 2017-q2-update/bin/../lib/gcc/arm-none-eabi/6.3.1/thumb/v6-m/crtn.o
OUTPUT(build/FrontAxleModule.elf elf32-littlearm)

.debug_info     0x00000000    0x1e274
 .debug_info    0x00000000      0xffd build/stm32f0xx_hal.o
 .debug_info    0x00000ffd     0x123d build/stm32f0xx_hal_i2c_ex.o
 .debug_info    0x0000223a     0x1326 build/stm32f0xx_hal_rcc.o
 .debug_info    0x00003560      0xd20 build/gpio.o
 .debug_info    0x00004280     0x20af build/main.o
 .debug_info    0x0000632f     0x142a build/can.o
 .debug_info    0x00007759     0x135d build/i2c.o
 .debug_info    0x00008ab6     0x15e3 build/stm32f0xx_hal_can.o
 .debug_info    0x0000a099     0x1269 build/tim.o
 .debug_info    0x0000b302      0xc55 build/stm32f0xx_hal_msp.o
 .debug_info    0x0000bf57     0x3a94 build/stm32f0xx_hal_tim.o
 .debug_info    0x0000f9eb     0x1552 build/stm32f0xx_it.o
 .debug_info    0x00010f3d     0x1136 build/stm32f0xx_hal_cortex.o
 .debug_info    0x00012073     0x1cd9 build/stm32f0xx_hal_tim_ex.o
 .debug_info    0x00013d4c     0x104d build/stm32f0xx_hal_rcc_ex.o
 .debug_info    0x00014d99     0x3c4f build/stm32f0xx_hal_i2c.o
 .debug_info    0x000189e8      0xfc7 build/stm32f0xx_hal_gpio.o
 .debug_info    0x000199af      0xb86 build/system_stm32f0xx.o
 .debug_info    0x0001a535     0x1251 build/CANhandler.o
 .debug_info    0x0001b786      0xb3c build/stop_pedal.o
 .debug_info    0x0001c2c2     0x1f44 build/tm_stm32_mpu6050.o
 .debug_info    0x0001e206       0x6e build/startup_stm32f042x6.o

.debug_abbrev   0x00000000     0x3622
 .debug_abbrev  0x00000000      0x2d7 build/stm32f0xx_hal.o
 .debug_abbrev  0x000002d7      0x245 build/stm32f0xx_hal_i2c_ex.o
 .debug_abbrev  0x0000051c      0x2e4 build/stm32f0xx_hal_rcc.o
 .debug_abbrev  0x00000800      0x20b build/gpio.o
 .debug_abbrev  0x00000a0b      0x2e5 build/main.o
 .debug_abbrev  0x00000cf0      0x24f build/can.o
 .debug_abbrev  0x00000f3f      0x239 build/i2c.o
 .debug_abbrev  0x00001178      0x2d6 build/stm32f0xx_hal_can.o
 .debug_abbrev  0x0000144e      0x25c build/tim.o
 .debug_abbrev  0x000016aa      0x214 build/stm32f0xx_hal_msp.o
 .debug_abbrev  0x000018be      0x30c build/stm32f0xx_hal_tim.o
 .debug_abbrev  0x00001bca      0x21e build/stm32f0xx_it.o
 .debug_abbrev  0x00001de8      0x32c build/stm32f0xx_hal_cortex.o
 .debug_abbrev  0x00002114      0x2f4 build/stm32f0xx_hal_tim_ex.o
 .debug_abbrev  0x00002408      0x2d3 build/stm32f0xx_hal_rcc_ex.o
 .debug_abbrev  0x000026db      0x327 build/stm32f0xx_hal_i2c.o
 .debug_abbrev  0x00002a02      0x2bc build/stm32f0xx_hal_gpio.o
 .debug_abbrev  0x00002cbe      0x1e6 build/system_stm32f0xx.o
 .debug_abbrev  0x00002ea4      0x229 build/CANhandler.o
 .debug_abbrev  0x000030cd      0x1e6 build/stop_pedal.o
 .debug_abbrev  0x000032b3      0x35d build/tm_stm32_mpu6050.o
 .debug_abbrev  0x00003610       0x12 build/startup_stm32f042x6.o

.debug_loc      0x00000000     0xcde2
 .debug_loc     0x00000000      0x108 build/stm32f0xx_hal.o
 .debug_loc     0x00000108      0x305 build/stm32f0xx_hal_i2c_ex.o
 .debug_loc     0x0000040d      0x5be build/stm32f0xx_hal_rcc.o
 .debug_loc     0x000009cb       0x2c build/gpio.o
 .debug_loc     0x000009f7       0xc1 build/main.o
 .debug_loc     0x00000ab8       0xe0 build/can.o
 .debug_loc     0x00000b98       0xe0 build/i2c.o
 .debug_loc     0x00000c78      0xa2f build/stm32f0xx_hal_can.o
 .debug_loc     0x000016a7      0x13a build/tim.o
 .debug_loc     0x000017e1       0x2c build/stm32f0xx_hal_msp.o
 .debug_loc     0x0000180d     0x41ba build/stm32f0xx_hal_tim.o
 .debug_loc     0x000059c7       0x80 build/stm32f0xx_it.o
 .debug_loc     0x00005a47      0x3d3 build/stm32f0xx_hal_cortex.o
 .debug_loc     0x00005e1a     0x14f7 build/stm32f0xx_hal_tim_ex.o
 .debug_loc     0x00007311      0x775 build/stm32f0xx_hal_rcc_ex.o
 .debug_loc     0x00007a86     0x420d build/stm32f0xx_hal_i2c.o
 .debug_loc     0x0000bc93      0x356 build/stm32f0xx_hal_gpio.o
 .debug_loc     0x0000bfe9      0x11e build/system_stm32f0xx.o
 .debug_loc     0x0000c107       0xd8 build/CANhandler.o
 .debug_loc     0x0000c1df       0x20 build/stop_pedal.o
 .debug_loc     0x0000c1ff      0xbe3 build/tm_stm32_mpu6050.o

.debug_aranges  0x00000000      0xd60
 .debug_aranges
                0x00000000       0xb8 build/stm32f0xx_hal.o
 .debug_aranges
                0x000000b8       0x48 build/stm32f0xx_hal_i2c_ex.o
 .debug_aranges
                0x00000100       0x80 build/stm32f0xx_hal_rcc.o
 .debug_aranges
                0x00000180       0x20 build/gpio.o
 .debug_aranges
                0x000001a0       0x30 build/main.o
 .debug_aranges
                0x000001d0       0x30 build/can.o
 .debug_aranges
                0x00000200       0x30 build/i2c.o
 .debug_aranges
                0x00000230       0xb0 build/stm32f0xx_hal_can.o
 .debug_aranges
                0x000002e0       0x38 build/tim.o
 .debug_aranges
                0x00000318       0x20 build/stm32f0xx_hal_msp.o
 .debug_aranges
                0x00000338      0x378 build/stm32f0xx_hal_tim.o
 .debug_aranges
                0x000006b0       0x50 build/stm32f0xx_it.o
 .debug_aranges
                0x00000700       0x78 build/stm32f0xx_hal_cortex.o
 .debug_aranges
                0x00000778      0x140 build/stm32f0xx_hal_tim_ex.o
 .debug_aranges
                0x000008b8       0x78 build/stm32f0xx_hal_rcc_ex.o
 .debug_aranges
                0x00000930      0x260 build/stm32f0xx_hal_i2c.o
 .debug_aranges
                0x00000b90       0x58 build/stm32f0xx_hal_gpio.o
 .debug_aranges
                0x00000be8       0x28 build/system_stm32f0xx.o
 .debug_aranges
                0x00000c10       0x38 build/CANhandler.o
 .debug_aranges
                0x00000c48       0x20 build/stop_pedal.o
 .debug_aranges
                0x00000c68       0xd0 build/tm_stm32_mpu6050.o
 .debug_aranges
                0x00000d38       0x28 build/startup_stm32f042x6.o

.debug_ranges   0x00000000      0xc80
 .debug_ranges  0x00000000       0xa8 build/stm32f0xx_hal.o
 .debug_ranges  0x000000a8       0x38 build/stm32f0xx_hal_i2c_ex.o
 .debug_ranges  0x000000e0       0x88 build/stm32f0xx_hal_rcc.o
 .debug_ranges  0x00000168       0x10 build/gpio.o
 .debug_ranges  0x00000178       0x20 build/main.o
 .debug_ranges  0x00000198       0x20 build/can.o
 .debug_ranges  0x000001b8       0x20 build/i2c.o
 .debug_ranges  0x000001d8       0xa0 build/stm32f0xx_hal_can.o
 .debug_ranges  0x00000278       0x28 build/tim.o
 .debug_ranges  0x000002a0       0x10 build/stm32f0xx_hal_msp.o
 .debug_ranges  0x000002b0      0x368 build/stm32f0xx_hal_tim.o
 .debug_ranges  0x00000618       0x40 build/stm32f0xx_it.o
 .debug_ranges  0x00000658       0xb0 build/stm32f0xx_hal_cortex.o
 .debug_ranges  0x00000708      0x130 build/stm32f0xx_hal_tim_ex.o
 .debug_ranges  0x00000838       0x80 build/stm32f0xx_hal_rcc_ex.o
 .debug_ranges  0x000008b8      0x250 build/stm32f0xx_hal_i2c.o
 .debug_ranges  0x00000b08       0x48 build/stm32f0xx_hal_gpio.o
 .debug_ranges  0x00000b50       0x18 build/system_stm32f0xx.o
 .debug_ranges  0x00000b68       0x28 build/CANhandler.o
 .debug_ranges  0x00000b90       0x10 build/stop_pedal.o
 .debug_ranges  0x00000ba0       0xc0 build/tm_stm32_mpu6050.o
 .debug_ranges  0x00000c60       0x20 build/startup_stm32f042x6.o

.debug_line     0x00000000     0x7329
 .debug_line    0x00000000      0x40c build/stm32f0xx_hal.o
 .debug_line    0x0000040c      0x3c4 build/stm32f0xx_hal_i2c_ex.o
 .debug_line    0x000007d0      0x547 build/stm32f0xx_hal_rcc.o
 .debug_line    0x00000d17      0x239 build/gpio.o
 .debug_line    0x00000f50      0x3a3 build/main.o
 .debug_line    0x000012f3      0x2d8 build/can.o
 .debug_line    0x000015cb      0x2e0 build/i2c.o
 .debug_line    0x000018ab      0x823 build/stm32f0xx_hal_can.o
 .debug_line    0x000020ce      0x2e0 build/tim.o
 .debug_line    0x000023ae      0x23f build/stm32f0xx_hal_msp.o
 .debug_line    0x000025ed     0x1437 build/stm32f0xx_hal_tim.o
 .debug_line    0x00003a24      0x326 build/stm32f0xx_it.o
 .debug_line    0x00003d4a      0x3ab build/stm32f0xx_hal_cortex.o
 .debug_line    0x000040f5      0x860 build/stm32f0xx_hal_tim_ex.o
 .debug_line    0x00004955      0x4cb build/stm32f0xx_hal_rcc_ex.o
 .debug_line    0x00004e20     0x1412 build/stm32f0xx_hal_i2c.o
 .debug_line    0x00006232      0x3b6 build/stm32f0xx_hal_gpio.o
 .debug_line    0x000065e8      0x23b build/system_stm32f0xx.o
 .debug_line    0x00006823      0x2f5 build/CANhandler.o
 .debug_line    0x00006b18      0x235 build/stop_pedal.o
 .debug_line    0x00006d4d      0x550 build/tm_stm32_mpu6050.o
 .debug_line    0x0000729d       0x8c build/startup_stm32f042x6.o

.debug_str      0x00000000     0x43c8
 .debug_str     0x00000000      0x997 build/stm32f0xx_hal.o
                                0xa0b (size before relaxing)
 .debug_str     0x00000997      0x549 build/stm32f0xx_hal_i2c_ex.o
                                0xbe3 (size before relaxing)
 .debug_str     0x00000ee0      0x34e build/stm32f0xx_hal_rcc.o
                                0x9fe (size before relaxing)
 .debug_str     0x0000122e       0x56 build/gpio.o
                                0x6c5 (size before relaxing)
 .debug_str     0x00001284      0xa3d build/main.o
                               0x1875 (size before relaxing)
 .debug_str     0x00001cc1       0x89 build/can.o
                                0xc0a (size before relaxing)
 .debug_str     0x00001d4a       0x43 build/i2c.o
                                0xbd4 (size before relaxing)
 .debug_str     0x00001d8d      0x214 build/stm32f0xx_hal_can.o
                                0xb7c (size before relaxing)
 .debug_str     0x00001fa1       0x7a build/tim.o
                                0xc50 (size before relaxing)
 .debug_str     0x0000201b       0x18 build/stm32f0xx_hal_msp.o
                                0x7c8 (size before relaxing)
 .debug_str     0x00002033      0xd56 build/stm32f0xx_hal_tim.o
                               0x1795 (size before relaxing)
 .debug_str     0x00002d89       0x97 build/stm32f0xx_it.o
                                0xce7 (size before relaxing)
 .debug_str     0x00002e20      0x169 build/stm32f0xx_hal_cortex.o
                                0xa13 (size before relaxing)
 .debug_str     0x00002f89      0x50a build/stm32f0xx_hal_tim_ex.o
                               0x1007 (size before relaxing)
 .debug_str     0x00003493      0x28e build/stm32f0xx_hal_rcc_ex.o
                                0xa0c (size before relaxing)
 .debug_str     0x00003721      0x776 build/stm32f0xx_hal_i2c.o
                               0x127d (size before relaxing)
 .debug_str     0x00003e97       0xf7 build/stm32f0xx_hal_gpio.o
                                0x81a (size before relaxing)
 .debug_str     0x00003f8e       0x38 build/system_stm32f0xx.o
                                0x640 (size before relaxing)
 .debug_str     0x00003fc6       0x4c build/CANhandler.o
                                0xa9c (size before relaxing)
 .debug_str     0x00004012       0x11 build/stop_pedal.o
                                0x629 (size before relaxing)
 .debug_str     0x00004023      0x3a5 build/tm_stm32_mpu6050.o
                               0x1328 (size before relaxing)

.comment        0x00000000       0x7f
 .comment       0x00000000       0x7f build/stm32f0xx_hal.o
                                 0x80 (size before relaxing)
 .comment       0x0000007f       0x80 build/stm32f0xx_hal_i2c_ex.o
 .comment       0x0000007f       0x80 build/stm32f0xx_hal_rcc.o
 .comment       0x0000007f       0x80 build/gpio.o
 .comment       0x0000007f       0x80 build/main.o
 .comment       0x0000007f       0x80 build/can.o
 .comment       0x0000007f       0x80 build/i2c.o
 .comment       0x0000007f       0x80 build/stm32f0xx_hal_can.o
 .comment       0x0000007f       0x80 build/tim.o
 .comment       0x0000007f       0x80 build/stm32f0xx_hal_msp.o
 .comment       0x0000007f       0x80 build/stm32f0xx_hal_tim.o
 .comment       0x0000007f       0x80 build/stm32f0xx_it.o
 .comment       0x0000007f       0x80 build/stm32f0xx_hal_cortex.o
 .comment       0x0000007f       0x80 build/stm32f0xx_hal_tim_ex.o
 .comment       0x0000007f       0x80 build/stm32f0xx_hal_rcc_ex.o
 .comment       0x0000007f       0x80 build/stm32f0xx_hal_i2c.o
 .comment       0x0000007f       0x80 build/stm32f0xx_hal_gpio.o
 .comment       0x0000007f       0x80 build/system_stm32f0xx.o
 .comment       0x0000007f       0x80 build/CANhandler.o
 .comment       0x0000007f       0x80 build/stop_pedal.o
 .comment       0x0000007f       0x80 build/tm_stm32_mpu6050.o

.debug_frame    0x00000000     0x26b0
 .debug_frame   0x00000000      0x184 build/stm32f0xx_hal.o
 .debug_frame   0x00000184       0xc0 build/stm32f0xx_hal_i2c_ex.o
 .debug_frame   0x00000244      0x14c build/stm32f0xx_hal_rcc.o
 .debug_frame   0x00000390       0x30 build/gpio.o
 .debug_frame   0x000003c0       0x60 build/main.o
 .debug_frame   0x00000420       0x64 build/can.o
 .debug_frame   0x00000484       0x64 build/i2c.o
 .debug_frame   0x000004e8      0x210 build/stm32f0xx_hal_can.o
 .debug_frame   0x000006f8       0x80 build/tim.o
 .debug_frame   0x00000778       0x2c build/stm32f0xx_hal_msp.o
 .debug_frame   0x000007a4      0xae4 build/stm32f0xx_hal_tim.o
 .debug_frame   0x00001288       0xb0 build/stm32f0xx_it.o
 .debug_frame   0x00001338       0xec build/stm32f0xx_hal_cortex.o
 .debug_frame   0x00001424      0x3f8 build/stm32f0xx_hal_tim_ex.o
 .debug_frame   0x0000181c      0x10c build/stm32f0xx_hal_rcc_ex.o
 .debug_frame   0x00001928      0x894 build/stm32f0xx_hal_i2c.o
 .debug_frame   0x000021bc       0xdc build/stm32f0xx_hal_gpio.o
 .debug_frame   0x00002298       0x3c build/system_stm32f0xx.o
 .debug_frame   0x000022d4       0x8c build/CANhandler.o
 .debug_frame   0x00002360       0x2c build/stop_pedal.o
 .debug_frame   0x0000238c      0x2d8 build/tm_stm32_mpu6050.o
 .debug_frame   0x00002664       0x2c c:/program files (x86)/gnu tools arm embedded/6 2017-q2-update/bin/../lib/gcc/arm-none-eabi/6.3.1/../../../../arm-none-eabi/lib/thumb/v6-m\libc_nano.a(lib_a-init.o)
 .debug_frame   0x00002690       0x20 c:/program files (x86)/gnu tools arm embedded/6 2017-q2-update/bin/../lib/gcc/arm-none-eabi/6.3.1/thumb/v6-m\libgcc.a(_udivsi3.o)

Cross Reference Table

Symbol                                            File
ADC1_IRQHandler                                   build/startup_stm32f042x6.o
AHBPrescTable                                     build/system_stm32f0xx.o
                                                  build/stm32f0xx_hal_rcc.o
APBPrescTable                                     build/system_stm32f0xx.o
                                                  build/stm32f0xx_hal_rcc.o
AddAxesToAxis                                     build/tm_stm32_mpu6050.o
AddAxesWithMultiplication                         build/tm_stm32_mpu6050.o
CANhandler_Handler                                build/CANhandler.o
                                                  build/main.o
CANhandler_Init                                   build/CANhandler.o
                                                  build/main.o
CEC_CAN_IRQHandler                                build/stm32f0xx_it.o
DMA1_Channel1_IRQHandler                          build/startup_stm32f042x6.o
DMA1_Channel2_3_IRQHandler                        build/startup_stm32f042x6.o
DMA1_Channel4_5_IRQHandler                        build/startup_stm32f042x6.o
Default_Handler                                   build/startup_stm32f042x6.o
DivideAxes                                        build/tm_stm32_mpu6050.o
EXTI0_1_IRQHandler                                build/startup_stm32f042x6.o
EXTI2_3_IRQHandler                                build/startup_stm32f042x6.o
EXTI4_15_IRQHandler                               build/startup_stm32f042x6.o
FLASH_IRQHandler                                  build/startup_stm32f042x6.o
FLASH_PageErase                                   build/stm32f0xx_hal_flash_ex.o
                                                  build/stm32f0xx_hal_flash.o
FLASH_WaitForLastOperation                        build/stm32f0xx_hal_flash.o
                                                  build/stm32f0xx_hal_flash_ex.o
HAL_CAN_ConfigFilter                              build/stm32f0xx_hal_can.o
                                                  build/CANhandler.o
HAL_CAN_DeInit                                    build/stm32f0xx_hal_can.o
HAL_CAN_ErrorCallback                             build/stm32f0xx_hal_can.o
HAL_CAN_GetError                                  build/stm32f0xx_hal_can.o
HAL_CAN_GetState                                  build/stm32f0xx_hal_can.o
HAL_CAN_IRQHandler                                build/stm32f0xx_hal_can.o
                                                  build/stm32f0xx_it.o
HAL_CAN_Init                                      build/stm32f0xx_hal_can.o
                                                  build/can.o
HAL_CAN_MspDeInit                                 build/can.o
HAL_CAN_MspInit                                   build/can.o
HAL_CAN_Receive                                   build/stm32f0xx_hal_can.o
HAL_CAN_Receive_IT                                build/stm32f0xx_hal_can.o
                                                  build/CANhandler.o
HAL_CAN_RxCpltCallback                            build/CANhandler.o
                                                  build/stm32f0xx_hal_can.o
HAL_CAN_Sleep                                     build/stm32f0xx_hal_can.o
HAL_CAN_Transmit                                  build/stm32f0xx_hal_can.o
HAL_CAN_Transmit_IT                               build/stm32f0xx_hal_can.o
                                                  build/CANhandler.o
HAL_CAN_TxCpltCallback                            build/CANhandler.o
                                                  build/stm32f0xx_hal_can.o
HAL_CAN_WakeUp                                    build/stm32f0xx_hal_can.o
HAL_DBGMCU_DisableDBGStandbyMode                  build/stm32f0xx_hal.o
HAL_DBGMCU_DisableDBGStopMode                     build/stm32f0xx_hal.o
HAL_DBGMCU_EnableDBGStandbyMode                   build/stm32f0xx_hal.o
HAL_DBGMCU_EnableDBGStopMode                      build/stm32f0xx_hal.o
HAL_DMA_Abort                                     build/stm32f0xx_hal_dma.o
                                                  build/stm32f0xx_hal_tim.o
HAL_DMA_Abort_IT                                  build/stm32f0xx_hal_dma.o
                                                  build/stm32f0xx_hal_i2c.o
HAL_DMA_DeInit                                    build/stm32f0xx_hal_dma.o
HAL_DMA_GetError                                  build/stm32f0xx_hal_dma.o
HAL_DMA_GetState                                  build/stm32f0xx_hal_dma.o
HAL_DMA_IRQHandler                                build/stm32f0xx_hal_dma.o
HAL_DMA_Init                                      build/stm32f0xx_hal_dma.o
HAL_DMA_PollForTransfer                           build/stm32f0xx_hal_dma.o
HAL_DMA_RegisterCallback                          build/stm32f0xx_hal_dma.o
HAL_DMA_Start                                     build/stm32f0xx_hal_dma.o
HAL_DMA_Start_IT                                  build/stm32f0xx_hal_dma.o
                                                  build/stm32f0xx_hal_i2c.o
                                                  build/stm32f0xx_hal_tim_ex.o
                                                  build/stm32f0xx_hal_tim.o
HAL_DMA_UnRegisterCallback                        build/stm32f0xx_hal_dma.o
HAL_DeInit                                        build/stm32f0xx_hal.o
HAL_Delay                                         build/stm32f0xx_hal.o
                                                  build/main.o
HAL_FLASHEx_Erase                                 build/stm32f0xx_hal_flash_ex.o
HAL_FLASHEx_Erase_IT                              build/stm32f0xx_hal_flash_ex.o
HAL_FLASHEx_OBErase                               build/stm32f0xx_hal_flash_ex.o
HAL_FLASHEx_OBGetConfig                           build/stm32f0xx_hal_flash_ex.o
HAL_FLASHEx_OBGetUserData                         build/stm32f0xx_hal_flash_ex.o
HAL_FLASHEx_OBProgram                             build/stm32f0xx_hal_flash_ex.o
HAL_FLASH_EndOfOperationCallback                  build/stm32f0xx_hal_flash.o
HAL_FLASH_GetError                                build/stm32f0xx_hal_flash.o
HAL_FLASH_IRQHandler                              build/stm32f0xx_hal_flash.o
HAL_FLASH_Lock                                    build/stm32f0xx_hal_flash.o
HAL_FLASH_OB_Launch                               build/stm32f0xx_hal_flash.o
HAL_FLASH_OB_Lock                                 build/stm32f0xx_hal_flash.o
HAL_FLASH_OB_Unlock                               build/stm32f0xx_hal_flash.o
HAL_FLASH_OperationErrorCallback                  build/stm32f0xx_hal_flash.o
HAL_FLASH_Program                                 build/stm32f0xx_hal_flash.o
HAL_FLASH_Program_IT                              build/stm32f0xx_hal_flash.o
HAL_FLASH_Unlock                                  build/stm32f0xx_hal_flash.o
HAL_GPIO_DeInit                                   build/stm32f0xx_hal_gpio.o
                                                  build/i2c.o
                                                  build/can.o
HAL_GPIO_EXTI_Callback                            build/stm32f0xx_hal_gpio.o
HAL_GPIO_EXTI_IRQHandler                          build/stm32f0xx_hal_gpio.o
HAL_GPIO_Init                                     build/stm32f0xx_hal_gpio.o
                                                  build/i2c.o
                                                  build/can.o
                                                  build/gpio.o
                                                  build/stm32f0xx_hal_rcc.o
HAL_GPIO_LockPin                                  build/stm32f0xx_hal_gpio.o
HAL_GPIO_ReadPin                                  build/stm32f0xx_hal_gpio.o
                                                  build/stop_pedal.o
HAL_GPIO_TogglePin                                build/stm32f0xx_hal_gpio.o
HAL_GPIO_WritePin                                 build/stm32f0xx_hal_gpio.o
                                                  build/gpio.o
HAL_GetDEVID                                      build/stm32f0xx_hal.o
HAL_GetHalVersion                                 build/stm32f0xx_hal.o
HAL_GetREVID                                      build/stm32f0xx_hal.o
HAL_GetTick                                       build/stm32f0xx_hal.o
                                                  build/CANhandler.o
                                                  build/stm32f0xx_hal_i2c.o
                                                  build/stm32f0xx_hal_rcc_ex.o
                                                  build/stm32f0xx_hal_dma.o
                                                  build/stm32f0xx_hal_can.o
                                                  build/main.o
                                                  build/stm32f0xx_hal_rcc.o
                                                  build/stm32f0xx_hal_flash.o
HAL_GetUIDw0                                      build/stm32f0xx_hal.o
HAL_GetUIDw1                                      build/stm32f0xx_hal.o
HAL_GetUIDw2                                      build/stm32f0xx_hal.o
HAL_I2CEx_ConfigAnalogFilter                      build/stm32f0xx_hal_i2c_ex.o
                                                  build/i2c.o
HAL_I2CEx_ConfigDigitalFilter                     build/stm32f0xx_hal_i2c_ex.o
                                                  build/i2c.o
HAL_I2CEx_DisableFastModePlus                     build/stm32f0xx_hal_i2c_ex.o
HAL_I2CEx_DisableWakeUp                           build/stm32f0xx_hal_i2c_ex.o
HAL_I2CEx_EnableFastModePlus                      build/stm32f0xx_hal_i2c_ex.o
HAL_I2CEx_EnableWakeUp                            build/stm32f0xx_hal_i2c_ex.o
HAL_I2C_AbortCpltCallback                         build/stm32f0xx_hal_i2c.o
HAL_I2C_AddrCallback                              build/stm32f0xx_hal_i2c.o
HAL_I2C_DeInit                                    build/stm32f0xx_hal_i2c.o
HAL_I2C_DisableListen_IT                          build/stm32f0xx_hal_i2c.o
HAL_I2C_ER_IRQHandler                             build/stm32f0xx_hal_i2c.o
HAL_I2C_EV_IRQHandler                             build/stm32f0xx_hal_i2c.o
HAL_I2C_EnableListen_IT                           build/stm32f0xx_hal_i2c.o
HAL_I2C_ErrorCallback                             build/stm32f0xx_hal_i2c.o
HAL_I2C_GetError                                  build/stm32f0xx_hal_i2c.o
HAL_I2C_GetMode                                   build/stm32f0xx_hal_i2c.o
HAL_I2C_GetState                                  build/stm32f0xx_hal_i2c.o
HAL_I2C_Init                                      build/stm32f0xx_hal_i2c.o
                                                  build/i2c.o
HAL_I2C_IsDeviceReady                             build/stm32f0xx_hal_i2c.o
                                                  build/tm_stm32_mpu6050.o
HAL_I2C_ListenCpltCallback                        build/stm32f0xx_hal_i2c.o
HAL_I2C_MasterRxCpltCallback                      build/stm32f0xx_hal_i2c.o
HAL_I2C_MasterTxCpltCallback                      build/stm32f0xx_hal_i2c.o
HAL_I2C_Master_Abort_IT                           build/stm32f0xx_hal_i2c.o
HAL_I2C_Master_Receive                            build/stm32f0xx_hal_i2c.o
HAL_I2C_Master_Receive_DMA                        build/stm32f0xx_hal_i2c.o
HAL_I2C_Master_Receive_IT                         build/stm32f0xx_hal_i2c.o
HAL_I2C_Master_Sequential_Receive_IT              build/stm32f0xx_hal_i2c.o
HAL_I2C_Master_Sequential_Transmit_IT             build/stm32f0xx_hal_i2c.o
HAL_I2C_Master_Transmit                           build/stm32f0xx_hal_i2c.o
                                                  build/tm_stm32_mpu6050.o
HAL_I2C_Master_Transmit_DMA                       build/stm32f0xx_hal_i2c.o
HAL_I2C_Master_Transmit_IT                        build/stm32f0xx_hal_i2c.o
HAL_I2C_MemRxCpltCallback                         build/stm32f0xx_hal_i2c.o
HAL_I2C_MemTxCpltCallback                         build/stm32f0xx_hal_i2c.o
HAL_I2C_Mem_Read                                  build/stm32f0xx_hal_i2c.o
                                                  build/tm_stm32_mpu6050.o
HAL_I2C_Mem_Read_DMA                              build/stm32f0xx_hal_i2c.o
HAL_I2C_Mem_Read_IT                               build/stm32f0xx_hal_i2c.o
HAL_I2C_Mem_Write                                 build/stm32f0xx_hal_i2c.o
                                                  build/tm_stm32_mpu6050.o
HAL_I2C_Mem_Write_DMA                             build/stm32f0xx_hal_i2c.o
HAL_I2C_Mem_Write_IT                              build/stm32f0xx_hal_i2c.o
HAL_I2C_MspDeInit                                 build/i2c.o
HAL_I2C_MspInit                                   build/i2c.o
HAL_I2C_SlaveRxCpltCallback                       build/stm32f0xx_hal_i2c.o
HAL_I2C_SlaveTxCpltCallback                       build/stm32f0xx_hal_i2c.o
HAL_I2C_Slave_Receive                             build/stm32f0xx_hal_i2c.o
HAL_I2C_Slave_Receive_DMA                         build/stm32f0xx_hal_i2c.o
HAL_I2C_Slave_Receive_IT                          build/stm32f0xx_hal_i2c.o
HAL_I2C_Slave_Sequential_Receive_IT               build/stm32f0xx_hal_i2c.o
HAL_I2C_Slave_Sequential_Transmit_IT              build/stm32f0xx_hal_i2c.o
HAL_I2C_Slave_Transmit                            build/stm32f0xx_hal_i2c.o
HAL_I2C_Slave_Transmit_DMA                        build/stm32f0xx_hal_i2c.o
HAL_I2C_Slave_Transmit_IT                         build/stm32f0xx_hal_i2c.o
HAL_IncTick                                       build/stm32f0xx_hal.o
                                                  build/stm32f0xx_it.o
HAL_Init                                          build/stm32f0xx_hal.o
                                                  build/main.o
HAL_InitTick                                      build/stm32f0xx_hal.o
                                                  build/stm32f0xx_hal_rcc.o
HAL_MspDeInit                                     build/stm32f0xx_hal.o
HAL_MspInit                                       build/stm32f0xx_hal_msp.o
                                                  build/stm32f0xx_hal.o
HAL_NVIC_ClearPendingIRQ                          build/stm32f0xx_hal_cortex.o
HAL_NVIC_DisableIRQ                               build/stm32f0xx_hal_cortex.o
                                                  build/tim.o
                                                  build/can.o
HAL_NVIC_EnableIRQ                                build/stm32f0xx_hal_cortex.o
                                                  build/tim.o
                                                  build/can.o
HAL_NVIC_GetPendingIRQ                            build/stm32f0xx_hal_cortex.o
HAL_NVIC_GetPriority                              build/stm32f0xx_hal_cortex.o
HAL_NVIC_SetPendingIRQ                            build/stm32f0xx_hal_cortex.o
HAL_NVIC_SetPriority                              build/stm32f0xx_hal_cortex.o
                                                  build/stm32f0xx_hal_msp.o
                                                  build/tim.o
                                                  build/can.o
                                                  build/main.o
                                                  build/stm32f0xx_hal.o
HAL_NVIC_SystemReset                              build/stm32f0xx_hal_cortex.o
HAL_PWREx_DisableVddio2Monitor                    build/stm32f0xx_hal_pwr_ex.o
HAL_PWREx_EnableVddio2Monitor                     build/stm32f0xx_hal_pwr_ex.o
HAL_PWREx_Vddio2MonitorCallback                   build/stm32f0xx_hal_pwr_ex.o
HAL_PWREx_Vddio2Monitor_IRQHandler                build/stm32f0xx_hal_pwr_ex.o
HAL_PWR_ConfigPVD                                 build/stm32f0xx_hal_pwr_ex.o
HAL_PWR_DeInit                                    build/stm32f0xx_hal_pwr.o
HAL_PWR_DisableBkUpAccess                         build/stm32f0xx_hal_pwr.o
HAL_PWR_DisablePVD                                build/stm32f0xx_hal_pwr_ex.o
HAL_PWR_DisableSEVOnPend                          build/stm32f0xx_hal_pwr.o
HAL_PWR_DisableSleepOnExit                        build/stm32f0xx_hal_pwr.o
HAL_PWR_DisableWakeUpPin                          build/stm32f0xx_hal_pwr.o
HAL_PWR_EnableBkUpAccess                          build/stm32f0xx_hal_pwr.o
HAL_PWR_EnablePVD                                 build/stm32f0xx_hal_pwr_ex.o
HAL_PWR_EnableSEVOnPend                           build/stm32f0xx_hal_pwr.o
HAL_PWR_EnableSleepOnExit                         build/stm32f0xx_hal_pwr.o
HAL_PWR_EnableWakeUpPin                           build/stm32f0xx_hal_pwr.o
HAL_PWR_EnterSLEEPMode                            build/stm32f0xx_hal_pwr.o
HAL_PWR_EnterSTANDBYMode                          build/stm32f0xx_hal_pwr.o
HAL_PWR_EnterSTOPMode                             build/stm32f0xx_hal_pwr.o
HAL_PWR_PVDCallback                               build/stm32f0xx_hal_pwr_ex.o
HAL_PWR_PVD_IRQHandler                            build/stm32f0xx_hal_pwr_ex.o
HAL_RCCEx_CRSConfig                               build/stm32f0xx_hal_rcc_ex.o
HAL_RCCEx_CRSGetSynchronizationInfo               build/stm32f0xx_hal_rcc_ex.o
HAL_RCCEx_CRSSoftwareSynchronizationGenerate      build/stm32f0xx_hal_rcc_ex.o
HAL_RCCEx_CRSWaitSynchronization                  build/stm32f0xx_hal_rcc_ex.o
HAL_RCCEx_CRS_ErrorCallback                       build/stm32f0xx_hal_rcc_ex.o
HAL_RCCEx_CRS_ExpectedSyncCallback                build/stm32f0xx_hal_rcc_ex.o
HAL_RCCEx_CRS_IRQHandler                          build/stm32f0xx_hal_rcc_ex.o
HAL_RCCEx_CRS_SyncOkCallback                      build/stm32f0xx_hal_rcc_ex.o
HAL_RCCEx_CRS_SyncWarnCallback                    build/stm32f0xx_hal_rcc_ex.o
HAL_RCCEx_GetPeriphCLKConfig                      build/stm32f0xx_hal_rcc_ex.o
HAL_RCCEx_GetPeriphCLKFreq                        build/stm32f0xx_hal_rcc_ex.o
HAL_RCCEx_PeriphCLKConfig                         build/stm32f0xx_hal_rcc_ex.o
                                                  build/main.o
HAL_RCC_CSSCallback                               build/stm32f0xx_hal_rcc.o
HAL_RCC_ClockConfig                               build/stm32f0xx_hal_rcc.o
                                                  build/main.o
HAL_RCC_DeInit                                    build/stm32f0xx_hal_rcc.o
HAL_RCC_DisableCSS                                build/stm32f0xx_hal_rcc.o
HAL_RCC_EnableCSS                                 build/stm32f0xx_hal_rcc.o
                                                  build/main.o
HAL_RCC_GetClockConfig                            build/stm32f0xx_hal_rcc.o
HAL_RCC_GetHCLKFreq                               build/stm32f0xx_hal_rcc.o
                                                  build/main.o
                                                  build/stm32f0xx_hal.o
HAL_RCC_GetOscConfig                              build/stm32f0xx_hal_rcc.o
HAL_RCC_GetPCLK1Freq                              build/stm32f0xx_hal_rcc.o
                                                  build/stm32f0xx_hal_rcc_ex.o
HAL_RCC_GetSysClockFreq                           build/stm32f0xx_hal_rcc.o
                                                  build/stm32f0xx_hal_rcc_ex.o
HAL_RCC_MCOConfig                                 build/stm32f0xx_hal_rcc.o
HAL_RCC_NMI_IRQHandler                            build/stm32f0xx_hal_rcc.o
                                                  build/stm32f0xx_it.o
HAL_RCC_OscConfig                                 build/stm32f0xx_hal_rcc.o
                                                  build/main.o
HAL_ResumeTick                                    build/stm32f0xx_hal.o
HAL_SYSTICK_CLKSourceConfig                       build/stm32f0xx_hal_cortex.o
                                                  build/main.o
HAL_SYSTICK_Callback                              build/stm32f0xx_hal_cortex.o
HAL_SYSTICK_Config                                build/stm32f0xx_hal_cortex.o
                                                  build/main.o
                                                  build/stm32f0xx_hal.o
HAL_SYSTICK_IRQHandler                            build/stm32f0xx_hal_cortex.o
                                                  build/stm32f0xx_it.o
HAL_SuspendTick                                   build/stm32f0xx_hal.o
HAL_TIMEx_BreakCallback                           build/stm32f0xx_hal_tim_ex.o
                                                  build/stm32f0xx_hal_tim.o
HAL_TIMEx_CommutationCallback                     build/stm32f0xx_hal_tim_ex.o
                                                  build/stm32f0xx_hal_tim.o
HAL_TIMEx_ConfigBreakDeadTime                     build/stm32f0xx_hal_tim_ex.o
HAL_TIMEx_ConfigCommutationEvent                  build/stm32f0xx_hal_tim_ex.o
HAL_TIMEx_ConfigCommutationEvent_DMA              build/stm32f0xx_hal_tim_ex.o
HAL_TIMEx_ConfigCommutationEvent_IT               build/stm32f0xx_hal_tim_ex.o
HAL_TIMEx_HallSensor_DeInit                       build/stm32f0xx_hal_tim_ex.o
HAL_TIMEx_HallSensor_GetState                     build/stm32f0xx_hal_tim_ex.o
HAL_TIMEx_HallSensor_Init                         build/stm32f0xx_hal_tim_ex.o
HAL_TIMEx_HallSensor_MspDeInit                    build/stm32f0xx_hal_tim_ex.o
HAL_TIMEx_HallSensor_MspInit                      build/stm32f0xx_hal_tim_ex.o
HAL_TIMEx_HallSensor_Start                        build/stm32f0xx_hal_tim_ex.o
HAL_TIMEx_HallSensor_Start_DMA                    build/stm32f0xx_hal_tim_ex.o
HAL_TIMEx_HallSensor_Start_IT                     build/stm32f0xx_hal_tim_ex.o
HAL_TIMEx_HallSensor_Stop                         build/stm32f0xx_hal_tim_ex.o
HAL_TIMEx_HallSensor_Stop_DMA                     build/stm32f0xx_hal_tim_ex.o
HAL_TIMEx_HallSensor_Stop_IT                      build/stm32f0xx_hal_tim_ex.o
HAL_TIMEx_MasterConfigSynchronization             build/stm32f0xx_hal_tim_ex.o
HAL_TIMEx_OCN_Start                               build/stm32f0xx_hal_tim_ex.o
HAL_TIMEx_OCN_Start_DMA                           build/stm32f0xx_hal_tim_ex.o
HAL_TIMEx_OCN_Start_IT                            build/stm32f0xx_hal_tim_ex.o
HAL_TIMEx_OCN_Stop                                build/stm32f0xx_hal_tim_ex.o
HAL_TIMEx_OCN_Stop_DMA                            build/stm32f0xx_hal_tim_ex.o
HAL_TIMEx_OCN_Stop_IT                             build/stm32f0xx_hal_tim_ex.o
HAL_TIMEx_OnePulseN_Start                         build/stm32f0xx_hal_tim_ex.o
HAL_TIMEx_OnePulseN_Start_IT                      build/stm32f0xx_hal_tim_ex.o
HAL_TIMEx_OnePulseN_Stop                          build/stm32f0xx_hal_tim_ex.o
HAL_TIMEx_OnePulseN_Stop_IT                       build/stm32f0xx_hal_tim_ex.o
HAL_TIMEx_PWMN_Start                              build/stm32f0xx_hal_tim_ex.o
HAL_TIMEx_PWMN_Start_DMA                          build/stm32f0xx_hal_tim_ex.o
HAL_TIMEx_PWMN_Start_IT                           build/stm32f0xx_hal_tim_ex.o
HAL_TIMEx_PWMN_Stop                               build/stm32f0xx_hal_tim_ex.o
HAL_TIMEx_PWMN_Stop_DMA                           build/stm32f0xx_hal_tim_ex.o
HAL_TIMEx_PWMN_Stop_IT                            build/stm32f0xx_hal_tim_ex.o
HAL_TIMEx_RemapConfig                             build/stm32f0xx_hal_tim_ex.o
HAL_TIM_Base_DeInit                               build/stm32f0xx_hal_tim.o
HAL_TIM_Base_GetState                             build/stm32f0xx_hal_tim.o
HAL_TIM_Base_Init                                 build/stm32f0xx_hal_tim.o
                                                  build/tim.o
HAL_TIM_Base_MspDeInit                            build/tim.o
HAL_TIM_Base_MspInit                              build/tim.o
HAL_TIM_Base_Start                                build/stm32f0xx_hal_tim.o
HAL_TIM_Base_Start_DMA                            build/stm32f0xx_hal_tim.o
HAL_TIM_Base_Start_IT                             build/stm32f0xx_hal_tim.o
HAL_TIM_Base_Stop                                 build/stm32f0xx_hal_tim.o
HAL_TIM_Base_Stop_DMA                             build/stm32f0xx_hal_tim.o
HAL_TIM_Base_Stop_IT                              build/stm32f0xx_hal_tim.o
HAL_TIM_ConfigClockSource                         build/stm32f0xx_hal_tim.o
HAL_TIM_ConfigOCrefClear                          build/stm32f0xx_hal_tim.o
HAL_TIM_ConfigTI1Input                            build/stm32f0xx_hal_tim.o
HAL_TIM_DMABurst_MultiReadStart                   build/stm32f0xx_hal_tim.o
HAL_TIM_DMABurst_MultiWriteStart                  build/stm32f0xx_hal_tim.o
HAL_TIM_DMABurst_ReadStart                        build/stm32f0xx_hal_tim.o
HAL_TIM_DMABurst_ReadStop                         build/stm32f0xx_hal_tim.o
HAL_TIM_DMABurst_WriteStart                       build/stm32f0xx_hal_tim.o
HAL_TIM_DMABurst_WriteStop                        build/stm32f0xx_hal_tim.o
HAL_TIM_Encoder_DeInit                            build/stm32f0xx_hal_tim.o
HAL_TIM_Encoder_GetState                          build/stm32f0xx_hal_tim.o
HAL_TIM_Encoder_Init                              build/stm32f0xx_hal_tim.o
HAL_TIM_Encoder_MspDeInit                         build/stm32f0xx_hal_tim.o
HAL_TIM_Encoder_MspInit                           build/stm32f0xx_hal_tim.o
HAL_TIM_Encoder_Start                             build/stm32f0xx_hal_tim.o
HAL_TIM_Encoder_Start_DMA                         build/stm32f0xx_hal_tim.o
HAL_TIM_Encoder_Start_IT                          build/stm32f0xx_hal_tim.o
HAL_TIM_Encoder_Stop                              build/stm32f0xx_hal_tim.o
HAL_TIM_Encoder_Stop_DMA                          build/stm32f0xx_hal_tim.o
HAL_TIM_Encoder_Stop_IT                           build/stm32f0xx_hal_tim.o
HAL_TIM_ErrorCallback                             build/stm32f0xx_hal_tim.o
HAL_TIM_GenerateEvent                             build/stm32f0xx_hal_tim.o
HAL_TIM_IC_CaptureCallback                        build/stm32f0xx_hal_tim.o
HAL_TIM_IC_ConfigChannel                          build/stm32f0xx_hal_tim.o
HAL_TIM_IC_DeInit                                 build/stm32f0xx_hal_tim.o
HAL_TIM_IC_GetState                               build/stm32f0xx_hal_tim.o
HAL_TIM_IC_Init                                   build/stm32f0xx_hal_tim.o
HAL_TIM_IC_MspDeInit                              build/stm32f0xx_hal_tim.o
HAL_TIM_IC_MspInit                                build/stm32f0xx_hal_tim.o
HAL_TIM_IC_Start                                  build/stm32f0xx_hal_tim.o
HAL_TIM_IC_Start_DMA                              build/stm32f0xx_hal_tim.o
HAL_TIM_IC_Start_IT                               build/stm32f0xx_hal_tim.o
HAL_TIM_IC_Stop                                   build/stm32f0xx_hal_tim.o
HAL_TIM_IC_Stop_DMA                               build/stm32f0xx_hal_tim.o
HAL_TIM_IC_Stop_IT                                build/stm32f0xx_hal_tim.o
HAL_TIM_IRQHandler                                build/stm32f0xx_hal_tim.o
                                                  build/stm32f0xx_it.o
HAL_TIM_OC_ConfigChannel                          build/stm32f0xx_hal_tim.o
HAL_TIM_OC_DeInit                                 build/stm32f0xx_hal_tim.o
HAL_TIM_OC_DelayElapsedCallback                   build/stm32f0xx_hal_tim.o
HAL_TIM_OC_GetState                               build/stm32f0xx_hal_tim.o
HAL_TIM_OC_Init                                   build/stm32f0xx_hal_tim.o
HAL_TIM_OC_MspDeInit                              build/stm32f0xx_hal_tim.o
HAL_TIM_OC_MspInit                                build/stm32f0xx_hal_tim.o
HAL_TIM_OC_Start                                  build/stm32f0xx_hal_tim.o
HAL_TIM_OC_Start_DMA                              build/stm32f0xx_hal_tim.o
HAL_TIM_OC_Start_IT                               build/stm32f0xx_hal_tim.o
HAL_TIM_OC_Stop                                   build/stm32f0xx_hal_tim.o
HAL_TIM_OC_Stop_DMA                               build/stm32f0xx_hal_tim.o
HAL_TIM_OC_Stop_IT                                build/stm32f0xx_hal_tim.o
HAL_TIM_OnePulse_ConfigChannel                    build/stm32f0xx_hal_tim.o
HAL_TIM_OnePulse_DeInit                           build/stm32f0xx_hal_tim.o
HAL_TIM_OnePulse_GetState                         build/stm32f0xx_hal_tim.o
HAL_TIM_OnePulse_Init                             build/stm32f0xx_hal_tim.o
HAL_TIM_OnePulse_MspDeInit                        build/stm32f0xx_hal_tim.o
HAL_TIM_OnePulse_MspInit                          build/stm32f0xx_hal_tim.o
HAL_TIM_OnePulse_Start                            build/stm32f0xx_hal_tim.o
HAL_TIM_OnePulse_Start_IT                         build/stm32f0xx_hal_tim.o
HAL_TIM_OnePulse_Stop                             build/stm32f0xx_hal_tim.o
HAL_TIM_OnePulse_Stop_IT                          build/stm32f0xx_hal_tim.o
HAL_TIM_PWM_ConfigChannel                         build/stm32f0xx_hal_tim.o
HAL_TIM_PWM_DeInit                                build/stm32f0xx_hal_tim.o
HAL_TIM_PWM_GetState                              build/stm32f0xx_hal_tim.o
HAL_TIM_PWM_Init                                  build/stm32f0xx_hal_tim.o
HAL_TIM_PWM_MspDeInit                             build/stm32f0xx_hal_tim.o
HAL_TIM_PWM_MspInit                               build/stm32f0xx_hal_tim.o
HAL_TIM_PWM_PulseFinishedCallback                 build/stm32f0xx_hal_tim.o
HAL_TIM_PWM_Start                                 build/stm32f0xx_hal_tim.o
HAL_TIM_PWM_Start_DMA                             build/stm32f0xx_hal_tim.o
HAL_TIM_PWM_Start_IT                              build/stm32f0xx_hal_tim.o
HAL_TIM_PWM_Stop                                  build/stm32f0xx_hal_tim.o
HAL_TIM_PWM_Stop_DMA                              build/stm32f0xx_hal_tim.o
HAL_TIM_PWM_Stop_IT                               build/stm32f0xx_hal_tim.o
HAL_TIM_PeriodElapsedCallback                     build/tim.o
HAL_TIM_ReadCapturedValue                         build/stm32f0xx_hal_tim.o
HAL_TIM_SlaveConfigSynchronization                build/stm32f0xx_hal_tim.o
HAL_TIM_SlaveConfigSynchronization_IT             build/stm32f0xx_hal_tim.o
HAL_TIM_TriggerCallback                           build/stm32f0xx_hal_tim.o
HardFault_Handler                                 build/stm32f0xx_it.o
I2C1_IRQHandler                                   build/startup_stm32f042x6.o
MX_CAN_Init                                       build/can.o
                                                  build/main.o
MX_GPIO_Init                                      build/gpio.o
                                                  build/main.o
MX_I2C1_Init                                      build/i2c.o
                                                  build/tm_stm32_mpu6050.o
                                                  build/main.o
MX_TIM17_Init                                     build/tim.o
                                                  build/main.o
NMI_Handler                                       build/stm32f0xx_it.o
PVD_VDDIO2_IRQHandler                             build/startup_stm32f042x6.o
PendSV_Handler                                    build/stm32f0xx_it.o
RCC_CRS_IRQHandler                                build/startup_stm32f042x6.o
RTC_IRQHandler                                    build/startup_stm32f042x6.o
Reset_Handler                                     build/startup_stm32f042x6.o
SPI1_IRQHandler                                   build/startup_stm32f042x6.o
SPI2_IRQHandler                                   build/startup_stm32f042x6.o
SVC_Handler                                       build/stm32f0xx_it.o
StopPedal_Read                                    build/stop_pedal.o
                                                  build/tim.o
                                                  build/main.o
SubstractAxes                                     build/tm_stm32_mpu6050.o
SysTick_Handler                                   build/stm32f0xx_it.o
SystemClock_Config                                build/main.o
SystemCoreClock                                   build/system_stm32f0xx.o
                                                  build/stm32f0xx_hal_rcc.o
SystemCoreClockUpdate                             build/system_stm32f0xx.o
SystemInit                                        build/system_stm32f0xx.o
                                                  build/startup_stm32f042x6.o
TIM14_IRQHandler                                  build/startup_stm32f042x6.o
TIM16_IRQHandler                                  build/startup_stm32f042x6.o
TIM17_IRQHandler                                  build/stm32f0xx_it.o
TIM1_BRK_UP_TRG_COM_IRQHandler                    build/startup_stm32f042x6.o
TIM1_CC_IRQHandler                                build/startup_stm32f042x6.o
TIM2_IRQHandler                                   build/startup_stm32f042x6.o
TIM3_IRQHandler                                   build/startup_stm32f042x6.o
TIMEx_DMACommutationCplt                          build/stm32f0xx_hal_tim_ex.o
                                                  build/stm32f0xx_hal_tim.o
TIM_Base_SetConfig                                build/stm32f0xx_hal_tim.o
                                                  build/stm32f0xx_hal_tim_ex.o
TIM_CCxChannelCmd                                 build/stm32f0xx_hal_tim.o
                                                  build/stm32f0xx_hal_tim_ex.o
TIM_DMACaptureCplt                                build/stm32f0xx_hal_tim.o
                                                  build/stm32f0xx_hal_tim_ex.o
TIM_DMADelayPulseCplt                             build/stm32f0xx_hal_tim.o
                                                  build/stm32f0xx_hal_tim_ex.o
TIM_DMAError                                      build/stm32f0xx_hal_tim.o
                                                  build/stm32f0xx_hal_tim_ex.o
TIM_ETR_SetConfig                                 build/stm32f0xx_hal_tim.o
TIM_OC2_SetConfig                                 build/stm32f0xx_hal_tim.o
                                                  build/stm32f0xx_hal_tim_ex.o
TIM_TI1_SetConfig                                 build/stm32f0xx_hal_tim.o
                                                  build/stm32f0xx_hal_tim_ex.o
TM_MPU6050_CalcGyroAcc                            build/tm_stm32_mpu6050.o
TM_MPU6050_CalcMean                               build/tm_stm32_mpu6050.o
TM_MPU6050_CompensateRawData                      build/tm_stm32_mpu6050.o
TM_MPU6050_ConvToRad                              build/tm_stm32_mpu6050.o
TM_MPU6050_DisableInterrupts                      build/tm_stm32_mpu6050.o
TM_MPU6050_EnableInterrupts                       build/tm_stm32_mpu6050.o
                                                  build/main.o
TM_MPU6050_FastCallib                             build/tm_stm32_mpu6050.o
TM_MPU6050_GeneralCallib                          build/tm_stm32_mpu6050.o
                                                  build/main.o
TM_MPU6050_Init                                   build/tm_stm32_mpu6050.o
                                                  build/main.o
TM_MPU6050_ReadAccelerometer                      build/tm_stm32_mpu6050.o
TM_MPU6050_ReadAll                                build/tm_stm32_mpu6050.o
TM_MPU6050_ReadGyroscope                          build/tm_stm32_mpu6050.o
TM_MPU6050_ReadInterrupts                         build/tm_stm32_mpu6050.o
TM_MPU6050_ReadTemperature                        build/tm_stm32_mpu6050.o
TM_MPU6050_SetAccelerometer                       build/tm_stm32_mpu6050.o
TM_MPU6050_SetDataRate                            build/tm_stm32_mpu6050.o
TM_MPU6050_SetDigitalLowPassFilter                build/tm_stm32_mpu6050.o
TM_MPU6050_SetGyroscope                           build/tm_stm32_mpu6050.o
TSC_IRQHandler                                    build/startup_stm32f042x6.o
USART1_IRQHandler                                 build/startup_stm32f042x6.o
USART2_IRQHandler                                 build/startup_stm32f042x6.o
USB_IRQHandler                                    build/startup_stm32f042x6.o
WWDG_IRQHandler                                   build/startup_stm32f042x6.o
ZeroAxes                                          build/tm_stm32_mpu6050.o
_Error_Handler                                    build/main.o
                                                  build/tim.o
                                                  build/i2c.o
                                                  build/can.o
_Jv_RegisterClasses                               c:/program files (x86)/gnu tools arm embedded/6 2017-q2-update/bin/../lib/gcc/arm-none-eabi/6.3.1/thumb/v6-m/crtbegin.o
__aeabi_cdcmpeq                                   c:/program files (x86)/gnu tools arm embedded/6 2017-q2-update/bin/../lib/gcc/arm-none-eabi/6.3.1/thumb/v6-m\libgcc.a(_arm_cmpdf2.o)
__aeabi_cdcmple                                   c:/program files (x86)/gnu tools arm embedded/6 2017-q2-update/bin/../lib/gcc/arm-none-eabi/6.3.1/thumb/v6-m\libgcc.a(_arm_cmpdf2.o)
__aeabi_cdrcmple                                  c:/program files (x86)/gnu tools arm embedded/6 2017-q2-update/bin/../lib/gcc/arm-none-eabi/6.3.1/thumb/v6-m\libgcc.a(_arm_cmpdf2.o)
__aeabi_d2iz                                      c:/program files (x86)/gnu tools arm embedded/6 2017-q2-update/bin/../lib/gcc/arm-none-eabi/6.3.1/thumb/v6-m\libgcc.a(fixdfsi.o)
                                                  build/tm_stm32_mpu6050.o
__aeabi_dadd                                      c:/program files (x86)/gnu tools arm embedded/6 2017-q2-update/bin/../lib/gcc/arm-none-eabi/6.3.1/thumb/v6-m\libgcc.a(adddf3.o)
                                                  build/tm_stm32_mpu6050.o
__aeabi_dcmpeq                                    c:/program files (x86)/gnu tools arm embedded/6 2017-q2-update/bin/../lib/gcc/arm-none-eabi/6.3.1/thumb/v6-m\libgcc.a(_arm_cmpdf2.o)
__aeabi_dcmpge                                    c:/program files (x86)/gnu tools arm embedded/6 2017-q2-update/bin/../lib/gcc/arm-none-eabi/6.3.1/thumb/v6-m\libgcc.a(_arm_cmpdf2.o)
__aeabi_dcmpgt                                    c:/program files (x86)/gnu tools arm embedded/6 2017-q2-update/bin/../lib/gcc/arm-none-eabi/6.3.1/thumb/v6-m\libgcc.a(_arm_cmpdf2.o)
                                                  build/tm_stm32_mpu6050.o
__aeabi_dcmple                                    c:/program files (x86)/gnu tools arm embedded/6 2017-q2-update/bin/../lib/gcc/arm-none-eabi/6.3.1/thumb/v6-m\libgcc.a(_arm_cmpdf2.o)
__aeabi_dcmplt                                    c:/program files (x86)/gnu tools arm embedded/6 2017-q2-update/bin/../lib/gcc/arm-none-eabi/6.3.1/thumb/v6-m\libgcc.a(_arm_cmpdf2.o)
__aeabi_ddiv                                      c:/program files (x86)/gnu tools arm embedded/6 2017-q2-update/bin/../lib/gcc/arm-none-eabi/6.3.1/thumb/v6-m\libgcc.a(divdf3.o)
                                                  build/tm_stm32_mpu6050.o
__aeabi_dmul                                      c:/program files (x86)/gnu tools arm embedded/6 2017-q2-update/bin/../lib/gcc/arm-none-eabi/6.3.1/thumb/v6-m\libgcc.a(muldf3.o)
                                                  build/tm_stm32_mpu6050.o
__aeabi_dsub                                      c:/program files (x86)/gnu tools arm embedded/6 2017-q2-update/bin/../lib/gcc/arm-none-eabi/6.3.1/thumb/v6-m\libgcc.a(subdf3.o)
                                                  build/tm_stm32_mpu6050.o
__aeabi_i2d                                       c:/program files (x86)/gnu tools arm embedded/6 2017-q2-update/bin/../lib/gcc/arm-none-eabi/6.3.1/thumb/v6-m\libgcc.a(floatsidf.o)
                                                  build/tm_stm32_mpu6050.o
__aeabi_idiv0                                     c:/program files (x86)/gnu tools arm embedded/6 2017-q2-update/bin/../lib/gcc/arm-none-eabi/6.3.1/thumb/v6-m\libgcc.a(_dvmd_tls.o)
                                                  c:/program files (x86)/gnu tools arm embedded/6 2017-q2-update/bin/../lib/gcc/arm-none-eabi/6.3.1/thumb/v6-m\libgcc.a(_udivsi3.o)
__aeabi_ldiv0                                     c:/program files (x86)/gnu tools arm embedded/6 2017-q2-update/bin/../lib/gcc/arm-none-eabi/6.3.1/thumb/v6-m\libgcc.a(_dvmd_tls.o)
__aeabi_uidiv                                     c:/program files (x86)/gnu tools arm embedded/6 2017-q2-update/bin/../lib/gcc/arm-none-eabi/6.3.1/thumb/v6-m\libgcc.a(_udivsi3.o)
                                                  c:/program files (x86)/gnu tools arm embedded/6 2017-q2-update/bin/../lib/gcc/arm-none-eabi/6.3.1/thumb/v6-m\libgcc.a(divdf3.o)
                                                  build/system_stm32f0xx.o
                                                  build/stm32f0xx_hal_rcc_ex.o
                                                  build/stm32f0xx_hal_dma.o
                                                  build/main.o
                                                  build/stm32f0xx_hal_rcc.o
                                                  build/stm32f0xx_hal.o
__aeabi_uidivmod                                  c:/program files (x86)/gnu tools arm embedded/6 2017-q2-update/bin/../lib/gcc/arm-none-eabi/6.3.1/thumb/v6-m\libgcc.a(_udivsi3.o)
                                                  c:/program files (x86)/gnu tools arm embedded/6 2017-q2-update/bin/../lib/gcc/arm-none-eabi/6.3.1/thumb/v6-m\libgcc.a(divdf3.o)
__bss_end__                                       c:/program files (x86)/gnu tools arm embedded/6 2017-q2-update/bin/../lib/gcc/arm-none-eabi/6.3.1/../../../../arm-none-eabi/lib/thumb/v6-m/crt0.o
__bss_start__                                     c:/program files (x86)/gnu tools arm embedded/6 2017-q2-update/bin/../lib/gcc/arm-none-eabi/6.3.1/../../../../arm-none-eabi/lib/thumb/v6-m/crt0.o
__call_exitprocs                                  c:/program files (x86)/gnu tools arm embedded/6 2017-q2-update/bin/../lib/gcc/arm-none-eabi/6.3.1/../../../../arm-none-eabi/lib/thumb/v6-m\libc_nano.a(lib_a-exit.o)
__clzsi2                                          c:/program files (x86)/gnu tools arm embedded/6 2017-q2-update/bin/../lib/gcc/arm-none-eabi/6.3.1/thumb/v6-m\libgcc.a(_clzsi2.o)
                                                  c:/program files (x86)/gnu tools arm embedded/6 2017-q2-update/bin/../lib/gcc/arm-none-eabi/6.3.1/thumb/v6-m\libgcc.a(floatsidf.o)
                                                  c:/program files (x86)/gnu tools arm embedded/6 2017-q2-update/bin/../lib/gcc/arm-none-eabi/6.3.1/thumb/v6-m\libgcc.a(subdf3.o)
                                                  c:/program files (x86)/gnu tools arm embedded/6 2017-q2-update/bin/../lib/gcc/arm-none-eabi/6.3.1/thumb/v6-m\libgcc.a(muldf3.o)
                                                  c:/program files (x86)/gnu tools arm embedded/6 2017-q2-update/bin/../lib/gcc/arm-none-eabi/6.3.1/thumb/v6-m\libgcc.a(divdf3.o)
                                                  c:/program files (x86)/gnu tools arm embedded/6 2017-q2-update/bin/../lib/gcc/arm-none-eabi/6.3.1/thumb/v6-m\libgcc.a(adddf3.o)
__deregister_frame_info                           c:/program files (x86)/gnu tools arm embedded/6 2017-q2-update/bin/../lib/gcc/arm-none-eabi/6.3.1/thumb/v6-m/crtbegin.o
__dso_handle                                      c:/program files (x86)/gnu tools arm embedded/6 2017-q2-update/bin/../lib/gcc/arm-none-eabi/6.3.1/thumb/v6-m/crtbegin.o
__eqdf2                                           c:/program files (x86)/gnu tools arm embedded/6 2017-q2-update/bin/../lib/gcc/arm-none-eabi/6.3.1/thumb/v6-m\libgcc.a(eqdf2.o)
                                                  c:/program files (x86)/gnu tools arm embedded/6 2017-q2-update/bin/../lib/gcc/arm-none-eabi/6.3.1/thumb/v6-m\libgcc.a(_arm_cmpdf2.o)
__gedf2                                           c:/program files (x86)/gnu tools arm embedded/6 2017-q2-update/bin/../lib/gcc/arm-none-eabi/6.3.1/thumb/v6-m\libgcc.a(gedf2.o)
                                                  c:/program files (x86)/gnu tools arm embedded/6 2017-q2-update/bin/../lib/gcc/arm-none-eabi/6.3.1/thumb/v6-m\libgcc.a(_arm_cmpdf2.o)
__gtdf2                                           c:/program files (x86)/gnu tools arm embedded/6 2017-q2-update/bin/../lib/gcc/arm-none-eabi/6.3.1/thumb/v6-m\libgcc.a(gedf2.o)
__init_array_end                                  c:/program files (x86)/gnu tools arm embedded/6 2017-q2-update/bin/../lib/gcc/arm-none-eabi/6.3.1/../../../../arm-none-eabi/lib/thumb/v6-m\libc_nano.a(lib_a-init.o)
__init_array_start                                c:/program files (x86)/gnu tools arm embedded/6 2017-q2-update/bin/../lib/gcc/arm-none-eabi/6.3.1/../../../../arm-none-eabi/lib/thumb/v6-m\libc_nano.a(lib_a-init.o)
__ledf2                                           c:/program files (x86)/gnu tools arm embedded/6 2017-q2-update/bin/../lib/gcc/arm-none-eabi/6.3.1/thumb/v6-m\libgcc.a(ledf2.o)
                                                  c:/program files (x86)/gnu tools arm embedded/6 2017-q2-update/bin/../lib/gcc/arm-none-eabi/6.3.1/thumb/v6-m\libgcc.a(_arm_cmpdf2.o)
__libc_fini_array                                 c:/program files (x86)/gnu tools arm embedded/6 2017-q2-update/bin/../lib/gcc/arm-none-eabi/6.3.1/../../../../arm-none-eabi/lib/thumb/v6-m/crt0.o
__libc_init_array                                 c:/program files (x86)/gnu tools arm embedded/6 2017-q2-update/bin/../lib/gcc/arm-none-eabi/6.3.1/../../../../arm-none-eabi/lib/thumb/v6-m\libc_nano.a(lib_a-init.o)
                                                  build/startup_stm32f042x6.o
                                                  c:/program files (x86)/gnu tools arm embedded/6 2017-q2-update/bin/../lib/gcc/arm-none-eabi/6.3.1/../../../../arm-none-eabi/lib/thumb/v6-m/crt0.o
__ltdf2                                           c:/program files (x86)/gnu tools arm embedded/6 2017-q2-update/bin/../lib/gcc/arm-none-eabi/6.3.1/thumb/v6-m\libgcc.a(ledf2.o)
__nedf2                                           c:/program files (x86)/gnu tools arm embedded/6 2017-q2-update/bin/../lib/gcc/arm-none-eabi/6.3.1/thumb/v6-m\libgcc.a(eqdf2.o)
__preinit_array_end                               c:/program files (x86)/gnu tools arm embedded/6 2017-q2-update/bin/../lib/gcc/arm-none-eabi/6.3.1/../../../../arm-none-eabi/lib/thumb/v6-m\libc_nano.a(lib_a-init.o)
__preinit_array_start                             c:/program files (x86)/gnu tools arm embedded/6 2017-q2-update/bin/../lib/gcc/arm-none-eabi/6.3.1/../../../../arm-none-eabi/lib/thumb/v6-m\libc_nano.a(lib_a-init.o)
__register_frame_info                             c:/program files (x86)/gnu tools arm embedded/6 2017-q2-update/bin/../lib/gcc/arm-none-eabi/6.3.1/thumb/v6-m/crtbegin.o
__sf_fake_stderr                                  c:/program files (x86)/gnu tools arm embedded/6 2017-q2-update/bin/../lib/gcc/arm-none-eabi/6.3.1/../../../../arm-none-eabi/lib/thumb/v6-m\libc_nano.a(lib_a-impure.o)
__sf_fake_stdin                                   c:/program files (x86)/gnu tools arm embedded/6 2017-q2-update/bin/../lib/gcc/arm-none-eabi/6.3.1/../../../../arm-none-eabi/lib/thumb/v6-m\libc_nano.a(lib_a-impure.o)
__sf_fake_stdout                                  c:/program files (x86)/gnu tools arm embedded/6 2017-q2-update/bin/../lib/gcc/arm-none-eabi/6.3.1/../../../../arm-none-eabi/lib/thumb/v6-m\libc_nano.a(lib_a-impure.o)
__stack                                           c:/program files (x86)/gnu tools arm embedded/6 2017-q2-update/bin/../lib/gcc/arm-none-eabi/6.3.1/../../../../arm-none-eabi/lib/thumb/v6-m/crt0.o
__udivsi3                                         c:/program files (x86)/gnu tools arm embedded/6 2017-q2-update/bin/../lib/gcc/arm-none-eabi/6.3.1/thumb/v6-m\libgcc.a(_udivsi3.o)
_ebss                                             build/startup_stm32f042x6.o
_edata                                            build/startup_stm32f042x6.o
_estack                                           build/startup_stm32f042x6.o
_exit                                             c:/program files (x86)/gnu tools arm embedded/6 2017-q2-update/bin/../lib/gcc/arm-none-eabi/6.3.1/../../../../arm-none-eabi/lib/thumb/v6-m\libnosys.a(_exit.o)
                                                  c:/program files (x86)/gnu tools arm embedded/6 2017-q2-update/bin/../lib/gcc/arm-none-eabi/6.3.1/../../../../arm-none-eabi/lib/thumb/v6-m\libc_nano.a(lib_a-exit.o)
_fini                                             c:/program files (x86)/gnu tools arm embedded/6 2017-q2-update/bin/../lib/gcc/arm-none-eabi/6.3.1/thumb/v6-m/crti.o
_global_impure_ptr                                c:/program files (x86)/gnu tools arm embedded/6 2017-q2-update/bin/../lib/gcc/arm-none-eabi/6.3.1/../../../../arm-none-eabi/lib/thumb/v6-m\libc_nano.a(lib_a-impure.o)
                                                  c:/program files (x86)/gnu tools arm embedded/6 2017-q2-update/bin/../lib/gcc/arm-none-eabi/6.3.1/../../../../arm-none-eabi/lib/thumb/v6-m\libc_nano.a(lib_a-exit.o)
_impure_ptr                                       c:/program files (x86)/gnu tools arm embedded/6 2017-q2-update/bin/../lib/gcc/arm-none-eabi/6.3.1/../../../../arm-none-eabi/lib/thumb/v6-m\libc_nano.a(lib_a-impure.o)
_init                                             c:/program files (x86)/gnu tools arm embedded/6 2017-q2-update/bin/../lib/gcc/arm-none-eabi/6.3.1/thumb/v6-m/crti.o
                                                  c:/program files (x86)/gnu tools arm embedded/6 2017-q2-update/bin/../lib/gcc/arm-none-eabi/6.3.1/../../../../arm-none-eabi/lib/thumb/v6-m\libc_nano.a(lib_a-init.o)
_mainCRTStartup                                   c:/program files (x86)/gnu tools arm embedded/6 2017-q2-update/bin/../lib/gcc/arm-none-eabi/6.3.1/../../../../arm-none-eabi/lib/thumb/v6-m/crt0.o
_sbss                                             build/startup_stm32f042x6.o
_sdata                                            build/startup_stm32f042x6.o
_sidata                                           build/startup_stm32f042x6.o
_start                                            c:/program files (x86)/gnu tools arm embedded/6 2017-q2-update/bin/../lib/gcc/arm-none-eabi/6.3.1/../../../../arm-none-eabi/lib/thumb/v6-m/crt0.o
atexit                                            c:/program files (x86)/gnu tools arm embedded/6 2017-q2-update/bin/../lib/gcc/arm-none-eabi/6.3.1/../../../../arm-none-eabi/lib/thumb/v6-m/crt0.o
exit                                              c:/program files (x86)/gnu tools arm embedded/6 2017-q2-update/bin/../lib/gcc/arm-none-eabi/6.3.1/../../../../arm-none-eabi/lib/thumb/v6-m\libc_nano.a(lib_a-exit.o)
                                                  c:/program files (x86)/gnu tools arm embedded/6 2017-q2-update/bin/../lib/gcc/arm-none-eabi/6.3.1/../../../../arm-none-eabi/lib/thumb/v6-m/crt0.o
filterConfig                                      build/CANhandler.o
g_pfnVectors                                      build/startup_stm32f042x6.o
handle                                            build/CANhandler.o
                                                  build/main.o
hardware_init_hook                                c:/program files (x86)/gnu tools arm embedded/6 2017-q2-update/bin/../lib/gcc/arm-none-eabi/6.3.1/../../../../arm-none-eabi/lib/thumb/v6-m/crt0.o
hcan                                              build/can.o
                                                  build/CANhandler.o
                                                  build/stm32f0xx_it.o
hi2c1                                             build/i2c.o
                                                  build/tm_stm32_mpu6050.o
htim17                                            build/tim.o
                                                  build/stm32f0xx_it.o
intPending                                        build/CANhandler.o
main                                              build/main.o
                                                  build/startup_stm32f042x6.o
                                                  c:/program files (x86)/gnu tools arm embedded/6 2017-q2-update/bin/../lib/gcc/arm-none-eabi/6.3.1/../../../../arm-none-eabi/lib/thumb/v6-m/crt0.o